08-20 11:50:23.196 14850 14911 E AndroidRuntime: Caused by: java.lang.reflect.InvocationTargetException
08-20 11:50:23.196 14850 14911 E AndroidRuntime: 	at java.lang.reflect.Method.invoke(Native Method)
08-20 11:50:23.196 14850 14911 E AndroidRuntime: 	at com.getcapacitor.PluginHandle.invoke(PluginHandle.java:138)
08-20 11:50:23.196 14850 14911 E AndroidRuntime: 	at com.getcapacitor.Bridge.lambda$callPluginMethod$0(Bridge.java:844)
08-20 11:50:23.196 14850 14911 E AndroidRuntime: 	... 7 more
08-20 11:50:23.196 14850 14911 E AndroidRuntime: Caused by: java.lang.IllegalStateException: Default FirebaseApp is not initialized in this process io.ionic.starter. Make sure to call FirebaseApp.initializeApp(Context) first.
08-20 11:50:23.196 14850 14911 E AndroidRuntime: 	at com.google.firebase.FirebaseApp.getInstance(FirebaseApp.java:179)
08-20 11:50:23.196 14850 14911 E AndroidRuntime: 	at com.google.firebase.messaging.FirebaseMessaging.getInstance(FirebaseMessaging.java:120)
08-20 11:50:23.196 14850 14911 E AndroidRuntime: 	at com.capacitorjs.plugins.pushnotifications.PushNotificationsPlugin.register(PushNotificationsPlugin.java:103)
08-20 11:50:23.196 14850 14911 E AndroidRuntime: 	... 10 more
08-20 11:50:37.336 15037 15102 E AndroidRuntime: FATAL EXCEPTION: CapacitorPlugins
08-20 11:50:37.336 15037 15102 E AndroidRuntime: Process: io.ionic.starter, PID: 15037
08-20 11:50:37.336 15037 15102 E AndroidRuntime: java.lang.RuntimeException: java.lang.reflect.InvocationTargetException
08-20 11:50:37.336 15037 15102 E AndroidRuntime: 	at com.getcapacitor.Bridge.lambda$callPluginMethod$0(Bridge.java:853)
08-20 11:50:37.336 15037 15102 E AndroidRuntime: 	at com.getcapacitor.Bridge.$r8$lambda$FNYM7cvgeBk0k8YXQH7M96Mrf-c(Unknown Source:0)
08-20 11:50:37.336 15037 15102 E AndroidRuntime: 	at com.getcapacitor.Bridge$$ExternalSyntheticLambda0.run(D8$$SyntheticClass:0)
08-20 11:50:37.336 15037 15102 E AndroidRuntime: 	at android.os.Handler.handleCallback(Handler.java:1001)
08-20 11:50:37.336 15037 15102 E AndroidRuntime: 	at android.os.Handler.dispatchMessage(Handler.java:105)
08-20 11:50:37.336 15037 15102 E AndroidRuntime: 	at android.os.Looper.loopOnce(Looper.java:268)
08-20 11:50:37.336 15037 15102 E AndroidRuntime: 	at android.os.Looper.loop(Looper.java:384)
08-20 11:50:37.336 15037 15102 E AndroidRuntime: 	at android.os.HandlerThread.run(HandlerThread.java:103)
08-20 11:50:37.336 15037 15102 E AndroidRuntime: Caused by: java.lang.reflect.InvocationTargetException
08-20 11:50:37.336 15037 15102 E AndroidRuntime: 	at java.lang.reflect.Method.invoke(Native Method)
08-20 11:50:37.336 15037 15102 E AndroidRuntime: 	at com.getcapacitor.PluginHandle.invoke(PluginHandle.java:138)
08-20 11:50:37.336 15037 15102 E AndroidRuntime: 	at com.getcapacitor.Bridge.lambda$callPluginMethod$0(Bridge.java:844)
08-20 11:50:37.336 15037 15102 E AndroidRuntime: 	... 7 more
08-20 11:50:37.336 15037 15102 E AndroidRuntime: Caused by: java.lang.IllegalStateException: Default FirebaseApp is not initialized in this process io.ionic.starter. Make sure to call FirebaseApp.initializeApp(Context) first.
08-20 11:50:37.336 15037 15102 E AndroidRuntime: 	at com.google.firebase.FirebaseApp.getInstance(FirebaseApp.java:179)
08-20 11:50:37.336 15037 15102 E AndroidRuntime: 	at com.google.firebase.messaging.FirebaseMessaging.getInstance(FirebaseMessaging.java:120)
08-20 11:50:37.336 15037 15102 E AndroidRuntime: 	at com.capacitorjs.plugins.pushnotifications.PushNotificationsPlugin.register(PushNotificationsPlugin.java:103)
08-20 11:50:37.336 15037 15102 E AndroidRuntime: 	... 10 more
08-20 11:51:06.402 15513 15569 E AndroidRuntime: FATAL EXCEPTION: CapacitorPlugins
08-20 11:51:06.402 15513 15569 E AndroidRuntime: Process: io.ionic.starter, PID: 15513
08-20 11:51:06.402 15513 15569 E AndroidRuntime: java.lang.RuntimeException: java.lang.reflect.InvocationTargetException
08-20 11:51:06.402 15513 15569 E AndroidRuntime: 	at com.getcapacitor.Bridge.lambda$callPluginMethod$0(Bridge.java:853)
08-20 11:51:06.402 15513 15569 E AndroidRuntime: 	at com.getcapacitor.Bridge.$r8$lambda$FNYM7cvgeBk0k8YXQH7M96Mrf-c(Unknown Source:0)
08-20 11:51:06.402 15513 15569 E AndroidRuntime: 	at com.getcapacitor.Bridge$$ExternalSyntheticLambda0.run(D8$$SyntheticClass:0)
08-20 11:51:06.402 15513 15569 E AndroidRuntime: 	at android.os.Handler.handleCallback(Handler.java:1001)
08-20 11:51:06.402 15513 15569 E AndroidRuntime: 	at android.os.Handler.dispatchMessage(Handler.java:105)
08-20 11:51:06.402 15513 15569 E AndroidRuntime: 	at android.os.Looper.loopOnce(Looper.java:268)
08-20 11:51:06.402 15513 15569 E AndroidRuntime: 	at android.os.Looper.loop(Looper.java:384)
08-20 11:51:06.402 15513 15569 E AndroidRuntime: 	at android.os.HandlerThread.run(HandlerThread.java:103)
08-20 11:51:06.402 15513 15569 E AndroidRuntime: Caused by: java.lang.reflect.InvocationTargetException
08-20 11:51:06.402 15513 15569 E AndroidRuntime: 	at java.lang.reflect.Method.invoke(Native Method)
08-20 11:51:06.402 15513 15569 E AndroidRuntime: 	at com.getcapacitor.PluginHandle.invoke(PluginHandle.java:138)
08-20 11:51:06.402 15513 15569 E AndroidRuntime: 	at com.getcapacitor.Bridge.lambda$callPluginMethod$0(Bridge.java:844)
08-20 11:51:06.402 15513 15569 E AndroidRuntime: 	... 7 more
08-20 11:51:06.402 15513 15569 E AndroidRuntime: Caused by: java.lang.IllegalStateException: Default FirebaseApp is not initialized in this process io.ionic.starter. Make sure to call FirebaseApp.initializeApp(Context) first.
08-20 11:51:06.402 15513 15569 E AndroidRuntime: 	at com.google.firebase.FirebaseApp.getInstance(FirebaseApp.java:179)
08-20 11:51:06.402 15513 15569 E AndroidRuntime: 	at com.google.firebase.messaging.FirebaseMessaging.getInstance(FirebaseMessaging.java:120)
08-20 11:51:06.402 15513 15569 E AndroidRuntime: 	at com.capacitorjs.plugins.pushnotifications.PushNotificationsPlugin.register(PushNotificationsPlugin.java:103)
08-20 11:51:06.402 15513 15569 E AndroidRuntime: 	... 10 more
08-20 11:52:01.457 16369 16453 E AndroidRuntime: FATAL EXCEPTION: CapacitorPlugins
08-20 11:52:01.457 16369 16453 E AndroidRuntime: Process: io.ionic.starter, PID: 16369
08-20 11:52:01.457 16369 16453 E AndroidRuntime: java.lang.RuntimeException: java.lang.reflect.InvocationTargetException
08-20 11:52:01.457 16369 16453 E AndroidRuntime: 	at com.getcapacitor.Bridge.lambda$callPluginMethod$0(Bridge.java:853)
08-20 11:52:01.457 16369 16453 E AndroidRuntime: 	at com.getcapacitor.Bridge.$r8$lambda$FNYM7cvgeBk0k8YXQH7M96Mrf-c(Unknown Source:0)
08-20 11:52:01.457 16369 16453 E AndroidRuntime: 	at com.getcapacitor.Bridge$$ExternalSyntheticLambda0.run(D8$$SyntheticClass:0)
08-20 11:52:01.457 16369 16453 E AndroidRuntime: 	at android.os.Handler.handleCallback(Handler.java:1001)
08-20 11:52:01.457 16369 16453 E AndroidRuntime: 	at android.os.Handler.dispatchMessage(Handler.java:105)
08-20 11:52:01.457 16369 16453 E AndroidRuntime: 	at android.os.Looper.loopOnce(Looper.java:268)
08-20 11:52:01.457 16369 16453 E AndroidRuntime: 	at android.os.Looper.loop(Looper.java:384)
08-20 11:52:01.457 16369 16453 E AndroidRuntime: 	at android.os.HandlerThread.run(HandlerThread.java:103)
08-20 11:52:01.457 16369 16453 E AndroidRuntime: Caused by: java.lang.reflect.InvocationTargetException
08-20 11:52:01.457 16369 16453 E AndroidRuntime: 	at java.lang.reflect.Method.invoke(Native Method)
08-20 11:52:01.457 16369 16453 E AndroidRuntime: 	at com.getcapacitor.PluginHandle.invoke(PluginHandle.java:138)
08-20 11:52:01.457 16369 16453 E AndroidRuntime: 	at com.getcapacitor.Bridge.lambda$callPluginMethod$0(Bridge.java:844)
08-20 11:52:01.457 16369 16453 E AndroidRuntime: 	... 7 more
08-20 11:52:01.457 16369 16453 E AndroidRuntime: Caused by: java.lang.IllegalStateException: Default FirebaseApp is not initialized in this process io.ionic.starter. Make sure to call FirebaseApp.initializeApp(Context) first.
08-20 11:52:01.457 16369 16453 E AndroidRuntime: 	at com.google.firebase.FirebaseApp.getInstance(FirebaseApp.java:179)
08-20 11:52:01.457 16369 16453 E AndroidRuntime: 	at com.google.firebase.messaging.FirebaseMessaging.getInstance(FirebaseMessaging.java:120)
08-20 11:52:01.457 16369 16453 E AndroidRuntime: 	at com.capacitorjs.plugins.pushnotifications.PushNotificationsPlugin.register(PushNotificationsPlugin.java:103)
08-20 11:52:01.457 16369 16453 E AndroidRuntime: 	... 10 more
08-20 11:52:20.102 16621 16684 E AndroidRuntime: FATAL EXCEPTION: CapacitorPlugins
08-20 11:52:20.102 16621 16684 E AndroidRuntime: Process: io.ionic.starter, PID: 16621
08-20 11:52:20.102 16621 16684 E AndroidRuntime: java.lang.RuntimeException: java.lang.reflect.InvocationTargetException
08-20 11:52:20.102 16621 16684 E AndroidRuntime: 	at com.getcapacitor.Bridge.lambda$callPluginMethod$0(Bridge.java:853)
08-20 11:52:20.102 16621 16684 E AndroidRuntime: 	at com.getcapacitor.Bridge.$r8$lambda$FNYM7cvgeBk0k8YXQH7M96Mrf-c(Unknown Source:0)
08-20 11:52:20.102 16621 16684 E AndroidRuntime: 	at com.getcapacitor.Bridge$$ExternalSyntheticLambda0.run(D8$$SyntheticClass:0)
08-20 11:52:20.102 16621 16684 E AndroidRuntime: 	at android.os.Handler.handleCallback(Handler.java:1001)
08-20 11:52:20.102 16621 16684 E AndroidRuntime: 	at android.os.Handler.dispatchMessage(Handler.java:105)
08-20 11:52:20.102 16621 16684 E AndroidRuntime: 	at android.os.Looper.loopOnce(Looper.java:268)
08-20 11:52:20.102 16621 16684 E AndroidRuntime: 	at android.os.Looper.loop(Looper.java:384)
08-20 11:52:20.102 16621 16684 E AndroidRuntime: 	at android.os.HandlerThread.run(HandlerThread.java:103)
08-20 11:52:20.102 16621 16684 E AndroidRuntime: Caused by: java.lang.reflect.InvocationTargetException
08-20 11:52:20.102 16621 16684 E AndroidRuntime: 	at java.lang.reflect.Method.invoke(Native Method)
08-20 11:52:20.102 16621 16684 E AndroidRuntime: 	at com.getcapacitor.PluginHandle.invoke(PluginHandle.java:138)
08-20 11:52:20.102 16621 16684 E AndroidRuntime: 	at com.getcapacitor.Bridge.lambda$callPluginMethod$0(Bridge.java:844)
08-20 11:52:20.102 16621 16684 E AndroidRuntime: 	... 7 more
08-20 11:52:20.102 16621 16684 E AndroidRuntime: Caused by: java.lang.IllegalStateException: Default FirebaseApp is not initialized in this process io.ionic.starter. Make sure to call FirebaseApp.initializeApp(Context) first.
08-20 11:52:20.102 16621 16684 E AndroidRuntime: 	at com.google.firebase.FirebaseApp.getInstance(FirebaseApp.java:179)
08-20 11:52:20.102 16621 16684 E AndroidRuntime: 	at com.google.firebase.messaging.FirebaseMessaging.getInstance(FirebaseMessaging.java:120)
08-20 11:52:20.102 16621 16684 E AndroidRuntime: 	at com.capacitorjs.plugins.pushnotifications.PushNotificationsPlugin.register(PushNotificationsPlugin.java:103)
08-20 11:52:20.102 16621 16684 E AndroidRuntime: 	... 10 more
08-20 11:52:28.888 16827 16884 E AndroidRuntime: FATAL EXCEPTION: CapacitorPlugins
08-20 11:52:28.888 16827 16884 E AndroidRuntime: Process: io.ionic.starter, PID: 16827
08-20 11:52:28.888 16827 16884 E AndroidRuntime: java.lang.RuntimeException: java.lang.reflect.InvocationTargetException
08-20 11:52:28.888 16827 16884 E AndroidRuntime: 	at com.getcapacitor.Bridge.lambda$callPluginMethod$0(Bridge.java:853)
08-20 11:52:28.888 16827 16884 E AndroidRuntime: 	at com.getcapacitor.Bridge.$r8$lambda$FNYM7cvgeBk0k8YXQH7M96Mrf-c(Unknown Source:0)
08-20 11:52:28.888 16827 16884 E AndroidRuntime: 	at com.getcapacitor.Bridge$$ExternalSyntheticLambda0.run(D8$$SyntheticClass:0)
08-20 11:52:28.888 16827 16884 E AndroidRuntime: 	at android.os.Handler.handleCallback(Handler.java:1001)
08-20 11:52:28.888 16827 16884 E AndroidRuntime: 	at android.os.Handler.dispatchMessage(Handler.java:105)
08-20 11:52:28.888 16827 16884 E AndroidRuntime: 	at android.os.Looper.loopOnce(Looper.java:268)
08-20 11:52:28.888 16827 16884 E AndroidRuntime: 	at android.os.Looper.loop(Looper.java:384)
08-20 11:52:28.888 16827 16884 E AndroidRuntime: 	at android.os.HandlerThread.run(HandlerThread.java:103)
08-20 11:52:28.888 16827 16884 E AndroidRuntime: Caused by: java.lang.reflect.InvocationTargetException
08-20 11:52:28.888 16827 16884 E AndroidRuntime: 	at java.lang.reflect.Method.invoke(Native Method)
08-20 11:52:28.888 16827 16884 E AndroidRuntime: 	at com.getcapacitor.PluginHandle.invoke(PluginHandle.java:138)
08-20 11:52:28.888 16827 16884 E AndroidRuntime: 	at com.getcapacitor.Bridge.lambda$callPluginMethod$0(Bridge.java:844)
08-20 11:52:28.888 16827 16884 E AndroidRuntime: 	... 7 more
08-20 11:52:28.888 16827 16884 E AndroidRuntime: Caused by: java.lang.IllegalStateException: Default FirebaseApp is not initialized in this process io.ionic.starter. Make sure to call FirebaseApp.initializeApp(Context) first.
08-20 11:52:28.888 16827 16884 E AndroidRuntime: 	at com.google.firebase.FirebaseApp.getInstance(FirebaseApp.java:179)
08-20 11:52:28.888 16827 16884 E AndroidRuntime: 	at com.google.firebase.messaging.FirebaseMessaging.getInstance(FirebaseMessaging.java:120)
08-20 11:52:28.888 16827 16884 E AndroidRuntime: 	at com.capacitorjs.plugins.pushnotifications.PushNotificationsPlugin.register(PushNotificationsPlugin.java:103)
08-20 11:52:28.888 16827 16884 E AndroidRuntime: 	... 10 more
--------- beginning of system
08-21 12:21:11.226  2394  3092 D PowerManagerService: nativeReleaseSuspendBlocker name:PowerManagerService.WakeLocks duration ms: 1
08-21 12:21:11.232  2394  3093 W NetworkPolicy: shared quota unsupported; generating rule for each iface
08-21 12:21:13.496  2394  3562 D PowerManagerService: nativeAcquireSuspendBlocker name:PowerManagerService.WakeLocks duration ms: 1
08-21 12:21:13.518  2394  3562 D PowerManagerService: nativeReleaseSuspendBlocker name:PowerManagerService.WakeLocks duration ms: 0
08-21 12:21:13.594  2394  2743 D BatteryService: uevent={POWER_SUPPLY_VOLTAGE_NOW=4432000, POWER_SUPPLY_VBUS_PRESENT=true, POWER_SUPPLY_TYPE=Battery, POWER_SUPPLY_HEALTH=Good, POWER_SUPPLY_TECHNOLOGY=Li-poly, POWER_SUPPLY_SCOPE=100, POWER_SUPPLY_CHARGE_FULL_DESIGN=5355000, SEQNUM=20319, POWER_SUPPLY_STATUS=Charging, POWER_SUPPLY_CYCLE_COUNT=71, POWER_SUPPLY_CAPACITY=100, DEVPATH=/devices/platform/smart_battery/power_supply/battery, POWER_SUPPLY_ENERGY_EMPTY=0, POWER_SUPPLY_CHARGE_RATE=Normal, POWER_SUPPLY_CAPACITY_LEVEL=Full, POWER_SUPPLY_CURRENT_NOW=143000, POWER_SUPPLY_PRESENT=1, POWER_SUPPLY_POWER_WATT=2, POWER_SUPPLY_CHARGE_FULL=5449000, SUBSYSTEM=power_supply, POWER_SUPPLY_VOLTAGE_OCV=4432000, POWER_SUPPLY_TEMP=339, ACTION=change, POWER_SUPPLY_AGE=100, POWER_SUPPLY_CHARGE_REAL_TYPE=1, POWER_SUPPLY_NAME=battery, POWER_SUPPLY_LPD_PRESENT=false, POWER_SUPPLY_CHARGE_COUNTER=5394000, POWER_SUPPLY_POWER_WATT_DESIGN=68}
08-21 12:21:13.603  3199  4279 D PowerUI : can't show warning due to - plugged: true status unknown: false
08-21 12:21:13.605  2394  2394 V UiModeManager: updateLocked: null action, mDockState=0, category=null
08-21 12:21:13.605  2394  2394 D UiModeManager: updateConfigurationLocked: mDockState=0; mCarMode=false; mNightMode=1; mNightModeCustomType=-1; uiMode=17
08-21 12:21:15.106  2394  3562 V UserSystemPackageInstaller: dumpPackageWhitelistProblems(): using mode 5
08-21 12:21:15.266  2394  3562 V UserSystemPackageInstaller: dumpPackageWhitelistProblems(): using mode 5
08-21 12:21:18.520  2394  3239 D PowerManagerService: nativeAcquireSuspendBlocker name:PowerManagerService.WakeLocks duration ms: 1
08-21 12:21:18.539  2394  3239 D PowerManagerService: nativeReleaseSuspendBlocker name:PowerManagerService.WakeLocks duration ms: 0
08-21 12:21:19.969  2394  3239 D PowerManagerService: nativeAcquireSuspendBlocker name:PowerManagerService.WakeLocks duration ms: 1
08-21 12:21:20.112  2394  2440 W ContextImpl: Calling a method in the system process without a qualified user: android.app.ContextImpl.sendBroadcastMultiplePermissions:1308 android.content.Context.sendBroadcastMultiplePermissions:2522 com.android.server.TelephonyRegistry.broadcastServiceStateChanged:3764 com.android.server.TelephonyRegistry.notifyServiceStateForPhoneId:1765 com.android.internal.telephony.ITelephonyRegistry$Stub.onTransact:562 
08-21 12:21:20.113  2394  2440 W ContextImpl: Calling a method in the system process without a qualified user: android.app.ContextImpl.sendBroadcastMultiplePermissions:1341 com.android.server.TelephonyRegistry.broadcastServiceStateChanged:3769 com.android.server.TelephonyRegistry.notifyServiceStateForPhoneId:1765 com.android.internal.telephony.ITelephonyRegistry$Stub.onTransact:562 android.os.Binder.execTransactInternal:1520 
08-21 12:21:20.117  2394  2440 W ContextImpl: Calling a method in the system process without a qualified user: android.app.ContextImpl.sendBroadcastMultiplePermissions:1341 com.android.server.TelephonyRegistry.broadcastServiceStateChanged:3778 com.android.server.TelephonyRegistry.notifyServiceStateForPhoneId:1765 com.android.internal.telephony.ITelephonyRegistry$Stub.onTransact:562 android.os.Binder.execTransactInternal:1520 
08-21 12:21:20.118  2394  2440 W ContextImpl: Calling a method in the system process without a qualified user: android.app.ContextImpl.sendBroadcastMultiplePermissions:1341 com.android.server.TelephonyRegistry.broadcastServiceStateChanged:3784 com.android.server.TelephonyRegistry.notifyServiceStateForPhoneId:1765 com.android.internal.telephony.ITelephonyRegistry$Stub.onTransact:562 android.os.Binder.execTransactInternal:1520 
08-21 12:21:20.136  2394  2471 I ActivityManager: Start proc 16210:com.google.android.cellbroadcastreceiver/u0a371 for broadcast {com.google.android.cellbroadcastreceiver/com.android.cellbroadcastreceiver.CellBroadcastReceiver}
08-21 12:21:20.155  2394  3446 W ContextImpl: Calling a method in the system process without a qualified user: android.app.ContextImpl.sendBroadcastMultiplePermissions:1308 android.content.Context.sendBroadcastMultiplePermissions:2522 com.android.server.TelephonyRegistry.broadcastServiceStateChanged:3764 com.android.server.TelephonyRegistry.notifyServiceStateForPhoneId:1765 com.android.internal.telephony.ITelephonyRegistry$Stub.onTransact:562 
08-21 12:21:20.156  2394  3446 W ContextImpl: Calling a method in the system process without a qualified user: android.app.ContextImpl.sendBroadcastMultiplePermissions:1341 com.android.server.TelephonyRegistry.broadcastServiceStateChanged:3769 com.android.server.TelephonyRegistry.notifyServiceStateForPhoneId:1765 com.android.internal.telephony.ITelephonyRegistry$Stub.onTransact:562 android.os.Binder.execTransactInternal:1520 
08-21 12:21:20.157  2394  3446 W ContextImpl: Calling a method in the system process without a qualified user: android.app.ContextImpl.sendBroadcastMultiplePermissions:1341 com.android.server.TelephonyRegistry.broadcastServiceStateChanged:3778 com.android.server.TelephonyRegistry.notifyServiceStateForPhoneId:1765 com.android.internal.telephony.ITelephonyRegistry$Stub.onTransact:562 android.os.Binder.execTransactInternal:1520 
08-21 12:21:20.158  2394  3446 W ContextImpl: Calling a method in the system process without a qualified user: android.app.ContextImpl.sendBroadcastMultiplePermissions:1341 com.android.server.TelephonyRegistry.broadcastServiceStateChanged:3784 com.android.server.TelephonyRegistry.notifyServiceStateForPhoneId:1765 com.android.internal.telephony.ITelephonyRegistry$Stub.onTransact:562 android.os.Binder.execTransactInternal:1520 
08-21 12:21:20.186  2394  3446 W ContextImpl: Calling a method in the system process without a qualified user: android.app.ContextImpl.sendBroadcastMultiplePermissions:1341 android.content.Context.sendBroadcastMultiplePermissions:2468 android.content.Context.sendBroadcastMultiplePermissions:2456 com.android.server.TelephonyRegistry.broadcastDataConnectionStateChanged:3998 com.android.server.TelephonyRegistry.notifyDataConnectionForSubscriber:2234 
08-21 12:21:20.218  2394  3239 I Telecom : TelecomServiceImpl$1: isInEmergencyCall: false: TSI.iIEC@MZ4
08-21 12:21:20.221  2394  3102 W ContextImpl: Calling a method in the system process without a qualified user: android.app.ContextImpl.sendStickyBroadcast:1664 android.net.connectivity.com.android.server.ConnectivityService.sendStickyBroadcast:4122 android.net.connectivity.com.android.server.ConnectivityService.sendGeneralBroadcast:4092 android.net.connectivity.com.android.server.ConnectivityService.sendConnectedBroadcast:4065 android.net.connectivity.com.android.server.ConnectivityService.sendLegacyNetworkBroadcast:12529 
08-21 12:21:20.235  2394  3093 W NetworkPolicy: shared quota unsupported; generating rule for each iface
08-21 12:21:20.406  2394  3239 I ActivityManager: Flag disabled. Ignoring finishAttachApplication from uid: 10371. pid: 16210
08-21 12:21:20.463  2394  3239 D PowerManagerService: nativeReleaseSuspendBlocker name:PowerManagerService.WakeLocks duration ms: 1
08-21 12:21:20.530  2394  3239 D PowerManagerService: nativeAcquireSuspendBlocker name:PowerManagerService.WakeLocks duration ms: 0
08-21 12:21:20.736  2394  3562 D PowerManagerService: nativeReleaseSuspendBlocker name:PowerManagerService.WakeLocks duration ms: 1
08-21 12:21:20.738  2394  8403 D PowerManagerService: nativeAcquireSuspendBlocker name:PowerManagerService.WakeLocks duration ms: 2
08-21 12:21:20.748  2394  8403 D PowerManagerService: nativeReleaseSuspendBlocker name:PowerManagerService.WakeLocks duration ms: 0
08-21 12:21:20.749  2394  3446 D PowerManagerService: nativeAcquireSuspendBlocker name:PowerManagerService.WakeLocks duration ms: 0
08-21 12:21:20.751  2394  8403 D PowerManagerService: nativeReleaseSuspendBlocker name:PowerManagerService.WakeLocks duration ms: 0
08-21 12:21:20.757  2394  3562 D PowerManagerService: nativeAcquireSuspendBlocker name:PowerManagerService.WakeLocks duration ms: 1
08-21 12:21:20.779  2394  3562 D PowerManagerService: nativeReleaseSuspendBlocker name:PowerManagerService.WakeLocks duration ms: 0
08-21 12:21:20.874  2394  3562 D PowerManagerService: nativeAcquireSuspendBlocker name:PowerManagerService.WakeLocks duration ms: 0
08-21 12:21:20.882  2394  2454 D time_detector: Telephony time suggestion received newSuggestion=TelephonyTimeSuggestion{mSlotIndex='0', mUnixEpochTime=UnixEpochTime{mElapsedRealtimeMillis=121921326, mUnixEpochTimeMillis=1755759081000}, mDebugInfo=[Sending new time suggestion nitzSignal=NitzSignal{mReceiptElapsedMillis=PT33H52M1.326S, mNitzData=NitzData{mOriginalString=25/08/21,06:51:21+22,0, mZoneOffset=19800000, mDstOffset=0, mCurrentTimeMillis=1755759081000, mEmulatorHostTimeZone=null}, mAgeMillis=0}, reason=handleNitzReceived(NitzSignal{mReceiptElapsedMillis=PT33H52M1.326S, mNitzData=NitzData{mOriginalString=25/08/21,06:51:21+22,0, mZoneOffset=19800000, mDstOffset=0, mCurrentTimeMillis=1755759081000, mEmulatorHostTimeZone=null}, mAgeMillis=0})]}
08-21 12:21:20.960  2394  3485 W ContextImpl: Calling a method in the system process without a qualified user: android.app.ContextImpl.sendBroadcastMultiplePermissions:1308 android.content.Context.sendBroadcastMultiplePermissions:2522 com.android.server.TelephonyRegistry.broadcastServiceStateChanged:3764 com.android.server.TelephonyRegistry.notifyServiceStateForPhoneId:1765 com.android.internal.telephony.ITelephonyRegistry$Stub.onTransact:562 
08-21 12:21:20.960  2394  3485 W ContextImpl: Calling a method in the system process without a qualified user: android.app.ContextImpl.sendBroadcastMultiplePermissions:1341 com.android.server.TelephonyRegistry.broadcastServiceStateChanged:3769 com.android.server.TelephonyRegistry.notifyServiceStateForPhoneId:1765 com.android.internal.telephony.ITelephonyRegistry$Stub.onTransact:562 android.os.Binder.execTransactInternal:1520 
08-21 12:21:20.961  2394  3485 W ContextImpl: Calling a method in the system process without a qualified user: android.app.ContextImpl.sendBroadcastMultiplePermissions:1341 com.android.server.TelephonyRegistry.broadcastServiceStateChanged:3778 com.android.server.TelephonyRegistry.notifyServiceStateForPhoneId:1765 com.android.internal.telephony.ITelephonyRegistry$Stub.onTransact:562 android.os.Binder.execTransactInternal:1520 
08-21 12:21:20.962  2394  3485 W ContextImpl: Calling a method in the system process without a qualified user: android.app.ContextImpl.sendBroadcastMultiplePermissions:1341 com.android.server.TelephonyRegistry.broadcastServiceStateChanged:3784 com.android.server.TelephonyRegistry.notifyServiceStateForPhoneId:1765 com.android.internal.telephony.ITelephonyRegistry$Stub.onTransact:562 android.os.Binder.execTransactInternal:1520 
08-21 12:21:20.983  2394  3109 E AppOps  : attributionTag VCN not declared in manifest of android
08-21 12:21:20.986  2394 10896 D CompatChangeReporter: Compat change id reported: 297989574; UID 1000; state: ENABLED
08-21 12:21:20.991  2394  3109 E AppOps  : attributionTag VCN not declared in manifest of android
08-21 12:21:21.015  2394  3093 W NetworkPolicy: shared quota unsupported; generating rule for each iface
08-21 12:21:21.019  2394  3093 W NetworkPolicy: shared quota unsupported; generating rule for each iface
08-21 12:21:21.040  2394  2470 D ActivityManager: unfreezing ProcessRecord{1b5c29b 15881:com.google.android.dialer/u0a205}, reason = unfreezeTemporarily, adj = 900, adjType = cch-empty, adjSource = null
08-21 12:21:21.041  2394  2470 D ActivityManager: sync unfroze 15881 com.google.android.dialer for 3
08-21 12:21:21.057  2394  2469 D addPss  : tracker=ProcessState{b7243d3 com.google.android.dialer/10205 pkg=com.google.android.dialer}
08-21 12:21:21.195  2394  8403 W JobScheduler.Concurrency: Had fewer than 16 in existence
08-21 12:21:21.196  2394  8403 W JobScheduler.Concurrency: Had fewer than 16 in existence
08-21 12:21:21.196  2394  8403 W JobScheduler.Concurrency: Had fewer than 16 in existence
08-21 12:21:21.242  2394  8403 W ContextImpl: Calling a method in the system process without a qualified user: android.app.ContextImpl.sendBroadcastMultiplePermissions:1308 android.content.Context.sendBroadcastMultiplePermissions:2522 com.android.server.TelephonyRegistry.broadcastServiceStateChanged:3764 com.android.server.TelephonyRegistry.notifyServiceStateForPhoneId:1765 com.android.internal.telephony.ITelephonyRegistry$Stub.onTransact:562 
08-21 12:21:21.244  2394  8403 W ContextImpl: Calling a method in the system process without a qualified user: android.app.ContextImpl.sendBroadcastMultiplePermissions:1341 com.android.server.TelephonyRegistry.broadcastServiceStateChanged:3769 com.android.server.TelephonyRegistry.notifyServiceStateForPhoneId:1765 com.android.internal.telephony.ITelephonyRegistry$Stub.onTransact:562 android.os.Binder.execTransactInternal:1520 
08-21 12:21:21.245  2394  8403 W ContextImpl: Calling a method in the system process without a qualified user: android.app.ContextImpl.sendBroadcastMultiplePermissions:1341 com.android.server.TelephonyRegistry.broadcastServiceStateChanged:3778 com.android.server.TelephonyRegistry.notifyServiceStateForPhoneId:1765 com.android.internal.telephony.ITelephonyRegistry$Stub.onTransact:562 android.os.Binder.execTransactInternal:1520 
08-21 12:21:21.246  2394  8403 W ContextImpl: Calling a method in the system process without a qualified user: android.app.ContextImpl.sendBroadcastMultiplePermissions:1341 com.android.server.TelephonyRegistry.broadcastServiceStateChanged:3784 com.android.server.TelephonyRegistry.notifyServiceStateForPhoneId:1765 com.android.internal.telephony.ITelephonyRegistry$Stub.onTransact:562 android.os.Binder.execTransactInternal:1520 
08-21 12:21:21.307  2394  3562 I DropBoxManagerService: add tag=CALL_START isTagEnabled=true flags=0x2
08-21 12:21:21.313  2394  3446 I Telecom : TelecomServiceImpl$1: Adding new incoming call with phoneAccountHandle ComponentInfo{com.android.phone/com.android.services.telephony.TelephonyConnectionService}, 2, UserHandle{0}: TSI.aNIC(cap)@Mbg
08-21 12:21:21.317  2394  3446 I Telecom : PhoneAccountRegistrar: getSimCallManager: SimCallManager for subId 2 queried, returning: null: TSI.aNIC(cap)@Mbg
08-21 12:21:21.317  2394  2454 D CompatChangeReporter: Compat change id reported: 296060945; UID 10216; state: ENABLED
08-21 12:21:21.321  2394  2394 I Telecom : TelecomSystem: CallerInfoAsyncQuery.startQuery number=*** cookie=TSI.aNIC->CILH.sL->CILH.sL(cap)@Mbg: TSI.aNIC->CILH.sL(cap)@Mbg
08-21 12:21:21.322  2394  3446 I Telecom : Call: Setting associated user for call: UserHandle{0}: TSI.aNIC(cap)@Mbg
08-21 12:21:21.331  2394  3446 I Telecom : TelecomAnalytics: Starting analytics for call TC@5: TSI.aNIC(cap)@Mbg
08-21 12:21:21.332  2394  3446 I Telecom : Event: RecordEntry TC@5: CREATED, null;null: TSI.aNIC(cap)@Mbg
08-21 12:21:21.333  2394  3446 I Telecom : CallAnomalyWatchdog: maybePostCleanupTask; callId=TC@5, state=NEW, createConnComplete=false: TSI.aNIC(cap)@Mbg
08-21 12:21:21.337  2394  3446 I Telecom : PhoneAccountRegistrar: getSimCallManager: SimCallManager for subId 2 queried, returning: null: TSI.aNIC(cap)@Mbg
08-21 12:21:21.339  2394  3446 I Telecom : CreateConnectionProcessor: Trying attempt CallAttemptRecord(ComponentInfo{com.android.phone/com.android.services.telephony.TelephonyConnectionService}, 2, UserHandle{0},ComponentInfo{com.android.phone/com.android.services.telephony.TelephonyConnectionService}, 2, UserHandle{0}): TSI.aNIC(cap)@Mbg
08-21 12:21:21.339  2394  3446 I Telecom : Call: setConnectionService: service=[[ConnectionServiceWrapper componentName=ComponentInfo{com.android.phone/com.android.services.telephony.TelephonyConnectionService}]]: TSI.aNIC(cap)@Mbg
08-21 12:21:21.339  2394  3446 I Telecom : ConnectionServiceWrapper: createConnection([Call id=TC@5, state=NEW, tpac=ComponentInfo{com.android.phone/com.android.services.telephony.TelephonyConnectionService}, 2, UserHandle{0}, cmgr=ComponentInfo{com.android.phone/com.android.services.telephony.TelephonyConnectionService}, 2, UserHandle{0}, handle=tel:*************, vidst=A, childs(0), has_parent(false), cap=[], prop=[], voip=false, gthpst=1, vzwAudioData=[VzwAudioData : UserSelectedAudioMode : -1 AudioMode : -1]], mIsConference(false)]) via ComponentInfo{com.android.phone/com.android.services.telephony.TelephonyConnectionService}.: TSI.aNIC(cap)@Mbg
08-21 12:21:21.339  2394  3446 I Telecom : Event: RecordEntry TC@5: BIND_CS, ComponentInfo{com.android.phone/com.android.services.telephony.TelephonyConnectionService}: TSI.aNIC(cap)@Mbg
08-21 12:21:21.346  2394  2394 I Telecom : CallerInfoLookupHelper: CI query for handle tel:************* has completed; notifying all listeners.: TSI.aNIC->CILH.sL->CILH.oQC(cap)@Mbg
08-21 12:21:21.346  2394  2394 I Telecom : Call: CallerInfo received for tel:*************: android.telecom.CallerInfo@9d8d890 { name non-null, phoneNumber non-null }: TSI.aNIC->CILH.sL->CILH.oQC(cap)@Mbg
08-21 12:21:21.353  2394  3446 I Telecom : TelecomServiceImpl$1: isInEmergencyCall: false: TSI.iIEC@Mbk
08-21 12:21:21.354  2394 16283 I Telecom : Call: CallerInfo received for tel:*************: android.telecom.CallerInfo@9d8d890 { name non-null, phoneNumber non-null }: TSI.aNIC->CILH.sL->CILH.oQC->CILH.sPL->CLIH.oILC(cap)@Mbg
08-21 12:21:21.358  2394  2394 I Telecom : ServiceBinder$ServiceBinderConnection: Service bound ComponentInfo{com.android.phone/com.android.services.telephony.TelephonyConnectionService}: SBC.oSC(cap)@Mbo
08-21 12:21:21.358  2394  2394 I Telecom : Event: RecordEntry TC@5: CS_BOUND, ComponentInfo{com.android.phone/com.android.services.telephony.TelephonyConnectionService}: SBC.oSC(cap)@Mbo
08-21 12:21:21.358  2394  2394 I Telecom : Event: RecordEntry TC@5: START_CONNECTION, tel:************* via:com.android.phone: SBC.oSC(cap)@Mbo
08-21 12:21:21.368  2394  3446 I Telecom : TelecomServiceImpl$1: isInEmergencyCall: false: TSI.iIEC@Mbs
08-21 12:21:21.375  2394  3243 I Telecom : PhoneAccountRegistrar: getSimCallManager: SimCallManager for subId 2 queried, returning: null: (...->CS.aCSA->H.CS.aCSA)->CSW.qRCS(cap)@E-E-Mbo
08-21 12:21:21.375  2394  3243 W Telecom : ConnectionServiceWrapper: call provider also detected as SIM call manager: [ConnectionServiceWrapper componentName=ComponentInfo{com.android.phone/com.android.services.telephony.TelephonyConnectionService}]: (...->CS.aCSA->H.CS.aCSA)->CSW.qRCS(cap)@E-E-Mbo
08-21 12:21:21.376  2394  2488 D KernelCpuUidUserSysTimeReader: Removing uids 99079-99079
08-21 12:21:21.376  2394  2488 D KernelCpuUidUserSysTimeReader: Removing uids 90002-90002
08-21 12:21:21.378  2394  3243 I Telecom : PhoneAccountRegistrar: getSimCallManager: SimCallManager for subId 1 queried, returning: null: (...->CS.aCSA->H.CS.aCSA)->CSW.qRCS(cap)@E-E-Mbo
08-21 12:21:21.378  2394  3243 W Telecom : ConnectionServiceWrapper: call provider also detected as SIM call manager: [ConnectionServiceWrapper componentName=ComponentInfo{com.android.phone/com.android.services.telephony.TelephonyConnectionService}]: (...->CS.aCSA->H.CS.aCSA)->CSW.qRCS(cap)@E-E-Mbo
08-21 12:21:21.378  2394  3243 I Telecom : ConnectionServiceWrapper: queryRemoteConnectionServices, simServices = []: (...->CS.aCSA->H.CS.aCSA)->CSW.qRCS(cap)@E-E-Mbo
08-21 12:21:21.378  3407  3407 I TelecomFramework: TelephonyConnectionService: createConnection, callManagerAccount: ComponentInfo{com.android.phone/com.android.services.telephony.TelephonyConnectionService}, 2, UserHandle{0}, callId: TC@5_1, request: ConnectionRequest xxxxxxxxxxxxxxxxxxx Bundle[initialAudioRoute=1, android.telecom.extra.INCOMING_CALL_ADDRESS=***, android.telecom.extra.GLOBAL_UID=ccf48852d7f517e4, android.telecom.extra.CALL_CREATED_TIME_MILLIS=121921760, android.telecom.extra.CALL_TELECOM_ROUTING_START_TIME_MILLIS=121921785, ] isAdhocConf: N, isIncoming: true, isUnknown: false, isLegacyHandover: false, isHandover: false,  addSelfManaged: true: (SBC.oSC)->CS.crCo->H.CS.crCo->H.CS.crCo.pICR(cap/cast)@E-Mbo
08-21 12:21:21.430  2394  3243 I Telecom : Event: RecordEntry TC@5: CAPABILITY_CHANGE, Current: [[ sup_hld mut VTlrx VTltx VTlbi spd_aud]], Removed [[]], Added [[ sup_hld mut VTlrx VTltx VTlbi spd_aud]]: (...->CS.crCo->H.CS.crCo->H.CS.crCo.pICR)->CSW.hCCC(cap/cast)@E-E-Mbo
08-21 12:21:21.433  2394  3243 I Telecom : CallAnomalyWatchdog: maybePostCleanupTask; callId=TC@5, state=NEW, createConnComplete=true: (...->CS.crCo->H.CS.crCo->H.CS.crCo.pICR)->CSW.hCCC(cap/cast)@E-E-Mbo
08-21 12:21:21.434  3407  3407 I TelecomFramework: TelephonyConnectionService: notifyCreateConnectionComplete TC@5_1: (...->CSW.hCCC)->CS.crCoC->H.CS.crCoC(cap/cast)@E-E-E-Mbo
08-21 12:21:21.438  2394 16285 W Telecom : AppLabelProxy: Could not determine app label. Package name is com.trustonic.telecoms.standard.dpc
08-21 12:21:21.444  2394 16285 I Telecom : AppLabelProxy: package com.truecaller: name is Truecaller
08-21 12:21:21.445  2394 16285 I Telecom : Event: RecordEntry TC@5: FILTERING_INITIATED, null
08-21 12:21:21.445  2394 16285 I Telecom : IncomingCallFilterGraph: Filter com.android.server.telecom.callfiltering.CallFilter@75fdfaa scheduled.
08-21 12:21:21.445  2394 16286 I Telecom : IncomingCallFilterGraph: Filter com.android.server.telecom.callfiltering.CallFilter@75fdfaa done, result: [Allow, logged, notified].
08-21 12:21:21.445  2394 16286 I Telecom : IncomingCallFilterGraph: Filter com.motorola.server.telecom.callfiltering.EnterpriseCallFilter@174379b scheduled.
08-21 12:21:21.445  2394 16286 I Telecom : IncomingCallFilterGraph: Filter com.android.server.telecom.callfiltering.DndCallFilter@44f1738 scheduled.
08-21 12:21:21.446  2394 16286 I Telecom : IncomingCallFilterGraph: Filter com.android.server.telecom.callfiltering.BlockCheckerFilter@c102311 scheduled.
08-21 12:21:21.446  2394 16286 I Telecom : Event: RecordEntry TC@5: ENTERPRISE_FILTER_INITIATED, null
08-21 12:21:21.446  2394 16286 I Telecom : MotoTelecomFeatureControl: iEIBE: false
08-21 12:21:21.446  2394 16286 I Telecom : Event: RecordEntry TC@5: ENTERPRISE_FILTER_FINISHED, [Allow, logged, notified]
08-21 12:21:21.446  2394 16286 I Telecom : Event: RecordEntry TC@5: DND_PRE_CHECK_INITIATED, null
08-21 12:21:21.450  2394 16286 I Telecom : Event: RecordEntry TC@5: DND_PRE_CHECK_COMPLETED, false
08-21 12:21:21.450  2394 16286 I Telecom : Event: RecordEntry TC@5: BLOCK_CHECK_INITIATED, null
08-21 12:21:21.452  2394  2394 I Telecom : TelecomSystem: CallerInfoAsyncQuery.startQuery number=*** cookie=null
08-21 12:21:21.453  2394 16286 I Telecom : IncomingCallFilterGraph: Filter com.motorola.server.telecom.callfiltering.EnterpriseCallFilter@174379b done, result: [Allow, logged, notified].
08-21 12:21:21.453  2394 16286 I Telecom : IncomingCallFilterGraph: Filter com.motorola.server.telecom.callfiltering.PrefixBlockFilter@77a6ee4 scheduled.
08-21 12:21:21.453  2394 16286 I Telecom : IncomingCallFilterGraph: Filter com.android.server.telecom.callfiltering.DndCallFilter@44f1738 done, result: [Allow, logged, notified].
08-21 12:21:21.453  2394 16286 I Telecom : Event: RecordEntry TC@5: BLOCKED_PREFIX_INITIATED, null
08-21 12:21:21.456  2394 16288 I Telecom : Event: RecordEntry TC@5: BLOCKED_PREFIX_FINISHED, [Allow, logged, notified]
08-21 12:21:21.456  2394 16286 I Telecom : IncomingCallFilterGraph: Filter com.motorola.server.telecom.callfiltering.PrefixBlockFilter@77a6ee4 done, result: [Allow, logged, notified].
08-21 12:21:21.456  2394 16286 I Telecom : IncomingCallFilterGraph: Filter com.motorola.server.telecom.callfiltering.IncomingRestrictedFilter@542df4d scheduled.
08-21 12:21:21.457  2394 16286 I Telecom : Event: RecordEntry TC@5: INCOMING_RESTRICTED_INITIATED, null
08-21 12:21:21.457  2394 16289 I Telecom : Event: RecordEntry TC@5: INCOMING_RESTRICTED_FINISHED, [Allow, logged, notified]
08-21 12:21:21.458  2394 16286 I Telecom : IncomingCallFilterGraph: Filter com.motorola.server.telecom.callfiltering.IncomingRestrictedFilter@542df4d done, result: [Allow, logged, notified].
08-21 12:21:21.458  2394 16286 I Telecom : IncomingCallFilterGraph: Filter com.android.server.telecom.callfiltering.DirectToVoicemailFilter@10ba02 scheduled.
08-21 12:21:21.458  2394 16286 I Telecom : Event: RecordEntry TC@5: DIRECT_TO_VM_INITIATED, null
08-21 12:21:21.458  2394 16286 I Telecom : CallerInfoLookupHelper: There is a previously incomplete query for handle tel:*************. Adding to listeners for this query.
08-21 12:21:21.462  2394  2394 I Telecom : CallerInfoLookupHelper: CI query for handle tel:************* has completed; notifying all listeners.
08-21 12:21:21.464  2394 16286 I Telecom : IncomingCallFilterGraph: Filter com.android.server.telecom.callfiltering.DirectToVoicemailFilter@10ba02 done, result: [Allow, logged, notified, contact exists].
08-21 12:21:21.464  2394  2394 I Telecom : Event: RecordEntry TC@5: DIRECT_TO_VM_FINISHED, [Allow, logged, notified, contact exists]
08-21 12:21:21.465  2394  2394 W Telecom : Logging: Log.endSession was called with no session active.
08-21 12:21:21.467  2394 16283 W Telecom : Logging: Log.endSession was called with no session active.
08-21 12:21:21.473  2394 16287 I Telecom : Event: RecordEntry TC@5: BLOCK_CHECK_FINISHED, not blocked [Allow, logged, notified, contact exists]
08-21 12:21:21.473  2394 16286 I Telecom : IncomingCallFilterGraph: Filter com.android.server.telecom.callfiltering.BlockCheckerFilter@c102311 done, result: [Allow, logged, notified, contact exists].
08-21 12:21:21.474  2394 16286 I Telecom : IncomingCallFilterGraph: Filter com.android.server.telecom.callfiltering.CallScreeningServiceFilter@452be68: com.trustonic.telecoms.standard.dpc scheduled.
08-21 12:21:21.474  2394 16286 I Telecom : CallScreeningServiceHelper: com.trustonic.telecoms.standard.dpc has no call screening service defined.
08-21 12:21:21.474  2394 16286 I Telecom : CallScreeningServiceFilter: Call screening service binding failed.
08-21 12:21:21.474  2394 16286 I Telecom : IncomingCallFilterGraph: Filter com.android.server.telecom.callfiltering.CallScreeningServiceFilter@452be68: com.trustonic.telecoms.standard.dpc done, result: [Allow, logged, notified, contact exists].
08-21 12:21:21.474  2394 16286 I Telecom : IncomingCallFilterGraph: Filter com.android.server.telecom.callfiltering.CallScreeningServiceFilter@9aef281: com.truecaller scheduled.
08-21 12:21:21.475  2394 16286 D CompatChangeReporter: Compat change id reported: 151861875; UID 10387; state: ENABLED
08-21 12:21:21.485  2394  2471 I ActivityManager: Start proc 16292:com.truecaller/u0a387 for service {com.truecaller/com.truecaller.callerid.callstate.TruecallerCallScreeningService}
08-21 12:21:21.718  2394  3243 D CompatChangeReporter: Compat change id reported: 297989574; UID 10387; state: ENABLED
08-21 12:21:21.760  2394  3243 I ActivityManager: Flag disabled. Ignoring finishAttachApplication from uid: 10387. pid: 16292
08-21 12:21:21.770  2394  2394 I Telecom : Event: RecordEntry TC@5: SCREENING_BOUND, ComponentInfo{com.truecaller/com.truecaller.callerid.callstate.TruecallerCallScreeningService}
08-21 12:21:21.770  2394  2394 I Telecom : CallScreeningServiceFilter$CallScreeningServiceConnection: Binding completed.
08-21 12:21:21.777  2394  3446 D CompatChangeReporter: Compat change id reported: 319212206; UID 10387; state: ENABLED
08-21 12:21:21.787  2394  3446 D CompatChangeReporter: Compat change id reported: 311402873; UID 10387; state: ENABLED
08-21 12:21:21.787  2394  3446 D CompatChangeReporter: Compat change id reported: 323349338; UID 10387; state: ENABLED
08-21 12:21:22.029  2394  3243 D CompatChangeReporter: Compat change id reported: 311208749; UID 10387; state: ENABLED
08-21 12:21:22.029  2394  3243 I ActivityManager: Background started FGS: Allowed [callingPackage: com.truecaller; callingUid: 10387; uidState: BFGS; uidBFSL: [BFSL]; intent: Intent { flg=0x20 cmp=com.truecaller/.callerid.CallerIdService }; code:PROC_STATE_BFGS; tempAllowListReason:<null>; targetSdkVersion:35; callerTargetSdkVersion:35; startForegroundCount:0; bindFromPackage:null: isBindService:false]
08-21 12:21:22.029  2394  3243 D CompatChangeReporter: Compat change id reported: 311208629; UID 10387; state: ENABLED
08-21 12:21:22.029  2394  3243 D CompatChangeReporter: Compat change id reported: 319471980; UID 10387; state: ENABLED
08-21 12:21:22.033  2394  3446 I Telecom : Event: RecordEntry TC@5: SCREENING_COMPLETED, [Allow, logged, notified, contact exists, mCallScreeningAppName = Truecaller, mCallScreeningComponentName = com.truecaller/com.truecaller.callerid.callstate.TruecallerCallScreeningService]: NCSSF.aC@Mb8
08-21 12:21:22.034  2394 16286 I Telecom : IncomingCallFilterGraph: Filter com.android.server.telecom.callfiltering.CallScreeningServiceFilter@9aef281: com.truecaller done, result: [Allow, logged, notified, contact exists, mCallScreeningAppName = Truecaller, mCallScreeningComponentName = com.truecaller/com.truecaller.callerid.callstate.TruecallerCallScreeningService].: NCSSF.aC->ICFG.sF@Mb8
08-21 12:21:22.035  2394 16286 I Telecom : IncomingCallFilterGraph: Filter com.android.server.telecom.callfiltering.CallFilter@3c79995 scheduled.: NCSSF.aC->ICFG.sF@Mb8
08-21 12:21:22.035  2394 16286 I Telecom : IncomingCallFilterGraph: Filter com.android.server.telecom.callfiltering.CallFilter@3c79995 done, result: [Allow, logged, notified, contact exists, mCallScreeningAppName = Truecaller, mCallScreeningComponentName = com.truecaller/com.truecaller.callerid.callstate.TruecallerCallScreeningService].: NCSSF.aC->ICFG.sF->ICFG.sF->ICFG.sF@Mb8
08-21 12:21:22.035  2394 16286 I Telecom : MotoCallsManager: onCallFilteringComplete: NCSSF.aC->ICFG.sF->ICFG.sF->ICFG.sF@Mb8
08-21 12:21:22.035  2394 16286 I Telecom : MotoCallsManager: setCallState NEW -> RINGING, call: [Call id=TC@5, state=NEW, tpac=ComponentInfo{com.android.phone/com.android.services.telephony.TelephonyConnectionService}, 2, UserHandle{0}, cmgr=ComponentInfo{com.android.phone/com.android.services.telephony.TelephonyConnectionService}, 2, UserHandle{0}, handle=tel:*************, vidst=A, childs(0), has_parent(false), cap=[ sup_hld mut VTlrx VTltx VTlbi spd_aud], prop=[], voip=false, gthpst=1, vzwAudioData=[VzwAudioData : UserSelectedAudioMode : -1 AudioMode : -1]], mIsConference(false)]: NCSSF.aC->ICFG.sF->ICFG.sF->ICFG.sF@Mb8
08-21 12:21:22.042  2394  3562 D CompatChangeReporter: Compat change id reported: 296558535; UID 10387; state: ENABLED
08-21 12:21:22.042  2394  3562 D CompatChangeReporter: Compat change id reported: 317799821; UID 10387; state: ENABLED
08-21 12:21:22.044  2394  3562 D CompatChangeReporter: Compat change id reported: 313677553; UID 10387; state: ENABLED
08-21 12:21:22.044  2394  3562 W ActivityManager: Foreground service started from background can not have location/camera/microphone access: service com.truecaller/.callerid.CallerIdService
08-21 12:21:22.044  2394  3562 I ActivityManager: Background started FGS: Allowed [callingPackage: com.truecaller; callingUid: 10387; uidState: FGS ; uidBFSL: [BFSL]; intent: Intent { cmp=com.truecaller/.callerid.CallerIdService }; code:PROC_STATE_FGS; tempAllowListReason:<null>; targetSdkVersion:35; callerTargetSdkVersion:35; startForegroundCount:0; bindFromPackage:null: isBindService:false]; startForegroundDelayMs:71729381
08-21 12:21:22.044  2394 16286 W AppOpService: Ignored setUidMode call for runtime permission app op: uid = 10218, code = READ_CELL_BROADCASTS, mode = allow, callingUid = 1001, oldMode = allow
08-21 12:21:22.049  2394 16286 W AppOpService: Ignored setUidMode call for runtime permission app op: uid = 1001, code = READ_SMS, mode = allow, callingUid = 1001, oldMode = allow
08-21 12:21:22.050  2394 16286 W AppOpService: Ignored setUidMode call for runtime permission app op: uid = 1001, code = RECEIVE_SMS, mode = allow, callingUid = 1001, oldMode = allow
08-21 12:21:22.050  2394 16286 W AppOpService: Ignored setUidMode call for runtime permission app op: uid = 1001, code = RECEIVE_WAP_PUSH, mode = allow, callingUid = 1001, oldMode = allow
08-21 12:21:22.050  2394 16286 W AppOpService: Ignored setUidMode call for runtime permission app op: uid = 1001, code = SEND_SMS, mode = allow, callingUid = 1001, oldMode = allow
08-21 12:21:22.051  2394 16286 W AppOpService: Ignored setUidMode call for runtime permission app op: uid = 1001, code = READ_CELL_BROADCASTS, mode = allow, callingUid = 1001, oldMode = allow
08-21 12:21:22.051  2394 16286 I Telecom : Event: RecordEntry TC@5: SET_RINGING, successful incoming call: NCSSF.aC->ICFG.sF->ICFG.sF->ICFG.sF@Mb8
08-21 12:21:22.052  3407  3407 I TelecomFramework: TelephonyConnectionService: onCallFilteringCompleted(TC@5_1, CallFilteringCompletionInfo{mIsBlocked=false, mIsInContacts=true, mCallResponse=android.telecom.CallScreeningService$CallResponse@8994d0fe, mCallScreeningPackageName='ComponentInfo{com.truecaller/com.truecaller.callerid.callstate.TruecallerCallScreeningService}'}): (NCSSF.aC->ICFG.sF->ICFG.sF->ICFG.sF)->CS.oCFC->H.CS.oCFC(cast)@E-Mb8
08-21 12:21:22.054  2394 16286 I Telecom : MotoCallsManager: onCallFilteringComplete: allow call.: NCSSF.aC->ICFG.sF->ICFG.sF->ICFG.sF@Mb8
08-21 12:21:22.054  2394 16286 I Telecom : MotoCallsManager: addCall([Call id=TC@5, state=RINGING, tpac=ComponentInfo{com.android.phone/com.android.services.telephony.TelephonyConnectionService}, 2, UserHandle{0}, cmgr=ComponentInfo{com.android.phone/com.android.services.telephony.TelephonyConnectionService}, 2, UserHandle{0}, handle=tel:*************, vidst=A, childs(0), has_parent(false), cap=[ sup_hld mut VTlrx VTltx VTlbi spd_aud], prop=[], voip=false, gthpst=1, vzwAudioData=[VzwAudioData : UserSelectedAudioMode : -1 AudioMode : -1]], mIsConference(false)]): NCSSF.aC->ICFG.sF->ICFG.sF->ICFG.sF@Mb8
08-21 12:21:22.054  2394 16286 I Telecom : InCallController: onCallAdded: 234192363: NCSSF.aC->ICFG.sF->ICFG.sF->ICFG.sF@Mb8
08-21 12:21:22.055  2394 16286 I Telecom : InCallController: onCallAdded: [Call id=TC@5, state=RINGING, tpac=ComponentInfo{com.android.phone/com.android.services.telephony.TelephonyConnectionService}, 2, UserHandle{0}, cmgr=ComponentInfo{com.android.phone/com.android.services.telephony.TelephonyConnectionService}, 2, UserHandle{0}, handle=tel:*************, vidst=A, childs(0), has_parent(false), cap=[ sup_hld mut VTlrx VTltx VTlbi spd_aud], prop=[], voip=false, gthpst=1, vzwAudioData=[VzwAudioData : UserSelectedAudioMode : -1 AudioMode : -1]], mIsConference(false)]; not bound or connected.: NCSSF.aC->ICFG.sF->ICFG.sF->ICFG.sF@Mb8
08-21 12:21:22.055  2394 16286 I Telecom : InCallController: child:UserHandle{0}  parent:null: NCSSF.aC->ICFG.sF->ICFG.sF->ICFG.sF@Mb8
08-21 12:21:22.057  2394 16286 I Telecom : InCallController: getComponents, pkgname: com.google.android.dialer comp: null userid: 0 requestedType: 2: NCSSF.aC->ICFG.sF->ICFG.sF->ICFG.sF@Mb8
08-21 12:21:22.058  2394 16286 I Telecom : InCallController: packageName:com.google.android.dialer INTERACT_ACROSS_USERS:true INTERACT_ACROSS_PROFILES:false INTERACT_ACROSS_PROFILES_APPOP:false: NCSSF.aC->ICFG.sF->ICFG.sF->ICFG.sF@Mb8
08-21 12:21:22.059  2394 16286 I Telecom : InCallController: found:ComponentInfo{com.google.android.dialer/com.android.incallui.InCallServiceImpl} isRequestedtype:true isEnabled:true ignoreDisabled:true hasCrossProfilePerm:true: NCSSF.aC->ICFG.sF->ICFG.sF->ICFG.sF@Mb8
08-21 12:21:22.059  2394 16286 I Telecom : InCallController: defaultDialer: [ComponentInfo{com.google.android.dialer/com.android.incallui.InCallServiceImpl} supportsExternal? false supportsSelfMg?false]: NCSSF.aC->ICFG.sF->ICFG.sF->ICFG.sF@Mb8
08-21 12:21:22.059  2394 16286 I Telecom : InCallController: defaultDialer: null: NCSSF.aC->ICFG.sF->ICFG.sF->ICFG.sF@Mb8
08-21 12:21:22.059  2394 16286 I Telecom : InCallController: getComponents, pkgname: null comp: ComponentInfo{com.google.android.dialer/com.android.incallui.InCallServiceImpl} userid: 0 requestedType: 2: NCSSF.aC->ICFG.sF->ICFG.sF->ICFG.sF@Mb8
08-21 12:21:22.059  2394 16286 I Telecom : InCallController: packageName:com.google.android.dialer INTERACT_ACROSS_USERS:true INTERACT_ACROSS_PROFILES:false INTERACT_ACROSS_PROFILES_APPOP:false: NCSSF.aC->ICFG.sF->ICFG.sF->ICFG.sF@Mb8
