08-21 12:21:41.277  2394  3698 I Telecom : MotoCallAudioRouteStateMachine: setSystemAudioState: changing from [AudioState isMuted: false, route: EARPIECE, supportedRouteMask: EARPIECE, SPEAKER, activeBluetoothDevice: [null], supportedBluetoothDevices: []] to [AudioState isMuted: false, route: EARPIECE, supportedRouteMask: EARPIECE, SPEAKER, activeBluetoothDevice: [null], supportedBluetoothDevices: []]: ICA.aC->CSFM.rF->CARSM.pM_MUTE_OFF(cgad)@Mjs
08-21 12:21:41.280  2394  3698 I Telecom : BluetoothRouteManager: getBluetoothAudioConnectedDevice: no service available.: ICA.aC->CSFM.rF->CARSM.pM_MUTE_OFF(cgad)@Mjs
08-21 12:21:41.280  2394  8035 D CoreBackPreview: Window{6f1632d u0 com.google.android.dialer/com.android.dialer.incall.activity.ui.InCallActivity}: Setting back callback OnBackInvokedCallbackInfo{mCallback=android.window.IOnBackInvokedCallback$Stub$Proxy@878cae5, mPriority=-1, mIsAnimationCallback=false}
08-21 12:21:41.284  2394  3698 I Telecom : MotoCallAudioRouteStateMachine: Message received: SWITCH_FOCUS=4001, arg1=2: ICA.aC->CSFM.rF->CAMSM.pM_1002->CARSM.pM_SWITCH_FOCUS(cgad)@Mjs
08-21 12:21:41.285  2394  3698 I Telecom : CallAudioRouteStateMachine$ActiveEarpieceRoute: Processing message SWITCH_FOCUS: ICA.aC->CSFM.rF->CAMSM.pM_1002->CARSM.pM_SWITCH_FOCUS(cgad)@Mjs
08-21 12:21:41.299  2394  3703 I Telecom : ConnectionServiceFocusManager: updateCurrentFocusCall = null: ICA.aC->CSFM.rF->CSFM.oCSS(cgad)@Mjs
08-21 12:21:41.345  2394  3239 W JobScheduler: Job didn't exist in JobStore: cd13f0c #u0a278/1034 com.google.android.apps.photos/com.google.android.libraries.social.mediamonitor.MediaMonitorJobSchedulerService
08-21 12:21:41.440  2394  3446 I DropBoxManagerService: add tag=CALL_START isTagEnabled=true flags=0x2
08-21 12:21:41.446  2394  2454 D CompatChangeReporter: Compat change id reported: 296060945; UID 10216; state: ENABLED
08-21 12:21:41.447  2394  3153 D ActivityManager: unfreezing ProcessRecord{5527509 15507:com.motorola.camera5/u0a211}, reason = moto_freezer, adj = 925, adjType = provider, adjSource = ProcessRecord{e77ed63 6663:com.google.android.apps.photos/u0a278}
08-21 12:21:41.448  2394  3153 D ActivityManager: sync unfroze 15507 com.motorola.camera5 for 1
08-21 12:21:41.484  2394  3701 I Telecom : CallAudioModeStateMachine: Message received: null.
08-21 12:21:41.484  2394  2736 I Telecom : InCallController: Sending updateCall [Call id=TC@5, state=ANSWERED, tpac=ComponentInfo{com.android.phone/com.android.services.telephony.TelephonyConnectionService}, 2, UserHandle{0}, cmgr=ComponentInfo{com.android.phone/com.android.services.telephony.TelephonyConnectionService}, 2, UserHandle{0}, handle=tel:*************, vidst=A, childs(0), has_parent(false), cap=[ sup_hld mut VTlrx VTltx VTlbi spd_aud], prop=[], voip=false, gthpst=1, vzwAudioData=[VzwAudioData : UserSelectedAudioMode : -1 AudioMode : -1]], mIsConference(false)]: CSW.pE(cap)@Mj0
08-21 12:21:41.486  2394  2736 I Telecom : InCallController: Components updated: [ComponentInfo{com.motorola.sarcontrol/com.motorola.sarcontrol.SarInCallService}, ComponentInfo{com.google.android.dialer/com.android.incallui.InCallServiceImpl}, ComponentInfo{com.google.android.gms/com.google.android.gms.bankscamwarning.services.BankScamCallDetectionService}, ComponentInfo{com.motorola.bach.modemstats/com.motorola.bach.modemstats.call.MPhoneInCallService}]: CSW.pE(cap)@Mj0
08-21 12:21:41.486  2394  2736 I Telecom : InCallController: Sending updateCall [Call id=TC@5, state=ANSWERED, tpac=ComponentInfo{com.android.phone/com.android.services.telephony.TelephonyConnectionService}, 2, UserHandle{0}, cmgr=ComponentInfo{com.android.phone/com.android.services.telephony.TelephonyConnectionService}, 2, UserHandle{0}, handle=tel:*************, vidst=A, childs(0), has_parent(false), cap=[ sup_hld mut VTlrx VTltx VTlbi spd_aud], prop=[], voip=false, gthpst=1, vzwAudioData=[VzwAudioData : UserSelectedAudioMode : -1 AudioMode : -1]], mIsConference(false)]: CSW.sSH(cap)@Mj4
08-21 12:21:41.488  2394  2736 I Telecom : InCallController: Components updated: [ComponentInfo{com.motorola.sarcontrol/com.motorola.sarcontrol.SarInCallService}, ComponentInfo{com.google.android.dialer/com.android.incallui.InCallServiceImpl}, ComponentInfo{com.google.android.gms/com.google.android.gms.bankscamwarning.services.BankScamCallDetectionService}, ComponentInfo{com.motorola.bach.modemstats/com.motorola.bach.modemstats.call.MPhoneInCallService}]: CSW.sSH(cap)@Mj4
08-21 12:21:41.489  2394  2736 I Telecom : MotoCallsManager: markCallAsActive, isSelfManaged: false: CSW.sA(cap)@Mj8
08-21 12:21:41.489  2394  2736 I Telecom : MotoCallsManager: setCallState ANSWERED -> ACTIVE, call: [Call id=TC@5, state=ANSWERED, tpac=ComponentInfo{com.android.phone/com.android.services.telephony.TelephonyConnectionService}, 2, UserHandle{0}, cmgr=ComponentInfo{com.android.phone/com.android.services.telephony.TelephonyConnectionService}, 2, UserHandle{0}, handle=tel:*************, vidst=A, childs(0), has_parent(false), cap=[ sup_hld mut VTlrx VTltx VTlbi spd_aud], prop=[], voip=false, gthpst=1, vzwAudioData=[VzwAudioData : UserSelectedAudioMode : -1 AudioMode : -1]], mIsConference(false)]: CSW.sA(cap)@Mj8
08-21 12:21:41.489  2394  2736 I Telecom : Event: RecordEntry TC@5: SET_ACTIVE, active set explicitly: CSW.sA(cap)@Mj8
08-21 12:21:41.489  2394  2736 I Telecom : InCallController: onCallStateChanged: Call state changed for TC@TC@5: ANSWERED -> ACTIVE: CSW.sA(cap)@Mj8
08-21 12:21:41.489  2394  2736 I Telecom : InCallController: Sending updateCall [Call id=TC@5, state=ACTIVE, tpac=ComponentInfo{com.android.phone/com.android.services.telephony.TelephonyConnectionService}, 2, UserHandle{0}, cmgr=ComponentInfo{com.android.phone/com.android.services.telephony.TelephonyConnectionService}, 2, UserHandle{0}, handle=tel:*************, vidst=A, childs(0), has_parent(false), cap=[ sup_hld mut VTlrx VTltx VTlbi spd_aud], prop=[], voip=false, gthpst=1, vzwAudioData=[VzwAudioData : UserSelectedAudioMode : -1 AudioMode : -1]], mIsConference(false)]: CSW.sA(cap)@Mj8
08-21 12:21:41.491  2394  7641 W UriGrantsManagerService: No permission grants found for com.google.android.apps.photos
08-21 12:21:41.492  2394  7641 W UriGrantsManagerService: No permission grants found for com.google.android.apps.photos
08-21 12:21:41.493  2394  3703 I Telecom : ConnectionServiceFocusManager: updateCurrentFocusCall [Call id=TC@5, state=ACTIVE, tpac=ComponentInfo{com.android.phone/com.android.services.telephony.TelephonyConnectionService}, 2, UserHandle{0}, cmgr=ComponentInfo{com.android.phone/com.android.services.telephony.TelephonyConnectionService}, 2, UserHandle{0}, handle=tel:*************, vidst=A, childs(0), has_parent(false), cap=[ sup_hld mut VTlrx VTltx VTlbi spd_aud], prop=[], voip=false, gthpst=1, vzwAudioData=[VzwAudioData : UserSelectedAudioMode : -1 AudioMode : -1]], mIsConference(false)]: CSW.sA->CSFM.oCSS(cap)@Mj8
08-21 12:21:41.494  2394  2736 I Telecom : InCallController: Components updated: [ComponentInfo{com.motorola.sarcontrol/com.motorola.sarcontrol.SarInCallService}, ComponentInfo{com.google.android.dialer/com.android.incallui.InCallServiceImpl}, ComponentInfo{com.google.android.gms/com.google.android.gms.bankscamwarning.services.BankScamCallDetectionService}, ComponentInfo{com.motorola.bach.modemstats/com.motorola.bach.modemstats.call.MPhoneInCallService}]: CSW.sA(cap)@Mj8
08-21 12:21:41.494  2394  2736 I Telecom : TelecomWakeLock: Releasing WakeLock with id: 26: CSW.sA(cap)@Mj8
08-21 12:21:41.494  2394  2736 I Telecom : InCallWakeLockController: Releasing full wake lock: CSW.sA(cap)@Mj8
08-21 12:21:41.503  2394  2736 I Telecom : MotoCallAudioManager: onCallStateChanged: Call state changed for TC@TC@5: ANSWERED -> ACTIVE: CSW.sA(cap)@Mj8
08-21 12:21:41.504  2394  2736 I Telecom : MotoCallAudioManager: updateForegroundCall; oldFg=TC@5, newFg=TC@5, aDC=TC@5, ring=, hold=: CSW.sA(cap)@Mj8
08-21 12:21:41.504  2394  2736 I Telecom : CallAnomalyWatchdog: onCallStateChanged: call=[Call id=TC@5, state=ACTIVE, tpac=ComponentInfo{com.android.phone/com.android.services.telephony.TelephonyConnectionService}, 2, UserHandle{0}, cmgr=ComponentInfo{com.android.phone/com.android.services.telephony.TelephonyConnectionService}, 2, UserHandle{0}, handle=tel:*************, vidst=A, childs(0), has_parent(false), cap=[ sup_hld mut VTlrx VTltx VTlbi spd_aud], prop=[], voip=false, gthpst=1, vzwAudioData=[VzwAudioData : UserSelectedAudioMode : -1 AudioMode : -1]], mIsConference(false)]: CSW.sA(cap)@Mj8
08-21 12:21:41.505  2394  2736 I Telecom : CallAnomalyWatchdog: maybePostCleanupTask; callId=TC@5, state=ACTIVE, createConnComplete=true: CSW.sA(cap)@Mj8
08-21 12:21:41.510  2394  3701 W Telecom : Logging: Log.endSession was called with no session active.
08-21 12:21:41.510  2394  3701 I Telecom : CallAudioModeStateMachine: Message received: NO_MORE_RINGING_CALLS.: CSW.sA->CAMSM.pM_1002(cap)@Mj8
08-21 12:21:41.510  2394  3701 I Telecom : CallAudioModeStateMachine: Message received: NEW_ACTIVE_OR_DIALING_CALL.: CSW.sA->CAMSM.pM_2001(cap)@Mj8
08-21 12:21:41.522  2394  3446 D SystemServerTiming: getUserSwitchability-0
08-21 12:21:41.522  2394  3446 D SystemServerTiming: TM.isInCall
08-21 12:21:41.548  2394  8403 D PowerManagerService: nativeSetPowerMode ret:true mode:5 enabled:false duration ms: 0
08-21 12:21:41.548  2394  2469 W MotoBatteryCareService: uid: 10205 pkgName:com.google.android.dialer come to foreground
08-21 12:21:41.549  2394  3485 W PackageConfigPersister: App-specific configuration not found for packageName: com.google.android.dialer and userId: 0
08-21 12:21:41.569  2394  2736 I Telecom : PhoneStateBroadcaster: Broadcasted state change: 2: CSW.sA(cap)@Mj8
08-21 12:21:41.581  2394  3891 D ActivityTaskManager: getPreferredLaunchDisplay userset_displayid true user set display id 0, current focus display 0
08-21 12:21:41.581  2394  3891 I SettingsAccessControlPolicy: isDeviceSettingsChangeDisabled: value -> false
08-21 12:21:41.582  2394  3891 W OptProp : Cannot read opt property android.window.PROPERTY_COMPAT_ALLOW_ORIENTATION_OVERRIDE
08-21 12:21:41.582  2394  3891 D ActivityTaskManager: getPreferredLaunchDisplay userset_displayid true user set display id 0, current focus display 0
08-21 12:21:41.582  2394  3891 D ActivityTaskManager: getPreferredLaunchDisplay userset_displayid true user set display id 0, current focus display 0
08-21 12:21:41.583  2394  3891 D ActivityTaskManager: getPreferredLaunchDisplay userset_displayid false user set display id 0, current focus display 0
08-21 12:21:41.583  2394  3891 D ActivityTaskManager: getPreferredLaunchDisplay userset_displayid false user set display id 0, current focus display 0
08-21 12:21:41.583  2394  3891 D ActivityTaskManager: getPreferredLaunchDisplay userset_displayid false user set display id 0, current focus display 0
08-21 12:21:41.583  2394  3891 D ActivityTaskManager: getPreferredLaunchDisplay userset_displayid false user set display id 0, current focus display 0
08-21 12:21:41.585  2394  3891 I ActivityTaskManager: START u0 {act=android.intent.action.MAIN flg=0x10040000 cmp=com.google.android.dialer/com.android.dialer.incall.activity.ui.InCallActivity (has extras)} with LAUNCH_SINGLE_TASK from uid 10205 (startActivityAsUser) (BAL_ALLOW_VISIBLE_WINDOW) result code=3
08-21 12:21:41.586  3199  3249 V WindowManagerShell: Transition requested (#963): android.os.BinderProxy@63b38bf TransitionRequestInfo { type = OPEN, triggerTask = TaskInfo{userId=0 taskId=5192 displayId=0 isRunning=true baseIntent=Intent { act=com.android.dialer.incall.statusbarnotification.buttonintentANSWER flg=0x100c0000 cmp=com.google.android.dialer/com.android.dialer.incall.activity.ui.InCallActivity } baseActivity=ComponentInfo{com.google.android.dialer/com.android.dialer.incall.activity.ui.InCallActivity} topActivity=ComponentInfo{com.google.android.dialer/com.android.dialer.incall.activity.ui.InCallActivity} origActivity=null realActivity=ComponentInfo{com.google.android.dialer/com.android.dialer.incall.activity.ui.InCallActivity} numActivities=1 lastActiveTime=121941610 supportsMultiWindow=true supportsGlobalFreeform=true resizeMode=2 isResizeable=true isAppLocked=false isShowDecorCaptionWindowRequest=false canKillAndRestart=false minWidth=-1 minHeight=-1 defaultMinSize=200 token=WCT{android.window.IWindowContainerToken$Stub$Proxy@53b8b8c} topActivityType=1 pictureInPictureParams=null shouldDockBigOverlays=false launchIntoPipHostTaskId=-1 lastParentTaskIdBeforePip=-1 displayCutoutSafeInsets=null topActivityInfo=ActivityInfo{92742d5 com.android.dialer.incall.activity.ui.InCallActivity} launchCookies=[] positionInParent=Point(0, 0) parentTaskId=-1 isFocused=true isVisible=true isVisibleRequested=true isSleeping=false locusId=null displayAreaFeatureId=1 isTopActivityTransparent=false appCompatTaskInfo=AppCompatTaskInfo { topActivityInSizeCompat=false topActivityEligibleForLetterboxEducation= falseisLetterboxEducationEnabled= false isLetterboxDoubleTapEnabled= false topActivityEligibleForUserAspectRatioButton= false topActivityBoundsLetterboxed= false isFromLetterboxDoubleTap= false topActivityLetterboxVerticalPosition= -1 topActivityLetterboxHorizontalPosition= -1 topActivityLetterboxWidth=1220 topActivityLetterboxHeight=2712 isUserFullscreenOverrideEnabled=false isSystemFullscreenOverrideEnabled=false cameraCompatTaskInfo=CameraCompatTaskInfo { cameraCompatControlState=hidden freeformCameraCompatMode=inactive}}}, pipTask = null, remoteTransition = null, displayChange = null, flags = 0, debugId = 963 }
08-21 12:21:41.587  3199  3249 D WindowManagerShell: onActivityRestartAttempt: ComponentInfo{com.google.android.dialer/com.android.dialer.incall.activity.ui.InCallActivity}
08-21 12:21:41.588  3199  3839 V WindowManagerShell: onTransitionReady(transaction=10282151765864)
08-21 12:21:41.589  3199  3249 V WindowManagerShell: onTransitionReady (#963) android.os.BinderProxy@63b38bf: {id=963 t=OPEN f=0x0 trk=0 r=[] c=[]}
08-21 12:21:41.589  3199  3249 V WindowManagerShell: No transition roots in (#963) android.os.BinderProxy@63b38bf@0 so abort
08-21 12:21:41.589  3199  3249 V WindowManagerShell: Transition was merged: (#963) android.os.BinderProxy@63b38bf@0 into (#962) android.os.BinderProxy@ba96bda@0
08-21 12:21:41.600  2394  2470 D ActivityManager: unfreezing ProcessRecord{101b5f4 16389:org.telegram.messenger/u0a423}, reason = unfreezeTemporarily, adj = 920, adjType = cch-empty, adjSource = null
08-21 12:21:41.603  2394  2470 D ActivityManager: sync unfroze 16389 org.telegram.messenger for 3
08-21 12:21:41.605  2394  2454 V WindowManager: Sent Transition (#963) createdAt=08-21 12:21:41.582 via request=TransitionRequestInfo { type = OPEN, triggerTask = TaskInfo{userId=0 taskId=5192 displayId=0 isRunning=true baseIntent=Intent { act=com.android.dialer.incall.statusbarnotification.buttonintentANSWER flg=0x100c0000 cmp=com.google.android.dialer/com.android.dialer.incall.activity.ui.InCallActivity } baseActivity=ComponentInfo{com.google.android.dialer/com.android.dialer.incall.activity.ui.InCallActivity} topActivity=ComponentInfo{com.google.android.dialer/com.android.dialer.incall.activity.ui.InCallActivity} origActivity=null realActivity=ComponentInfo{com.google.android.dialer/com.android.dialer.incall.activity.ui.InCallActivity} numActivities=1 lastActiveTime=121941610 supportsMultiWindow=true supportsGlobalFreeform=true resizeMode=2 isResizeable=true isAppLocked=false isShowDecorCaptionWindowRequest=false canKillAndRestart=true minWidth=-1 minHeight=-1 defaultMinSize=200 token=WCT{RemoteToken{b58cf9a Task{7efb285 #5192 type=standard A=10205:com.google.android.dialer}}} topActivityType=1 pictureInPictureParams=null shouldDockBigOverlays=false launchIntoPipHostTaskId=-1 lastParentTaskIdBeforePip=-1 displayCutoutSafeInsets=null topActivityInfo=ActivityInfo{b9fe0a8 com.android.dialer.incall.activity.ui.InCallActivity} launchCookies=[] positionInParent=Point(0, 0) parentTaskId=-1 isFocused=true isVisible=true isVisibleRequested=true isSleeping=false locusId=null displayAreaFeatureId=1 isTopActivityTransparent=false appCompatTaskInfo=AppCompatTaskInfo { topActivityInSizeCompat=false topActivityEligibleForLetterboxEducation= falseisLetterboxEducationEnabled= false isLetterboxDoubleTapEnabled= false topActivityEligibleForUserAspectRatioButton= false topActivityBoundsLetterboxed= false isFromLetterboxDoubleTap= false topActivityLetterboxVerticalPosition= -1 topActivityLetterboxHorizontalPosition= -1 topActivityLetterboxWidth=1220 topActivityLetterboxHeight=2712 isUserFullscreenOverrideEnabled=false isSystemFullscreenOverrideEnabled=false cameraCompatTaskInfo=CameraCompatTaskInfo { cameraCompatControlState=hidden freeformCameraCompatMode=inactive}}}, pipTask = null, remoteTransition = null, displayChange = null, flags = 0, debugId = 963 }
08-21 12:21:41.605  2394  2454 V WindowManager:     startWCT=WindowContainerTransaction { changes = {} hops = [] errorCallbackToken=null taskFragmentOrganizer=null }
08-21 12:21:41.605  2394  2454 V WindowManager:     info={id=963 t=OPEN f=0x0 trk=0 r=[] c=[]}
08-21 12:21:41.606  2394  2469 W MotoBatteryCareService: uid: 10205 pkgName:com.google.android.dialer come to foreground
08-21 12:21:41.607  2394  8050 W UserManagerService: Requested status bar icon for non-badged user 0
08-21 12:21:41.660  2394  3138 E MR2SystemProvider: Could not map this selected device attribute type to an available route: 1
08-21 12:21:41.662  2394  8050 W JobScheduler.Concurrency: Had fewer than 16 in existence
08-21 12:21:41.695  2394  2736 I Telecom : IncomingCallNotifier: updateIncomingCall: foundIncomingcall = null: CSW.sA(cap)@Mj8
08-21 12:21:41.695  2394  3239 I Telecom : TelecomServiceImpl$1: isInEmergencyCall: false: TSI.iIEC@MkA
08-21 12:21:41.695  2394  3446 D SystemServerTiming: hasUserRestriction-DISALLOW_USER_SWITCH
08-21 12:21:41.695  2394  3446 D SystemServerTiming: getInt-ALLOW_USER_SWITCHING_WHEN_SYSTEM_USER_LOCKED
08-21 12:21:41.695  2394  3446 D SystemServerTiming: isUserUnlocked-USER_SYSTEM
08-21 12:21:41.698  2394  2736 I Telecom : Event: RecordEntry TC@5: CONF_CALLS_CHANGED, : CSW.sCC(cap)@Mkg
08-21 12:21:41.698  2394  2736 I Telecom : InCallController: Sending updateCall [Call id=TC@5, state=ACTIVE, tpac=ComponentInfo{com.android.phone/com.android.services.telephony.TelephonyConnectionService}, 2, UserHandle{0}, cmgr=ComponentInfo{com.android.phone/com.android.services.telephony.TelephonyConnectionService}, 2, UserHandle{0}, handle=tel:*************, vidst=A, childs(0), has_parent(false), cap=[ sup_hld mut VTlrx VTltx VTlbi spd_aud], prop=[], voip=false, gthpst=1, vzwAudioData=[VzwAudioData : UserSelectedAudioMode : -1 AudioMode : -1]], mIsConference(false)]: CSW.sCC(cap)@Mkg
08-21 12:21:41.704  2394  2504 I DisplayPowerProximityStateController[0]: onSensorChanged positive=false
08-21 12:21:41.704  2394  2394 I BrightnessSynchronizer: New Update: {[1561] 0.1903563(f), mUpdatedTypes=0, mConfirmedTypes=0, mTimeUpdated=0, mState=2}
08-21 12:21:41.714  3199  3249 V WindowManagerShell: Transition animation finished (aborted=false), notifying core (#962) android.os.BinderProxy@ba96bda@0
08-21 12:21:41.720  2394  3446 D SystemServerTiming: getUserSwitchability-0
08-21 12:21:41.720  2394  3446 D SystemServerTiming: TM.isInCall
08-21 12:21:41.720  2394  2454 V WindowManager: Finish Transition (#962): created at 08-21 12:21:41.141 collect-started=0.047ms request-sent=7.641ms started=8.413ms ready=17.979ms sent=44.234ms finished=574.896ms
08-21 12:21:41.722  3199  3249 V WindowManagerShell: Track 0 became idle
08-21 12:21:41.722  3199  3249 V WindowManagerShell: All active transition animations finished
08-21 12:21:41.728  2394  2440 W UserManagerService: Requested status bar icon for non-badged user 0
08-21 12:21:41.738  2394  2440 W UserManagerService: Requested status bar icon for non-badged user 0
08-21 12:21:41.758  2394  2454 V WindowManager: Finish Transition (#963): created at 08-21 12:21:41.582 collect-started=0.06ms request-sent=2.045ms started=4.661ms ready=4.641ms sent=5.235ms finished=138.168ms
08-21 12:21:41.760  2394  8050 W UserManagerService: Requested status bar icon for non-badged user 0
08-21 12:21:41.794  2394  2736 I Telecom : InCallController: Components updated: [ComponentInfo{com.motorola.sarcontrol/com.motorola.sarcontrol.SarInCallService}, ComponentInfo{com.google.android.dialer/com.android.incallui.InCallServiceImpl}, ComponentInfo{com.google.android.gms/com.google.android.gms.bankscamwarning.services.BankScamCallDetectionService}, ComponentInfo{com.motorola.bach.modemstats/com.motorola.bach.modemstats.call.MPhoneInCallService}]: CSW.sCC(cap)@Mkg
08-21 12:21:41.795  2394  3485 I Telecom : InCallController: Sending updateCall [Call id=TC@5, state=ACTIVE, tpac=ComponentInfo{com.android.phone/com.android.services.telephony.TelephonyConnectionService}, 2, UserHandle{0}, cmgr=ComponentInfo{com.android.phone/com.android.services.telephony.TelephonyConnectionService}, 2, UserHandle{0}, handle=tel:*************, vidst=A, childs(0), has_parent(false), cap=[ sup_hld mut VTlrx VTltx VTlbi spd_aud], prop=[], voip=false, gthpst=1, vzwAudioData=[VzwAudioData : UserSelectedAudioMode : -1 AudioMode : -1]], mIsConference(false)]: CSW.sSH(cap)@Mk0
08-21 12:21:41.797  2394  3485 I Telecom : InCallController: Components updated: [ComponentInfo{com.motorola.sarcontrol/com.motorola.sarcontrol.SarInCallService}, ComponentInfo{com.google.android.dialer/com.android.incallui.InCallServiceImpl}, ComponentInfo{com.google.android.gms/com.google.android.gms.bankscamwarning.services.BankScamCallDetectionService}, ComponentInfo{com.motorola.bach.modemstats/com.motorola.bach.modemstats.call.MPhoneInCallService}]: CSW.sSH(cap)@Mk0
08-21 12:21:41.797  2394  3485 I Telecom : InCallController: Sending updateCall [Call id=TC@5, state=ACTIVE, tpac=ComponentInfo{com.android.phone/com.android.services.telephony.TelephonyConnectionService}, 2, UserHandle{0}, cmgr=ComponentInfo{com.android.phone/com.android.services.telephony.TelephonyConnectionService}, 2, UserHandle{0}, handle=tel:*************, vidst=A, childs(0), has_parent(false), cap=[ hld sup_hld mut VTlrx VTltx VTlbi spd_aud], prop=[], voip=false, gthpst=1, vzwAudioData=[VzwAudioData : UserSelectedAudioMode : -1 AudioMode : -1]], mIsConference(false)]: CSW.sCC(cap)@Mk4
08-21 12:21:41.798  2394  3485 I Telecom : InCallController: Components updated: [ComponentInfo{com.motorola.sarcontrol/com.motorola.sarcontrol.SarInCallService}, ComponentInfo{com.google.android.dialer/com.android.incallui.InCallServiceImpl}, ComponentInfo{com.google.android.gms/com.google.android.gms.bankscamwarning.services.BankScamCallDetectionService}, ComponentInfo{com.motorola.bach.modemstats/com.motorola.bach.modemstats.call.MPhoneInCallService}]: CSW.sCC(cap)@Mk4
08-21 12:21:41.798  2394  3485 I Telecom : Event: RecordEntry TC@5: CAPABILITY_CHANGE, Current: [[ hld sup_hld mut VTlrx VTltx VTlbi spd_aud]], Removed [[]], Added [[ hld]]: CSW.sCC(cap)@Mk4
08-21 12:21:41.798  2394  3446 D SystemServerTiming: hasUserRestriction-DISALLOW_USER_SWITCH
08-21 12:21:41.798  2394  3446 D SystemServerTiming: getInt-ALLOW_USER_SWITCHING_WHEN_SYSTEM_USER_LOCKED
08-21 12:21:41.798  2394  3446 D SystemServerTiming: isUserUnlocked-USER_SYSTEM
08-21 12:21:41.811  2394  2470 D ActivityManager: unfreezing ProcessRecord{b1be2a 16463:com.motorola.dynamicvolume/u0a223}, reason = unfreezeTemporarily, adj = 920, adjType = cch-empty, adjSource = null
08-21 12:21:41.812  2394  2470 D ActivityManager: sync unfroze 16463 com.motorola.dynamicvolume for 3
08-21 12:21:41.842  2394  4881 I Telecom : CallAudioModeStateMachine: onModeChanged: mode=2
08-21 12:21:41.881  2394  2746 W MotoBatteryCareService: isBatteryCareAllowedSelfStart restricted by mode.
08-21 12:21:41.881  2394  2746 D PackageManager: filterSelfStart: callingUid = 1000, targetUid = 10418, targetPackage = com.snapchat.android, type = 205, intent = Intent { flg=0x4 cmp=com.snapchat.android/androidx.work.impl.background.systemjob.SystemJobService }
08-21 12:21:41.881  2394  2746 W ActivityManager: Unable to start service Intent { flg=0x4 cmp=com.snapchat.android/androidx.work.impl.background.systemjob.SystemJobService } U=0: not found
08-21 12:21:41.881  2394  2746 W ActivityManager: Unbind failed: could not find connection for android.app.LoadedApk$ServiceDispatcher$InnerConnection@6b4cf0b
08-21 12:21:41.881  2394  2746 E JobScheduler.Concurrency: Error executing JobStatus{fdc4702 #u0a418/6391 com.snapchat.android/androidx.work.impl.background.systemjob.SystemJobService u=0 s=10418 READY}
08-21 12:21:41.954  2394  2504 I DisplayPowerProximityStateController[0]: No longer ignoring proximity [0]
08-21 12:21:41.955  2394  2394 I BrightnessSynchronizer: New Update: {[1562] 0.1903563(f), mUpdatedTypes=0, mConfirmedTypes=0, mTimeUpdated=0, mState=2}
08-21 12:21:41.955  2394  2457 D DisplayManagerService: Ignore redundant display event 0/4 to 10319/7238
08-21 12:21:41.955  2394  2457 D DisplayManagerService: Ignore redundant display event 0/4 to 10364/9483
08-21 12:21:41.955  2394  2457 D DisplayManagerService: Ignore redundant display event 0/4 to 10396/10356
08-21 12:21:41.955  2394  2457 D DisplayManagerService: Ignore redundant display event 0/4 to 10413/13366
08-21 12:21:42.016  2394  8035 D TouchHwAidlService: getStowStatusFromSensorHub stowStatus=0
08-21 12:21:42.016  2394  8035 D TouchHwAidlService: getStowStatusFromSensorHub stowStatus=0
08-21 12:21:42.019  2394  3138 E MR2SystemProvider: Could not map this selected device attribute type to an available route: 1
08-21 12:21:42.039  2394  3446 I Telecom : InCallController: Sending updateCall [Call id=TC@5, state=ACTIVE, tpac=ComponentInfo{com.android.phone/com.android.services.telephony.TelephonyConnectionService}, 2, UserHandle{0}, cmgr=ComponentInfo{com.android.phone/com.android.services.telephony.TelephonyConnectionService}, 2, UserHandle{0}, handle=tel:*************, vidst=A, childs(0), has_parent(false), cap=[ hld sup_hld mut VTlrx VTltx VTlbi spd_aud], prop=[], voip=false, gthpst=1, vzwAudioData=[VzwAudioData : UserSelectedAudioMode : -1 AudioMode : -1]], mIsConference(false)]: CSW.rE(cap)@MlM
08-21 12:21:42.059  2394  3446 I Telecom : InCallController: Components updated: [ComponentInfo{com.motorola.sarcontrol/com.motorola.sarcontrol.SarInCallService}, ComponentInfo{com.google.android.dialer/com.android.incallui.InCallServiceImpl}, ComponentInfo{com.google.android.gms/com.google.android.gms.bankscamwarning.services.BankScamCallDetectionService}, ComponentInfo{com.motorola.bach.modemstats/com.motorola.bach.modemstats.call.MPhoneInCallService}]: CSW.rE(cap)@MlM
08-21 12:21:42.074  2394  8035 D TouchHwAidlService: getStowStatusFromSensorHub stowStatus=0
08-21 12:21:42.075  2394  7641 D TouchHwAidlService: getStowStatusFromSensorHub stowStatus=0
08-21 12:21:42.109  2394  7641 D CompatChangeReporter: Compat change id reported: 311208749; UID 10387; state: ENABLED
08-21 12:21:42.110  2394  7641 D CompatChangeReporter: Compat change id reported: 311208629; UID 10387; state: ENABLED
08-21 12:21:42.112  2394  8035 I Telecom : InCallController: Sending updateCall [Call id=TC@5, state=ACTIVE, tpac=ComponentInfo{com.android.phone/com.android.services.telephony.TelephonyConnectionService}, 2, UserHandle{0}, cmgr=ComponentInfo{com.android.phone/com.android.services.telephony.TelephonyConnectionService}, 2, UserHandle{0}, handle=tel:*************, vidst=A, childs(0), has_parent(false), cap=[ hld sup_hld mut VTlrx VTltx VTlbi VTrrx VTrtx VTrbi spd_aud], prop=[], voip=false, gthpst=1, vzwAudioData=[VzwAudioData : UserSelectedAudioMode : -1 AudioMode : -1]], mIsConference(false)]: CSW.sCC(cap)@Mlk
08-21 12:21:42.112  2394  7641 D CompatChangeReporter: Compat change id reported: 319471980; UID 10387; state: ENABLED
08-21 12:21:42.116  2394  8035 I Telecom : InCallController: Components updated: [ComponentInfo{com.motorola.sarcontrol/com.motorola.sarcontrol.SarInCallService}, ComponentInfo{com.google.android.dialer/com.android.incallui.InCallServiceImpl}, ComponentInfo{com.google.android.gms/com.google.android.gms.bankscamwarning.services.BankScamCallDetectionService}, ComponentInfo{com.motorola.bach.modemstats/com.motorola.bach.modemstats.call.MPhoneInCallService}]: CSW.sCC(cap)@Mlk
08-21 12:21:42.117  2394  8035 I Telecom : Event: RecordEntry TC@5: CAPABILITY_CHANGE, Current: [[ hld sup_hld mut VTlrx VTltx VTlbi VTrrx VTrtx VTrbi spd_aud]], Removed [[]], Added [[ VTrrx VTrtx VTrbi]]: CSW.sCC(cap)@Mlk
08-21 12:21:42.119  2394  8035 D TouchHwAidlService: getStowStatusFromSensorHub stowStatus=0
08-21 12:21:42.121  2394  2440 D TouchHwAidlService: getStowStatusFromSensorHub stowStatus=0
08-21 12:21:42.122  2394  7641 D CompatChangeReporter: Compat change id reported: 296558535; UID 10387; state: ENABLED
08-21 12:21:42.123  2394  7641 D CompatChangeReporter: Compat change id reported: 317799821; UID 10387; state: ENABLED
08-21 12:21:42.124  2394  7641 W ActivityManager: Foreground service started from background can not have location/camera/microphone access: service com.truecaller/.callerid.CallerIdService
08-21 12:21:42.141  2394  8403 D CoreBackPreview: Window{40a0e7b u0 NotificationShade}: Setting back callback null
08-21 12:21:42.173  2394  2440 I Telecom : InCallController: Sending updateCall [Call id=TC@5, state=ACTIVE, tpac=ComponentInfo{com.android.phone/com.android.services.telephony.TelephonyConnectionService}, 2, UserHandle{0}, cmgr=ComponentInfo{com.android.phone/com.android.services.telephony.TelephonyConnectionService}, 2, UserHandle{0}, handle=tel:*************, vidst=A, childs(0), has_parent(false), cap=[ hld sup_hld mut VTlrx VTltx VTlbi VTrrx VTrtx VTrbi spd_aud], prop=[], voip=false, gthpst=1, vzwAudioData=[VzwAudioData : UserSelectedAudioMode : -1 AudioMode : -1]], mIsConference(false)]: CSW.pE(cap)@Mlw
08-21 12:21:42.177  2394  3701 I Telecom : CallAudioModeStateMachine: Message received: null.
08-21 12:21:42.179  2394  2440 I Telecom : InCallController: Components updated: [ComponentInfo{com.motorola.sarcontrol/com.motorola.sarcontrol.SarInCallService}, ComponentInfo{com.google.android.dialer/com.android.incallui.InCallServiceImpl}, ComponentInfo{com.google.android.gms/com.google.android.gms.bankscamwarning.services.BankScamCallDetectionService}, ComponentInfo{com.motorola.bach.modemstats/com.motorola.bach.modemstats.call.MPhoneInCallService}]: CSW.pE(cap)@Mlw
08-21 12:21:42.180  2394  3701 W Telecom : Logging: Log.endSession was called with no session active.
08-21 12:21:42.185  2394  3701 I Telecom : CallAudioModeStateMachine: Message received: null.
08-21 12:21:42.187  2394  2440 I Telecom : InCallController: Sending updateCall [Call id=TC@5, state=ACTIVE, tpac=ComponentInfo{com.android.phone/com.android.services.telephony.TelephonyConnectionService}, 2, UserHandle{0}, cmgr=ComponentInfo{com.android.phone/com.android.services.telephony.TelephonyConnectionService}, 2, UserHandle{0}, handle=tel:*************, vidst=A, childs(0), has_parent(false), cap=[ hld sup_hld mut VTlrx VTltx VTlbi VTrrx VTrtx VTrbi spd_aud], prop=[], voip=false, gthpst=1, vzwAudioData=[VzwAudioData : UserSelectedAudioMode : -1 AudioMode : -1]], mIsConference(false)]: CSW.pE(cap)@Ml0
08-21 12:21:42.187  2394  3701 W Telecom : Logging: Log.endSession was called with no session active.
08-21 12:21:42.195  2394  2440 I Telecom : InCallController: Components updated: [ComponentInfo{com.motorola.sarcontrol/com.motorola.sarcontrol.SarInCallService}, ComponentInfo{com.google.android.dialer/com.android.incallui.InCallServiceImpl}, ComponentInfo{com.google.android.gms/com.google.android.gms.bankscamwarning.services.BankScamCallDetectionService}, ComponentInfo{com.motorola.bach.modemstats/com.motorola.bach.modemstats.call.MPhoneInCallService}]: CSW.pE(cap)@Ml0
08-21 12:21:42.204  2394  2440 I Telecom : InCallController: Sending updateCall [Call id=TC@5, state=ACTIVE, tpac=ComponentInfo{com.android.phone/com.android.services.telephony.TelephonyConnectionService}, 2, UserHandle{0}, cmgr=ComponentInfo{com.android.phone/com.android.services.telephony.TelephonyConnectionService}, 2, UserHandle{0}, handle=tel:*************, vidst=A, childs(0), has_parent(false), cap=[ hld sup_hld mut VTlrx VTltx VTlbi VTrrx VTrtx VTrbi spd_aud], prop=[ HD], voip=false, gthpst=1, vzwAudioData=[VzwAudioData : UserSelectedAudioMode : -1 AudioMode : -1]], mIsConference(false)]: CSW.sCP(cap)@Ml4
08-21 12:21:42.205  2394  7641 D TouchHwAidlService: getStowStatusFromSensorHub stowStatus=0
08-21 12:21:42.206  2394  7641 D TouchHwAidlService: getStowStatusFromSensorHub stowStatus=0
08-21 12:21:42.211  2394  2440 I Telecom : InCallController: Components updated: [ComponentInfo{com.motorola.sarcontrol/com.motorola.sarcontrol.SarInCallService}, ComponentInfo{com.google.android.dialer/com.android.incallui.InCallServiceImpl}, ComponentInfo{com.google.android.gms/com.google.android.gms.bankscamwarning.services.BankScamCallDetectionService}, ComponentInfo{com.motorola.bach.modemstats/com.motorola.bach.modemstats.call.MPhoneInCallService}]: CSW.sCP(cap)@Ml4
08-21 12:21:42.211  2394  2440 I Telecom : Event: RecordEntry TC@5: PROPERTY_CHANGE, Current: [[ HD]], Removed [[]], Added [[ HD]]: CSW.sCP(cap)@Ml4
08-21 12:21:42.223  2394  7641 D TouchHwAidlService: getStowStatusFromSensorHub stowStatus=0
08-21 12:21:42.223  2394  7641 D TouchHwAidlService: getStowStatusFromSensorHub stowStatus=0
08-21 12:21:42.232  2394  8403 D TouchHwAidlService: getStowStatusFromSensorHub stowStatus=0
08-21 12:21:42.232  2394  8403 D TouchHwAidlService: getStowStatusFromSensorHub stowStatus=0
08-21 12:21:42.238  2394  3446 D TouchHwAidlService: getStowStatusFromSensorHub stowStatus=0
08-21 12:21:42.239  2394  3446 D TouchHwAidlService: getStowStatusFromSensorHub stowStatus=0
08-21 12:21:42.243  2394  3446 D TouchHwAidlService: getStowStatusFromSensorHub stowStatus=0
08-21 12:21:42.243  2394  8035 D TouchHwAidlService: getStowStatusFromSensorHub stowStatus=0
08-21 12:21:42.392  2394  2394 I BrightnessSynchronizer: New Update: {[1563] 0.1903563(f), mUpdatedTypes=0, mConfirmedTypes=0, mTimeUpdated=0, mState=2}
08-21 12:21:42.392  2394  2457 D DisplayManagerService: Ignore redundant display event 0/4 to 10319/7238
08-21 12:21:42.392  2394  2457 D DisplayManagerService: Ignore redundant display event 0/4 to 10364/9483
08-21 12:21:42.392  2394  2457 D DisplayManagerService: Ignore redundant display event 0/4 to 10396/10356
08-21 12:21:42.392  2394  2457 D DisplayManagerService: Ignore redundant display event 0/4 to 10413/13366
08-21 12:21:42.515  2394  7641 W UriGrantsManagerService: No permission grants found for com.google.android.apps.photos
08-21 12:21:42.516  2394  2440 W UriGrantsManagerService: No permission grants found for com.google.android.apps.photos
08-21 12:21:42.628  2394  2457 I DisplayDeviceRepository: Display device changed: DisplayDeviceInfo{"Built-in Screen": uniqueId="local:4627039422300187648", 1220 x 2712, modeId 2, renderFrameRate 90.0, defaultModeId 1, userPreferredModeId -1, supportedModes [{id=1, width=1220, height=2712, fps=120.00001, vsync=120.00001, synthetic=false, alternativeRefreshRates=[60.0, 90.0], supportedHdrTypes=[2, 3, 4]}, {id=2, width=1220, height=2712, fps=90.0, vsync=90.0, synthetic=false, alternativeRefreshRates=[60.0, 120.00001], supportedHdrTypes=[2, 3, 4]}, {id=3, width=1220, height=2712, fps=60.0, vsync=60.0, synthetic=false, alternativeRefreshRates=[90.0, 120.00001], supportedHdrTypes=[2, 3, 4]}], supportedReadyForModes [], colorMode 0, supportedColorModes [0, 7, 9], hdrCapabilities HdrCapabilities{mSupportedHdrTypes=[2, 3, 4], mMaxLuminance=500.0, mMaxAverageLuminance=500.0, mMinLuminance=0.0}, allmSupported false, gameContentTypeSupported false, density 450, 445.614 x 445.989 dpi, appVsyncOff 1033333, presDeadline 16700000, cutout DisplayCutout{insets=Rect(0, 128 - 0, 0) waterfall=Insets{left=0, top=0, right=0, bottom=0} boundingRect={Bounds=[Rect(0, 0 - 0, 0), Rect(565, 0 - 655, 128), Rect(0, 0 - 0, 0), Rect(0, 0 - 0, 0)]} cutoutPathParserInfo={CutoutPathParserInfo{displayWidth=1220 displayHeight=2712 physicalDisplayWidth=1220 physicalDisplayHeight=2712 density={2.8125} cutoutSpec={M -45,0 L 45,0 L 45,128 L -45,128 Z} rotation={0} scale={1.0} physicalPixelDisplaySizeRatio={1.0}}} sideOverrides={}}, touch INTERNAL, rotation 0, type INTERNAL, address {port=0, model=0x40368bd6e7ee6c}, deviceProductInfo DeviceProductInfo{name=MTKDEV, manufacturerPnpId=MTK, productId=35638, modelYear=null, manufactureDate=ManufactureDate{week=42, year=2021}, connectionToSinkType=0}, state ON, committedState ON, frameRateOverride {uid=10205 frameRateHz=45.0} , brightnessMinimum 0.0, brightnessMaximum 1.0, brightnessDefault 0.38188976, hdrSdrRatio 1.0, roundedCorners RoundedCorners{[RoundedCorner{position=TopLeft, radius=105, center=Point(105, 105)}, RoundedCorner{position=TopRight, radius=105, center=Point(1115, 105)}, RoundedCorner{position=BottomRight, radius=105, center=Point(1115, 2607)}, RoundedCorner{position=BottomLeft, radius=105, center=Point(105, 2607)}]}, FLAG_ALLOWED_TO_BE_DEFAULT_DISPLAY, FLAG_ROTATES_WITH_CONTENT, FLAG_SECURE, FLAG_SUPPORTS_PROTECTED_BUFFERS, FLAG_TRUSTED, installOrientation 0, displayShape DisplayShape{ spec=-1176361590 displayWidth=1220 displayHeight=2712 physicalPixelDisplaySizeRatio=1.0 rotation=0 offsetX=0 offsetY=0 scale=1.0}}
08-21 12:21:42.664  2394  8403 W UriGrantsManagerService: No permission grants found for com.google.android.apps.photos
08-21 12:21:42.664  2394  8403 W UriGrantsManagerService: No permission grants found for com.google.android.apps.photos
08-21 12:21:42.684  2394  8403 W UriGrantsManagerService: No permission grants found for com.google.android.apps.photos
08-21 12:21:42.684  2394  8403 W UriGrantsManagerService: No permission grants found for com.google.android.apps.photos
08-21 12:21:42.712  2394  8403 W UriGrantsManagerService: No permission grants found for com.google.android.apps.photos
08-21 12:21:42.712  2394  8403 W UriGrantsManagerService: No permission grants found for com.google.android.apps.photos
08-21 12:21:42.797  2394  3144 D ShortcutService: received package broadcast intent: Intent { act=android.intent.action.PACKAGE_CHANGED dat=package: flg=0x45000010 (has extras) }
08-21 12:21:42.797  2394  3144 D ShortcutService: changing package: com.motorola.carriersettingsext userId0
08-21 12:21:42.798  2394  3144 D ShortcutService: handlePackageChanged: com.motorola.carriersettingsext user=0
08-21 12:21:42.798  2394  3144 D ShortcutService: rescanPackageIfNeeded 0@com.motorola.carriersettingsext, forceRescan=true , isNewApp=true
08-21 12:21:42.799  2394  2394 I Telecom : InCallController$2: isUserKeyPresent:true isChildKeyPresent:false isManagedProfile:false user:0: ICC.pCR@Mos
08-21 12:21:42.799  2394  2394 I Telecom : InCallController: updateCarModeForConnections: car mode apps: : ICC.pCR@Mos
08-21 12:21:42.799  2394  2394 I Telecom : InCallController: update carmode current:UserHandle{0} parent:null: ICC.pCR@Mos
08-21 12:21:42.801  2394  3144 D ShortcutService: Package com.motorola.carriersettingsext has 0 manifest shortcut(s), and 0 share target(s)
08-21 12:21:42.808  2394  2440 W AppOpService: Ignored setUidMode call for runtime permission app op: uid = 10218, code = READ_CELL_BROADCASTS, mode = allow, callingUid = 1001, oldMode = allow
08-21 12:21:42.810  2394  2469 W MagnificationConnectionManager: requestConnection duplicated request: connect=false, mConnectionState=DISCONNECTED
08-21 12:21:42.811  2394  7641 W AppOpService: Ignored setUidMode call for runtime permission app op: uid = 1001, code = READ_SMS, mode = allow, callingUid = 1001, oldMode = allow
08-21 12:21:42.812  2394  2440 W AppOpService: Ignored setUidMode call for runtime permission app op: uid = 1001, code = RECEIVE_SMS, mode = allow, callingUid = 1001, oldMode = allow
08-21 12:21:42.812  2394  2440 W AppOpService: Ignored setUidMode call for runtime permission app op: uid = 1001, code = RECEIVE_WAP_PUSH, mode = allow, callingUid = 1001, oldMode = allow
08-21 12:21:42.812  2394  7641 W AppOpService: Ignored setUidMode call for runtime permission app op: uid = 1001, code = SEND_SMS, mode = allow, callingUid = 1001, oldMode = allow
08-21 12:21:42.813  2394  2440 W AppOpService: Ignored setUidMode call for runtime permission app op: uid = 1001, code = READ_CELL_BROADCASTS, mode = allow, callingUid = 1001, oldMode = allow
08-21 12:21:43.685  2394  2743 D BatteryService: uevent={POWER_SUPPLY_VOLTAGE_NOW=4399000, POWER_SUPPLY_VBUS_PRESENT=true, POWER_SUPPLY_TYPE=Battery, POWER_SUPPLY_HEALTH=Good, POWER_SUPPLY_TECHNOLOGY=Li-poly, POWER_SUPPLY_SCOPE=100, POWER_SUPPLY_CHARGE_FULL_DESIGN=5355000, SEQNUM=20324, POWER_SUPPLY_STATUS=Charging, POWER_SUPPLY_CYCLE_COUNT=71, POWER_SUPPLY_CAPACITY=100, DEVPATH=/devices/platform/smart_battery/power_supply/battery, POWER_SUPPLY_ENERGY_EMPTY=0, POWER_SUPPLY_CHARGE_RATE=Normal, POWER_SUPPLY_CAPACITY_LEVEL=Full, POWER_SUPPLY_CURRENT_NOW=-783000, POWER_SUPPLY_PRESENT=1, POWER_SUPPLY_POWER_WATT=2, POWER_SUPPLY_CHARGE_FULL=5449000, SUBSYSTEM=power_supply, POWER_SUPPLY_VOLTAGE_OCV=4399000, POWER_SUPPLY_TEMP=339, ACTION=change, POWER_SUPPLY_AGE=100, POWER_SUPPLY_CHARGE_REAL_TYPE=1, POWER_SUPPLY_NAME=battery, POWER_SUPPLY_LPD_PRESENT=false, POWER_SUPPLY_CHARGE_COUNTER=5394000, POWER_SUPPLY_POWER_WATT_DESIGN=68}
08-21 12:21:43.693  3199  3964 D PowerUI : can't show warning due to - plugged: true status unknown: false
08-21 12:21:43.695  2394  2394 V UiModeManager: updateLocked: null action, mDockState=0, category=null
08-21 12:21:43.695  2394  2394 D UiModeManager: updateConfigurationLocked: mDockState=0; mCarMode=false; mNightMode=1; mNightModeCustomType=-1; uiMode=17
08-21 12:21:43.959  2394  2504 I DisplayPowerProximityStateController[0]: onSensorChanged positive=true
08-21 12:21:43.959  2394  2504 I DisplayPowerProximityStateController[0]: No longer ignoring proximity [1]
08-21 12:21:43.960  2394  2504 D PowerManagerService: nativeSetAutoSuspend enable:true duration ms: 0
08-21 12:21:43.960  2394  2504 I DisplayBrightnessStrategySelector: Changing the DisplayBrightnessStrategy from InvalidBrightnessStrategy to ScreenOffBrightnessStrategy for display 0
08-21 12:21:43.963  2394  2504 V DisplayPowerController2[0]: Brightness [0.0] reason changing to: 'screen_off', previous reason: 'automatic'.
08-21 12:21:43.963  2394  2504 I DisplayPowerController2[0]: 08-21 12:21:43.963 - BrightnessEvent: disp=0, physDisp=local:4627039422300187648, displayState=OFF, displayPolicy=BRIGHT, brt=0.0, initBrt=0.1903563, rcmdBrt=NaN, preBrt=NaN, lux=0.0, preLux=0.0, brtNits=3.869697, hdrNits=NaN, initNits=42.185112, preNits=NaN, rcmdNits=NaN, sdrToHdrRatio=NaN, hdrBrightness=NaN, brt(%)=0%, brtInt=1, hbmPolicy=normal, hbmMax=0.6904468, hbmMode=off, rbcStrength=50, thrmMax=1.0, powerFactor=1.0, wasShortTermModelActive=false, flags=, reason=screen_off, autoBrightness=true, strategy=ScreenOffBrightnessStrategy, autoBrightnessMode=default
08-21 12:21:43.963  2394  2457 D DisplayManagerService: Ignore redundant display event 0/4 to 10319/7238
08-21 12:21:43.963  2394  2457 D DisplayManagerService: Ignore redundant display event 0/4 to 10396/10356
08-21 12:21:43.963  2394  2457 D DisplayManagerService: Ignore redundant display event 0/4 to 10413/13366
08-21 12:21:43.963  2394  2394 I BrightnessSynchronizer: New Update: {[1564] 0.1903563(f), mUpdatedTypes=0, mConfirmedTypes=0, mTimeUpdated=0, mState=2}
08-21 12:21:43.964  2394  3167 D TouchHwAidlService: setDisplayState: mScreenOff=true
08-21 12:21:43.965  2394  2457 I DisplayDeviceRepository: Display device changed state: "Built-in Screen", OFF
08-21 12:21:43.965  2394  2504 D BrightnessThermalClamper: Thermal status observer already started
08-21 12:21:43.971  2394  2454 D TouchHwAidlService: updateDefaultDisplayState: mScreenOn=false
08-21 12:21:43.971  2394  2455 I DisplayDevice: [0] Layerstack set to -1 for local:4627039422300187648 mDisplayToken=android.os.BinderProxy@13b36b8 t=Transaction{mNativeObject=-5476376657758478512, mHashCode=0}
08-21 12:21:43.971  2394  2457 I DisplayDeviceRepository: Display device changed: DisplayDeviceInfo{"Built-in Screen": uniqueId="local:4627039422300187648", 1220 x 2712, modeId 2, renderFrameRate 90.0, defaultModeId 1, userPreferredModeId -1, supportedModes [{id=1, width=1220, height=2712, fps=120.00001, vsync=120.00001, synthetic=false, alternativeRefreshRates=[60.0, 90.0], supportedHdrTypes=[2, 3, 4]}, {id=2, width=1220, height=2712, fps=90.0, vsync=90.0, synthetic=false, alternativeRefreshRates=[60.0, 120.00001], supportedHdrTypes=[2, 3, 4]}, {id=3, width=1220, height=2712, fps=60.0, vsync=60.0, synthetic=false, alternativeRefreshRates=[90.0, 120.00001], supportedHdrTypes=[2, 3, 4]}], supportedReadyForModes [], colorMode 0, supportedColorModes [0, 7, 9], hdrCapabilities HdrCapabilities{mSupportedHdrTypes=[2, 3, 4], mMaxLuminance=500.0, mMaxAverageLuminance=500.0, mMinLuminance=0.0}, allmSupported false, gameContentTypeSupported false, density 450, 445.614 x 445.989 dpi, appVsyncOff 1033333, presDeadline 16700000, cutout DisplayCutout{insets=Rect(0, 128 - 0, 0) waterfall=Insets{left=0, top=0, right=0, bottom=0} boundingRect={Bounds=[Rect(0, 0 - 0, 0), Rect(565, 0 - 655, 128), Rect(0, 0 - 0, 0), Rect(0, 0 - 0, 0)]} cutoutPathParserInfo={CutoutPathParserInfo{displayWidth=1220 displayHeight=2712 physicalDisplayWidth=1220 physicalDisplayHeight=2712 density={2.8125} cutoutSpec={M -45,0 L 45,0 L 45,128 L -45,128 Z} rotation={0} scale={1.0} physicalPixelDisplaySizeRatio={1.0}}} sideOverrides={}}, touch INTERNAL, rotation 0, type INTERNAL, address {port=0, model=0x40368bd6e7ee6c}, deviceProductInfo DeviceProductInfo{name=MTKDEV, manufacturerPnpId=MTK, productId=35638, modelYear=null, manufactureDate=ManufactureDate{week=42, year=2021}, connectionToSinkType=0}, state OFF, committedState ON, frameRateOverride , brightnessMinimum 0.0, brightnessMaximum 1.0, brightnessDefault 0.38188976, hdrSdrRatio 1.0, roundedCorners RoundedCorners{[RoundedCorner{position=TopLeft, radius=105, center=Point(105, 105)}, RoundedCorner{position=TopRight, radius=105, center=Point(1115, 105)}, RoundedCorner{position=BottomRight, radius=105, center=Point(1115, 2607)}, RoundedCorner{position=BottomLeft, radius=105, center=Point(105, 2607)}]}, FLAG_ALLOWED_TO_BE_DEFAULT_DISPLAY, FLAG_ROTATES_WITH_CONTENT, FLAG_SECURE, FLAG_SUPPORTS_PROTECTED_BUFFERS, FLAG_TRUSTED, installOrientation 0, displayShape DisplayShape{ spec=-1176361590 displayWidth=1220 displayHeight=2712 physicalPixelDisplaySizeRatio=1.0 rotation=0 offsetX=0 offsetY=0 scale=1.0}}
08-21 12:21:43.973  2394  2457 D PanelsService: updateDefaultDisplayState: mScreenState=OFF
08-21 12:21:43.977  2394  3167 D TouchHwAidlService: onTapToWakeSettingsChanged isAmbientDisplayAvailable=1 aodEnable=true singleTapEnable=true doubleTapEnable=true lidState=-1 callers=com.motorola.server.display.TouchHwAidlService.setDisplayState:545 com.motorola.server.MotoExtHwService$MotoExtHwManagerInternal.setDisplayState:446 com.android.server.display.LocalDisplayAdapter$LocalDisplayDevice$1.setDisplayState:1080 
08-21 12:21:43.977  2394  3167 D TouchHwAidlService: enableTapWake mode=33 displayId=0 mGestureStowMode=true
08-21 12:21:43.982  2394  3167 D TouchHwAidlService: setGestureModeHal done mode=33 newMode=33 result=0
08-21 12:21:43.982  2394  3167 D TouchHwAidlService: enableTapWake mode=33 displayId=1 mGestureStowMode=true
08-21 12:21:43.982  2394  3167 D TouchHwAidlService: enableTapWake mode=49 displayId=-1 mGestureStowMode=true
08-21 12:21:43.982  2394  3167 D TouchHwAidlService: setGestureModeHal done mode=49 newMode=49 result=0
08-21 12:21:43.984  2394  3167 D LocalDisplayAdapter: setDisplayPowerMode mode=0 for display=android.os.BinderProxy@13b36b8
08-21 12:21:44.034  2394  2504 I DisplayPowerProximityStateController[0]: onSensorChanged positive=true
08-21 12:21:44.155  2394  3167 D PowerManagerService: nativeSetPowerMode ret:true mode:9 enabled:true duration ms: 0
08-21 12:21:44.157  2394  2504 D PowerManagerService: nativeReleaseSuspendBlocker name:PowerManagerService.Display duration ms: 0
08-21 12:21:44.157  2394  2504 D BrightnessThermalClamper: Thermal status observer already started
08-21 12:21:44.157  2394  2457 D DisplayManagerService: Ignore redundant display event 0/2 to 10319/7238
08-21 12:21:44.158  2394  2457 D DisplayManagerService: Ignore redundant display event 0/2 to 10396/10356
08-21 12:21:44.158  2394  2457 D DisplayManagerService: Ignore redundant display event 0/2 to 10413/13366
08-21 12:21:44.158  2394  2394 I BrightnessSynchronizer: New Update: {[1565] 0.1903563(f), mUpdatedTypes=0, mConfirmedTypes=0, mTimeUpdated=0, mState=2}
08-21 12:21:44.769  2394  3153 D ActivityManager: freezing 16389 org.telegram.messenger, reason=moto_freezer, adj=920, adjType=cch-empty
08-21 12:21:45.015  2394  3153 D ActivityManager: freezing 13886 com.whatsapp, reason=moto_freezer, adj=700, adjType=cch-started-ui-services
08-21 12:21:45.323  2394  3239 D PowerManagerService: nativeReleaseSuspendBlocker name:PowerManagerService.WakeLocks duration ms: 0
