08-21 12:21:22.059  2394 16286 I Telecom : InCallController: found:ComponentInfo{com.google.android.dialer/com.android.incallui.InCallServiceImpl} isRequestedtype:true isEnabled:true ignoreDisabled:true hasCrossProfilePerm:true: NCSSF.aC->ICFG.sF->ICFG.sF->ICFG.sF@Mb8
08-21 12:21:22.060  2394 16286 I Telecom : InCallController: getComponents, pkgname: null comp: null userid: 0 requestedType: 3: NCSSF.aC->ICFG.sF->ICFG.sF->ICFG.sF@Mb8
08-21 12:21:22.064  2394 16286 I Telecom : InCallController: packageName:android INTERACT_ACROSS_USERS:true INTERACT_ACROSS_PROFILES:false INTERACT_ACROSS_PROFILES_APPOP:true: NCSSF.aC->ICFG.sF->ICFG.sF->ICFG.sF@Mb8
08-21 12:21:22.064  2394 16286 I Telecom : InCallController: found:ComponentInfo{android/com.android.server.companion.datatransfer.contextsync.CallMetadataSyncInCallService} isRequestedtype:false isEnabled:false ignoreDisabled:true hasCrossProfilePerm:true: NCSSF.aC->ICFG.sF->ICFG.sF->ICFG.sF@Mb8
08-21 12:21:22.066  2394 16286 I Telecom : InCallController: packageName:com.android.bluetooth INTERACT_ACROSS_USERS:true INTERACT_ACROSS_PROFILES:false INTERACT_ACROSS_PROFILES_APPOP:false: NCSSF.aC->ICFG.sF->ICFG.sF->ICFG.sF@Mb8
08-21 12:21:22.066 16292 16375 V ResourcesManager: The following library key has been added:com.google.android.webview, ResourcesKey{ mHash=6493a41b mResDir=null mSplitDirs=[] mOverlayDirs=[] mLibDirs=[/data/app/~~n-Wv5FcBXzAKcE18uDrMkw==/com.google.android.webview-zSgh-jITMWdQsj89OjfVrA==/base.apk,/data/app/~~tt4WopQUen8eB20U4K1qMw==/com.google.android.trichromelibrary_720417933-kInPkGFsLdzzEbrRc6aPVQ==/base.apk] mDisplayId=0 mOverrideConfig=v35 mCompatInfo={450dpi always-compat} mLoaders=[]}
08-21 12:21:22.066  2394 16286 I Telecom : InCallController: found:ComponentInfo{com.android.bluetooth/com.android.bluetooth.telephony.BluetoothInCallService} isRequestedtype:false isEnabled:false ignoreDisabled:true hasCrossProfilePerm:true: NCSSF.aC->ICFG.sF->ICFG.sF->ICFG.sF@Mb8
08-21 12:21:22.067  2394 16286 I Telecom : InCallController: packageName:com.google.android.as INTERACT_ACROSS_USERS:false INTERACT_ACROSS_PROFILES:false INTERACT_ACROSS_PROFILES_APPOP:false: NCSSF.aC->ICFG.sF->ICFG.sF->ICFG.sF@Mb8
08-21 12:21:22.067  2394 16286 I Telecom : InCallController: found:ComponentInfo{com.google.android.as/com.google.android.apps.miphone.aiai.captions.tulip.audiosource.impl.CIS} isRequestedtype:false isEnabled:false ignoreDisabled:true hasCrossProfilePerm:false: NCSSF.aC->ICFG.sF->ICFG.sF->ICFG.sF@Mb8
08-21 12:21:22.067  2394 16286 I Telecom : InCallController: packageName:com.google.android.dialer INTERACT_ACROSS_USERS:true INTERACT_ACROSS_PROFILES:false INTERACT_ACROSS_PROFILES_APPOP:false: NCSSF.aC->ICFG.sF->ICFG.sF->ICFG.sF@Mb8
08-21 12:21:22.067  2394 16286 I Telecom : InCallController: found:ComponentInfo{com.google.android.dialer/com.android.incallui.InCallServiceImpl} isRequestedtype:false isEnabled:true ignoreDisabled:true hasCrossProfilePerm:true: NCSSF.aC->ICFG.sF->ICFG.sF->ICFG.sF@Mb8
08-21 12:21:22.068  2394 16286 I Telecom : InCallController: packageName:com.google.android.gsf INTERACT_ACROSS_USERS:true INTERACT_ACROSS_PROFILES:false INTERACT_ACROSS_PROFILES_APPOP:false: NCSSF.aC->ICFG.sF->ICFG.sF->ICFG.sF@Mb8
08-21 12:21:22.068  2394 16286 I Telecom : InCallController: found:ComponentInfo{com.google.android.gms/com.google.android.gms.bankscamwarning.services.BankScamCallDetectionService} isRequestedtype:false isEnabled:true ignoreDisabled:true hasCrossProfilePerm:true: NCSSF.aC->ICFG.sF->ICFG.sF->ICFG.sF@Mb8
08-21 12:21:22.068  2394 16286 I Telecom : InCallController: packageName:com.google.android.googlequicksearchbox INTERACT_ACROSS_USERS:false INTERACT_ACROSS_PROFILES:false INTERACT_ACROSS_PROFILES_APPOP:false: NCSSF.aC->ICFG.sF->ICFG.sF->ICFG.sF@Mb8
08-21 12:21:22.068  2394 16286 I Telecom : InCallController: found:ComponentInfo{com.google.android.googlequicksearchbox/com.google.android.libraries.search.assistant.incallservice.IncomingCallInCallService} isRequestedtype:false isEnabled:false ignoreDisabled:true hasCrossProfilePerm:false: NCSSF.aC->ICFG.sF->ICFG.sF->ICFG.sF@Mb8
08-21 12:21:22.068  2394 16286 I Telecom : InCallController: packageName:com.google.android.googlequicksearchbox INTERACT_ACROSS_USERS:false INTERACT_ACROSS_PROFILES:false INTERACT_ACROSS_PROFILES_APPOP:false: NCSSF.aC->ICFG.sF->ICFG.sF->ICFG.sF@Mb8
08-21 12:21:22.068  2394 16286 I Telecom : InCallController: found:ComponentInfo{com.google.android.googlequicksearchbox/com.google.android.libraries.search.assistant.performer.communication.IncomingCallInCallService} isRequestedtype:false isEnabled:false ignoreDisabled:true hasCrossProfilePerm:false: NCSSF.aC->ICFG.sF->ICFG.sF->ICFG.sF@Mb8
08-21 12:21:22.068  2394 16286 I Telecom : InCallController: packageName:com.google.android.projection.gearhead INTERACT_ACROSS_USERS:false INTERACT_ACROSS_PROFILES:false INTERACT_ACROSS_PROFILES_APPOP:false: NCSSF.aC->ICFG.sF->ICFG.sF->ICFG.sF@Mb8
08-21 12:21:22.068  2394 16286 I Telecom : InCallController: found:ComponentInfo{com.google.android.projection.gearhead/com.google.android.apps.auto.components.telecom.service.NonCarInCallServiceImpl} isRequestedtype:false isEnabled:false ignoreDisabled:true hasCrossProfilePerm:false: NCSSF.aC->ICFG.sF->ICFG.sF->ICFG.sF@Mb8
08-21 12:21:22.069  2394 16286 I Telecom : InCallController: packageName:com.google.android.projection.gearhead INTERACT_ACROSS_USERS:false INTERACT_ACROSS_PROFILES:false INTERACT_ACROSS_PROFILES_APPOP:false: NCSSF.aC->ICFG.sF->ICFG.sF->ICFG.sF@Mb8
08-21 12:21:22.069  2394 16286 I Telecom : InCallController: found:ComponentInfo{com.google.android.projection.gearhead/com.google.android.apps.auto.components.telecom.service.CarProjectionInCallServiceImpl} isRequestedtype:true isEnabled:false ignoreDisabled:true hasCrossProfilePerm:false: NCSSF.aC->ICFG.sF->ICFG.sF->ICFG.sF@Mb8
08-21 12:21:22.069  2394 16286 I Telecom : InCallController: packageName:com.motorola.bach.modemstats INTERACT_ACROSS_USERS:true INTERACT_ACROSS_PROFILES:false INTERACT_ACROSS_PROFILES_APPOP:false: NCSSF.aC->ICFG.sF->ICFG.sF->ICFG.sF@Mb8
08-21 12:21:22.069  2394 16286 I Telecom : InCallController: found:ComponentInfo{com.motorola.bach.modemstats/com.motorola.bach.modemstats.call.MPhoneInCallService} isRequestedtype:false isEnabled:true ignoreDisabled:true hasCrossProfilePerm:true: NCSSF.aC->ICFG.sF->ICFG.sF->ICFG.sF@Mb8
08-21 12:21:22.069  2394 16286 I Telecom : InCallController: packageName:com.motorola.sarcontrol INTERACT_ACROSS_USERS:false INTERACT_ACROSS_PROFILES:false INTERACT_ACROSS_PROFILES_APPOP:false: NCSSF.aC->ICFG.sF->ICFG.sF->ICFG.sF@Mb8
08-21 12:21:22.069  2394 16286 I Telecom : InCallController: found:ComponentInfo{com.motorola.sarcontrol/com.motorola.sarcontrol.SarInCallService} isRequestedtype:false isEnabled:true ignoreDisabled:true hasCrossProfilePerm:false: NCSSF.aC->ICFG.sF->ICFG.sF->ICFG.sF@Mb8
08-21 12:21:22.069  2394 16286 I Telecom : InCallController: Skipping binding to com.truecaller:com.truecaller.incallui.service.InCallUIService, control: false, car-mode: false, ui: true: NCSSF.aC->ICFG.sF->ICFG.sF->ICFG.sF@Mb8
08-21 12:21:22.069  2394 16286 I Telecom : InCallController: packageName:com.truecaller INTERACT_ACROSS_USERS:false INTERACT_ACROSS_PROFILES:false INTERACT_ACROSS_PROFILES_APPOP:false: NCSSF.aC->ICFG.sF->ICFG.sF->ICFG.sF@Mb8
08-21 12:21:22.069  2394 16286 I Telecom : InCallController: found:ComponentInfo{com.truecaller/com.truecaller.incallui.service.InCallUIService} isRequestedtype:false isEnabled:false ignoreDisabled:true hasCrossProfilePerm:false: NCSSF.aC->ICFG.sF->ICFG.sF->ICFG.sF@Mb8
08-21 12:21:22.070  2394 16286 I Telecom : InCallController: Skipping binding to com.truecaller:com.truecaller.incallui.service.InCallUIServiceV2, control: false, car-mode: false, ui: true: NCSSF.aC->ICFG.sF->ICFG.sF->ICFG.sF@Mb8
08-21 12:21:22.070  2394 16286 I Telecom : InCallController: packageName:com.truecaller INTERACT_ACROSS_USERS:false INTERACT_ACROSS_PROFILES:false INTERACT_ACROSS_PROFILES_APPOP:false: NCSSF.aC->ICFG.sF->ICFG.sF->ICFG.sF@Mb8
08-21 12:21:22.070  2394 16286 I Telecom : InCallController: found:ComponentInfo{com.truecaller/com.truecaller.incallui.service.InCallUIServiceV2} isRequestedtype:false isEnabled:true ignoreDisabled:true hasCrossProfilePerm:false: NCSSF.aC->ICFG.sF->ICFG.sF->ICFG.sF@Mb8
08-21 12:21:22.070  2394 16286 I Telecom : InCallController$CarSwappingInCallServiceConnection: chooseInitialInCallService: false => false: NCSSF.aC->ICFG.sF->ICFG.sF->ICFG.sF@Mb8
08-21 12:21:22.070  2394 16286 I Telecom : EmergencyCallHelper: isEmergencyCall, not emergency: NCSSF.aC->ICFG.sF->ICFG.sF->ICFG.sF@Mb8
08-21 12:21:22.070  2394 16286 I Telecom : InCallController$EmergencyInCallServiceConnection: Attempting to bind to InCall [ComponentInfo{com.google.android.dialer/com.android.incallui.InCallServiceImpl} supportsExternal? false supportsSelfMg?false], with Intent { act=android.telecom.InCallService cmp=com.google.android.dialer/com.android.incallui.InCallServiceImpl }: NCSSF.aC->ICFG.sF->ICFG.sF->ICFG.sF@Mb8
08-21 12:21:22.071  2394 16286 I Telecom : InCallController$EmergencyInCallServiceConnection: using user id: UserHandle{-2} for binding. User from Call is: UserHandle{0}: NCSSF.aC->ICFG.sF->ICFG.sF->ICFG.sF@Mb8
08-21 12:21:22.085  2394 16286 I Telecom : InCallController$EmergencyInCallServiceConnection: mCall: [Call id=TC@5, state=RINGING, tpac=ComponentInfo{com.android.phone/com.android.services.telephony.TelephonyConnectionService}, 2, UserHandle{0}, cmgr=ComponentInfo{com.android.phone/com.android.services.telephony.TelephonyConnectionService}, 2, UserHandle{0}, handle=tel:*************, vidst=A, childs(0), has_parent(false), cap=[ sup_hld mut VTlrx VTltx VTlbi spd_aud], prop=[], voip=false, gthpst=1, vzwAudioData=[VzwAudioData : UserSelectedAudioMode : -1 AudioMode : -1]], mIsConference(false)], mIsConnected: true: NCSSF.aC->ICFG.sF->ICFG.sF->ICFG.sF@Mb8
08-21 12:21:22.085  2394 16286 I Telecom : InCallController: getComponents, pkgname: null comp: null userid: 0 requestedType: 4: NCSSF.aC->ICFG.sF->ICFG.sF->ICFG.sF@Mb8
08-21 12:21:22.086  2394 16286 I Telecom : InCallController: packageName:android INTERACT_ACROSS_USERS:true INTERACT_ACROSS_PROFILES:false INTERACT_ACROSS_PROFILES_APPOP:true: NCSSF.aC->ICFG.sF->ICFG.sF->ICFG.sF@Mb8
08-21 12:21:22.086  2394 16286 I Telecom : InCallController: found:ComponentInfo{android/com.android.server.companion.datatransfer.contextsync.CallMetadataSyncInCallService} isRequestedtype:true isEnabled:false ignoreDisabled:true hasCrossProfilePerm:true: NCSSF.aC->ICFG.sF->ICFG.sF->ICFG.sF@Mb8
08-21 12:21:22.086  2394 16286 I Telecom : InCallController: packageName:com.android.bluetooth INTERACT_ACROSS_USERS:true INTERACT_ACROSS_PROFILES:false INTERACT_ACROSS_PROFILES_APPOP:false: NCSSF.aC->ICFG.sF->ICFG.sF->ICFG.sF@Mb8
08-21 12:21:22.086  2394 16286 I Telecom : InCallController: found:ComponentInfo{com.android.bluetooth/com.android.bluetooth.telephony.BluetoothInCallService} isRequestedtype:true isEnabled:false ignoreDisabled:true hasCrossProfilePerm:true: NCSSF.aC->ICFG.sF->ICFG.sF->ICFG.sF@Mb8
08-21 12:21:22.086  2394 16286 I Telecom : InCallController: packageName:com.google.android.as INTERACT_ACROSS_USERS:false INTERACT_ACROSS_PROFILES:false INTERACT_ACROSS_PROFILES_APPOP:false: NCSSF.aC->ICFG.sF->ICFG.sF->ICFG.sF@Mb8
08-21 12:21:22.086  2394 16286 I Telecom : InCallController: found:ComponentInfo{com.google.android.as/com.google.android.apps.miphone.aiai.captions.tulip.audiosource.impl.CIS} isRequestedtype:true isEnabled:false ignoreDisabled:true hasCrossProfilePerm:false: NCSSF.aC->ICFG.sF->ICFG.sF->ICFG.sF@Mb8
08-21 12:21:22.086  2394 16286 I Telecom : InCallController: packageName:com.google.android.dialer INTERACT_ACROSS_USERS:true INTERACT_ACROSS_PROFILES:false INTERACT_ACROSS_PROFILES_APPOP:false: NCSSF.aC->ICFG.sF->ICFG.sF->ICFG.sF@Mb8
08-21 12:21:22.086  2394 16286 I Telecom : InCallController: found:ComponentInfo{com.google.android.dialer/com.android.incallui.InCallServiceImpl} isRequestedtype:false isEnabled:true ignoreDisabled:true hasCrossProfilePerm:true: NCSSF.aC->ICFG.sF->ICFG.sF->ICFG.sF@Mb8
08-21 12:21:22.086  2394 16286 I Telecom : InCallController: packageName:com.google.android.gsf INTERACT_ACROSS_USERS:true INTERACT_ACROSS_PROFILES:false INTERACT_ACROSS_PROFILES_APPOP:false: NCSSF.aC->ICFG.sF->ICFG.sF->ICFG.sF@Mb8
08-21 12:21:22.086  2394 16286 I Telecom : InCallController: found:ComponentInfo{com.google.android.gms/com.google.android.gms.bankscamwarning.services.BankScamCallDetectionService} isRequestedtype:true isEnabled:true ignoreDisabled:true hasCrossProfilePerm:true: NCSSF.aC->ICFG.sF->ICFG.sF->ICFG.sF@Mb8
08-21 12:21:22.086  2394 16286 I Telecom : InCallController: packageName:com.google.android.googlequicksearchbox INTERACT_ACROSS_USERS:false INTERACT_ACROSS_PROFILES:false INTERACT_ACROSS_PROFILES_APPOP:false: NCSSF.aC->ICFG.sF->ICFG.sF->ICFG.sF@Mb8
08-21 12:21:22.086  2394 16286 I Telecom : InCallController: found:ComponentInfo{com.google.android.googlequicksearchbox/com.google.android.libraries.search.assistant.incallservice.IncomingCallInCallService} isRequestedtype:true isEnabled:false ignoreDisabled:true hasCrossProfilePerm:false: NCSSF.aC->ICFG.sF->ICFG.sF->ICFG.sF@Mb8
08-21 12:21:22.087  2394 16286 I Telecom : InCallController: packageName:com.google.android.googlequicksearchbox INTERACT_ACROSS_USERS:false INTERACT_ACROSS_PROFILES:false INTERACT_ACROSS_PROFILES_APPOP:false: NCSSF.aC->ICFG.sF->ICFG.sF->ICFG.sF@Mb8
08-21 12:21:22.087  2394 16286 I Telecom : InCallController: found:ComponentInfo{com.google.android.googlequicksearchbox/com.google.android.libraries.search.assistant.performer.communication.IncomingCallInCallService} isRequestedtype:true isEnabled:false ignoreDisabled:true hasCrossProfilePerm:false: NCSSF.aC->ICFG.sF->ICFG.sF->ICFG.sF@Mb8
08-21 12:21:22.087  2394 16286 I Telecom : InCallController: packageName:com.google.android.projection.gearhead INTERACT_ACROSS_USERS:false INTERACT_ACROSS_PROFILES:false INTERACT_ACROSS_PROFILES_APPOP:false: NCSSF.aC->ICFG.sF->ICFG.sF->ICFG.sF@Mb8
08-21 12:21:22.087  2394 16286 I Telecom : InCallController: found:ComponentInfo{com.google.android.projection.gearhead/com.google.android.apps.auto.components.telecom.service.NonCarInCallServiceImpl} isRequestedtype:true isEnabled:false ignoreDisabled:true hasCrossProfilePerm:false: NCSSF.aC->ICFG.sF->ICFG.sF->ICFG.sF@Mb8
08-21 12:21:22.087  2394 16286 I Telecom : InCallController: packageName:com.google.android.projection.gearhead INTERACT_ACROSS_USERS:false INTERACT_ACROSS_PROFILES:false INTERACT_ACROSS_PROFILES_APPOP:false: NCSSF.aC->ICFG.sF->ICFG.sF->ICFG.sF@Mb8
08-21 12:21:22.087  2394 16286 I Telecom : InCallController: found:ComponentInfo{com.google.android.projection.gearhead/com.google.android.apps.auto.components.telecom.service.CarProjectionInCallServiceImpl} isRequestedtype:false isEnabled:false ignoreDisabled:true hasCrossProfilePerm:false: NCSSF.aC->ICFG.sF->ICFG.sF->ICFG.sF@Mb8
08-21 12:21:22.087  2394 16286 I Telecom : InCallController: packageName:com.motorola.bach.modemstats INTERACT_ACROSS_USERS:true INTERACT_ACROSS_PROFILES:false INTERACT_ACROSS_PROFILES_APPOP:false: NCSSF.aC->ICFG.sF->ICFG.sF->ICFG.sF@Mb8
08-21 12:21:22.087  2394 16286 I Telecom : InCallController: found:ComponentInfo{com.motorola.bach.modemstats/com.motorola.bach.modemstats.call.MPhoneInCallService} isRequestedtype:true isEnabled:true ignoreDisabled:true hasCrossProfilePerm:true: NCSSF.aC->ICFG.sF->ICFG.sF->ICFG.sF@Mb8
08-21 12:21:22.087  2394 16286 I Telecom : InCallController: packageName:com.motorola.sarcontrol INTERACT_ACROSS_USERS:false INTERACT_ACROSS_PROFILES:false INTERACT_ACROSS_PROFILES_APPOP:false: NCSSF.aC->ICFG.sF->ICFG.sF->ICFG.sF@Mb8
08-21 12:21:22.087  2394 16286 I Telecom : InCallController: found:ComponentInfo{com.motorola.sarcontrol/com.motorola.sarcontrol.SarInCallService} isRequestedtype:true isEnabled:true ignoreDisabled:true hasCrossProfilePerm:false: NCSSF.aC->ICFG.sF->ICFG.sF->ICFG.sF@Mb8
08-21 12:21:22.087  2394 16286 I Telecom : InCallController: Skipping binding to com.truecaller:com.truecaller.incallui.service.InCallUIService, control: false, car-mode: false, ui: true: NCSSF.aC->ICFG.sF->ICFG.sF->ICFG.sF@Mb8
08-21 12:21:22.087  2394 16286 I Telecom : InCallController: packageName:com.truecaller INTERACT_ACROSS_USERS:false INTERACT_ACROSS_PROFILES:false INTERACT_ACROSS_PROFILES_APPOP:false: NCSSF.aC->ICFG.sF->ICFG.sF->ICFG.sF@Mb8
08-21 12:21:22.087  2394 16286 I Telecom : InCallController: found:ComponentInfo{com.truecaller/com.truecaller.incallui.service.InCallUIService} isRequestedtype:false isEnabled:false ignoreDisabled:true hasCrossProfilePerm:false: NCSSF.aC->ICFG.sF->ICFG.sF->ICFG.sF@Mb8
08-21 12:21:22.087  2394 16286 I Telecom : InCallController: Skipping binding to com.truecaller:com.truecaller.incallui.service.InCallUIServiceV2, control: false, car-mode: false, ui: true: NCSSF.aC->ICFG.sF->ICFG.sF->ICFG.sF@Mb8
08-21 12:21:22.088  2394 16286 I Telecom : InCallController: packageName:com.truecaller INTERACT_ACROSS_USERS:false INTERACT_ACROSS_PROFILES:false INTERACT_ACROSS_PROFILES_APPOP:false: NCSSF.aC->ICFG.sF->ICFG.sF->ICFG.sF@Mb8
08-21 12:21:22.088  2394 16286 I Telecom : InCallController: found:ComponentInfo{com.truecaller/com.truecaller.incallui.service.InCallUIServiceV2} isRequestedtype:false isEnabled:true ignoreDisabled:true hasCrossProfilePerm:false: NCSSF.aC->ICFG.sF->ICFG.sF->ICFG.sF@Mb8
08-21 12:21:22.088  2394 16286 I Telecom : InCallController$InCallServiceBindingConnection: Attempting to bind to InCall [ComponentInfo{com.google.android.gms/com.google.android.gms.bankscamwarning.services.BankScamCallDetectionService} supportsExternal? false supportsSelfMg?false], with Intent { act=android.telecom.InCallService cmp=com.google.android.gms/.bankscamwarning.services.BankScamCallDetectionService }: NCSSF.aC->ICFG.sF->ICFG.sF->ICFG.sF@Mb8
08-21 12:21:22.088  2394 16286 I Telecom : InCallController$InCallServiceBindingConnection: using user id: UserHandle{-2} for binding. User from Call is: UserHandle{0}: NCSSF.aC->ICFG.sF->ICFG.sF->ICFG.sF@Mb8
08-21 12:21:22.096  2394 16286 I Telecom : InCallController$InCallServiceBindingConnection: mCall: [Call id=TC@5, state=RINGING, tpac=ComponentInfo{com.android.phone/com.android.services.telephony.TelephonyConnectionService}, 2, UserHandle{0}, cmgr=ComponentInfo{com.android.phone/com.android.services.telephony.TelephonyConnectionService}, 2, UserHandle{0}, handle=tel:*************, vidst=A, childs(0), has_parent(false), cap=[ sup_hld mut VTlrx VTltx VTlbi spd_aud], prop=[], voip=false, gthpst=1, vzwAudioData=[VzwAudioData : UserSelectedAudioMode : -1 AudioMode : -1]], mIsConference(false)], mIsConnected: true: NCSSF.aC->ICFG.sF->ICFG.sF->ICFG.sF@Mb8
08-21 12:21:22.096  2394 16286 I Telecom : InCallController$InCallServiceBindingConnection: Attempting to bind to InCall [ComponentInfo{com.motorola.bach.modemstats/com.motorola.bach.modemstats.call.MPhoneInCallService} supportsExternal? true supportsSelfMg?false], with Intent { act=android.telecom.InCallService cmp=com.motorola.bach.modemstats/.call.MPhoneInCallService }: NCSSF.aC->ICFG.sF->ICFG.sF->ICFG.sF@Mb8
08-21 12:21:22.098  2394 16286 I Telecom : InCallController$InCallServiceBindingConnection: using user id: UserHandle{-2} for binding. User from Call is: UserHandle{0}: NCSSF.aC->ICFG.sF->ICFG.sF->ICFG.sF@Mb8
08-21 12:21:22.100  2394 16286 I Telecom : InCallController$InCallServiceBindingConnection: mCall: [Call id=TC@5, state=RINGING, tpac=ComponentInfo{com.android.phone/com.android.services.telephony.TelephonyConnectionService}, 2, UserHandle{0}, cmgr=ComponentInfo{com.android.phone/com.android.services.telephony.TelephonyConnectionService}, 2, UserHandle{0}, handle=tel:*************, vidst=A, childs(0), has_parent(false), cap=[ sup_hld mut VTlrx VTltx VTlbi spd_aud], prop=[], voip=false, gthpst=1, vzwAudioData=[VzwAudioData : UserSelectedAudioMode : -1 AudioMode : -1]], mIsConference(false)], mIsConnected: true: NCSSF.aC->ICFG.sF->ICFG.sF->ICFG.sF@Mb8
08-21 12:21:22.100  2394 16286 I Telecom : InCallController$InCallServiceBindingConnection: Attempting to bind to InCall [ComponentInfo{com.motorola.sarcontrol/com.motorola.sarcontrol.SarInCallService} supportsExternal? true supportsSelfMg?false], with Intent { act=android.telecom.InCallService cmp=com.motorola.sarcontrol/.SarInCallService }: NCSSF.aC->ICFG.sF->ICFG.sF->ICFG.sF@Mb8
08-21 12:21:22.104  2394 16286 I Telecom : InCallController$InCallServiceBindingConnection: using user id: UserHandle{-2} for binding. User from Call is: UserHandle{0}: NCSSF.aC->ICFG.sF->ICFG.sF->ICFG.sF@Mb8
08-21 12:21:22.107  2394 16286 I Telecom : InCallController$InCallServiceBindingConnection: mCall: [Call id=TC@5, state=RINGING, tpac=ComponentInfo{com.android.phone/com.android.services.telephony.TelephonyConnectionService}, 2, UserHandle{0}, cmgr=ComponentInfo{com.android.phone/com.android.services.telephony.TelephonyConnectionService}, 2, UserHandle{0}, handle=tel:*************, vidst=A, childs(0), has_parent(false), cap=[ sup_hld mut VTlrx VTltx VTlbi spd_aud], prop=[], voip=false, gthpst=1, vzwAudioData=[VzwAudioData : UserSelectedAudioMode : -1 AudioMode : -1]], mIsConference(false)], mIsConnected: true: NCSSF.aC->ICFG.sF->ICFG.sF->ICFG.sF@Mb8
08-21 12:21:22.108  2394 16286 I Telecom : TelecomWakeLock: Acquiring WakeLock with id: 26: NCSSF.aC->ICFG.sF->ICFG.sF->ICFG.sF@Mb8
08-21 12:21:22.109  2394 16286 I Telecom : InCallWakeLockController: Acquiring full wake lock: NCSSF.aC->ICFG.sF->ICFG.sF->ICFG.sF@Mb8
08-21 12:21:22.109  2394 16286 I Telecom : CallDiagnosticServiceController: bindCallDiagnosticService: no package; skip binding.: NCSSF.aC->ICFG.sF->ICFG.sF->ICFG.sF@Mb8
08-21 12:21:22.109  2394 16286 I Telecom : MotoCallAudioManager: updateForegroundCall; oldFg=none, newFg=TC@5, aDC=, ring=TC@5, hold=: NCSSF.aC->ICFG.sF->ICFG.sF->ICFG.sF@Mb8
08-21 12:21:22.109  2394  3698 I Telecom : MotoCallAudioRouteStateMachine: Message received: UPDATE_SYSTEM_AUDIO_ROUTE=1201, arg1=0: NCSSF.aC->ICFG.sF->ICFG.sF->ICFG.sF->CARSM.pM_UPDATE_SYSTEM_AUDIO_ROUTE@Mb8
08-21 12:21:22.110  2394 16286 I Telecom : MotoCallAudioManager: onCallEnteringRinging: mFeatureFlags.separatelyBindToBtIncallService() ? false: NCSSF.aC->ICFG.sF->ICFG.sF->ICFG.sF@Mb8
08-21 12:21:22.110  2394 16286 I Telecom : MotoCallAudioManager: onCallEnteringRinging: mRingingCalls.getFirst().getBtIcsFuture() = null: NCSSF.aC->ICFG.sF->ICFG.sF->ICFG.sF@Mb8
08-21 12:21:22.110  2394  3698 I Telecom : CallAudioRouteStateMachine$QuiescentEarpieceRoute: Processing message UPDATE_SYSTEM_AUDIO_ROUTE: NCSSF.aC->ICFG.sF->ICFG.sF->ICFG.sF->CARSM.pM_UPDATE_SYSTEM_AUDIO_ROUTE@Mb8
08-21 12:21:22.110  2394  3698 I Telecom : BluetoothRouteManager: getBluetoothAudioConnectedDevice: no service available.: NCSSF.aC->ICFG.sF->ICFG.sF->ICFG.sF->CARSM.pM_UPDATE_SYSTEM_AUDIO_ROUTE@Mb8
08-21 12:21:22.112  2394  3701 I Telecom : CallAudioModeStateMachine: Message received: null.
08-21 12:21:22.115  2394 16286 I Telecom : CallAnomalyWatchdog: maybePostCleanupTask; callId=TC@5, state=RINGING, createConnComplete=true: NCSSF.aC->ICFG.sF->ICFG.sF->ICFG.sF@Mb8
08-21 12:21:22.140  2394 16286 W BroadcastLoopers: Found previously unknown looper Thread[IncomingCallFilterGraph,5,main]
08-21 12:21:22.151  2394 16286 I Telecom : PhoneStateBroadcaster: Broadcasted state change: 1: NCSSF.aC->ICFG.sF->ICFG.sF->ICFG.sF@Mb8
08-21 12:21:22.163  2394  3485 D SystemServerTiming: getUserSwitchability-0
08-21 12:21:22.163  2394  3485 D SystemServerTiming: TM.isInCall
08-21 12:21:22.166  2394  3701 W Telecom : Logging: Log.endSession was called with no session active.
08-21 12:21:22.166  2394  3701 I Telecom : CallAudioModeStateMachine: Message received: FOREGROUND_VOIP_MODE_CHANGE.: NCSSF.aC->ICFG.sF->ICFG.sF->ICFG.sF->CAMSM.pM_4001@Mb8
08-21 12:21:22.166  2394  3701 I Telecom : CallAudioModeStateMachine: Message received: NEW_RINGING_CALL.: NCSSF.aC->ICFG.sF->ICFG.sF->ICFG.sF->CAMSM.pM_2002@Mb8
08-21 12:21:22.166  2394  3701 I Telecom : CallAudioModeStateMachine: Audio focus entering RINGING state: NCSSF.aC->ICFG.sF->ICFG.sF->ICFG.sF->CAMSM.pM_2002@Mb8
08-21 12:21:22.199  2394  2471 I ActivityManager: Start proc 16389:org.telegram.messenger/u0a423 for broadcast {org.telegram.messenger/org.telegram.messenger.CallReceiver}
08-21 12:21:22.230  2394 16286 I Telecom : IncomingCallNotifier: updateIncomingCall: foundIncomingcall = null: NCSSF.aC->ICFG.sF->ICFG.sF->ICFG.sF@Mb8
08-21 12:21:22.236  2394 16286 I Telecom : Event: RecordEntry TC@5: FILTERING_COMPLETED, [Allow, logged, notified, contact exists, mCallScreeningAppName = Truecaller, mCallScreeningComponentName = com.truecaller/com.truecaller.callerid.callstate.TruecallerCallScreeningService]: NCSSF.aC->ICFG.sF->ICFG.sF->ICFG.sF@Mb8
08-21 12:21:22.236  2394  2394 I Telecom : InCallController: onConnected to ComponentInfo{com.google.android.gms/com.google.android.gms.bankscamwarning.services.BankScamCallDetectionService}: ICSBC.oSC(cgag)@McE
08-21 12:21:22.236  2394  2394 I Telecom : InCallController: Adding 1 calls to InCallService after onConnected: ComponentInfo{com.google.android.gms/com.google.android.gms.bankscamwarning.services.BankScamCallDetectionService}, including external calls: ICSBC.oSC(cgag)@McE
08-21 12:21:22.243  2394  2394 W AppOpService: Ignored setUidMode call for runtime permission app op: uid = 10218, code = READ_CELL_BROADCASTS, mode = allow, callingUid = 1001, oldMode = allow
08-21 12:21:22.247  2394  2394 W AppOpService: Ignored setUidMode call for runtime permission app op: uid = 1001, code = READ_SMS, mode = allow, callingUid = 1001, oldMode = allow
08-21 12:21:22.249  2394  2394 W AppOpService: Ignored setUidMode call for runtime permission app op: uid = 1001, code = RECEIVE_SMS, mode = allow, callingUid = 1001, oldMode = allow
08-21 12:21:22.249  2394  2394 W AppOpService: Ignored setUidMode call for runtime permission app op: uid = 1001, code = RECEIVE_WAP_PUSH, mode = allow, callingUid = 1001, oldMode = allow
08-21 12:21:22.250  2394  2394 W AppOpService: Ignored setUidMode call for runtime permission app op: uid = 1001, code = SEND_SMS, mode = allow, callingUid = 1001, oldMode = allow
08-21 12:21:22.250  2394  2394 W AppOpService: Ignored setUidMode call for runtime permission app op: uid = 1001, code = READ_CELL_BROADCASTS, mode = allow, callingUid = 1001, oldMode = allow
08-21 12:21:22.251  2394  2394 I Telecom : InCallController: 1 calls sent to InCallService.: ICSBC.oSC(cgag)@McE
08-21 12:21:22.251  2394  2394 W Looper  : Slow dispatch took 153ms main h=android.app.ActivityThread$H c=android.app.LoadedApk$ServiceDispatcher$RunConnection@5db51fd m=0
08-21 12:21:22.252  2394  2394 I Telecom : InCallController: onConnected to ComponentInfo{com.motorola.bach.modemstats/com.motorola.bach.modemstats.call.MPhoneInCallService}: ICSBC.oSC(cmbm)@Mcc
08-21 12:21:22.252  2394  2394 I Telecom : InCallController: Adding 1 calls to InCallService after onConnected: ComponentInfo{com.motorola.bach.modemstats/com.motorola.bach.modemstats.call.MPhoneInCallService}, including external calls: ICSBC.oSC(cmbm)@Mcc
08-21 12:21:22.255  3407  3407 I TelecomFramework: TelephonyConnectionService: onTrackedByNonUiService TC@5_1 true: (ICSBC.oSC)->CS.tBNUS->H.CS.tBNUS(cgag/cast)@E-McE
08-21 12:21:22.259  2394  2394 W AppOpService: Ignored setUidMode call for runtime permission app op: uid = 10218, code = READ_CELL_BROADCASTS, mode = allow, callingUid = 1001, oldMode = allow
08-21 12:21:22.265  2394  2394 W AppOpService: Ignored setUidMode call for runtime permission app op: uid = 1001, code = READ_SMS, mode = allow, callingUid = 1001, oldMode = allow
08-21 12:21:22.266  2394  2394 W AppOpService: Ignored setUidMode call for runtime permission app op: uid = 1001, code = RECEIVE_SMS, mode = allow, callingUid = 1001, oldMode = allow
08-21 12:21:22.267  2394  2394 W AppOpService: Ignored setUidMode call for runtime permission app op: uid = 1001, code = RECEIVE_WAP_PUSH, mode = allow, callingUid = 1001, oldMode = allow
08-21 12:21:22.267  2394  2394 W AppOpService: Ignored setUidMode call for runtime permission app op: uid = 1001, code = SEND_SMS, mode = allow, callingUid = 1001, oldMode = allow
08-21 12:21:22.268  2394  2394 W AppOpService: Ignored setUidMode call for runtime permission app op: uid = 1001, code = READ_CELL_BROADCASTS, mode = allow, callingUid = 1001, oldMode = allow
08-21 12:21:22.268  2394  2394 I Telecom : InCallController: 1 calls sent to InCallService.: ICSBC.oSC(cmbm)@Mcc
08-21 12:21:22.271  2394  2394 I Telecom : InCallController: onConnected to ComponentInfo{com.google.android.dialer/com.android.incallui.InCallServiceImpl}: ICSBC.oSC(cgad)@Mcg
08-21 12:21:22.271  2394  2394 I Telecom : InCallController: trackCallingUserInterfaceStarted: com.google.android.dialer is now calling UX.: ICSBC.oSC(cgad)@Mcg
08-21 12:21:22.272  2394  2394 I Telecom : InCallController: Adding 1 calls to InCallService after onConnected: ComponentInfo{com.google.android.dialer/com.android.incallui.InCallServiceImpl}, including external calls: ICSBC.oSC(cgad)@Mcg
08-21 12:21:22.279  2394  2394 W AppOpService: Ignored setUidMode call for runtime permission app op: uid = 10218, code = READ_CELL_BROADCASTS, mode = allow, callingUid = 1001, oldMode = allow
08-21 12:21:22.284  2394  2394 W AppOpService: Ignored setUidMode call for runtime permission app op: uid = 1001, code = READ_SMS, mode = allow, callingUid = 1001, oldMode = allow
08-21 12:21:22.285  2394  2394 W AppOpService: Ignored setUidMode call for runtime permission app op: uid = 1001, code = RECEIVE_SMS, mode = allow, callingUid = 1001, oldMode = allow
08-21 12:21:22.285  2394  2394 W AppOpService: Ignored setUidMode call for runtime permission app op: uid = 1001, code = RECEIVE_WAP_PUSH, mode = allow, callingUid = 1001, oldMode = allow
08-21 12:21:22.286  2394  2394 W AppOpService: Ignored setUidMode call for runtime permission app op: uid = 1001, code = SEND_SMS, mode = allow, callingUid = 1001, oldMode = allow
08-21 12:21:22.286  2394  2394 W AppOpService: Ignored setUidMode call for runtime permission app op: uid = 1001, code = READ_CELL_BROADCASTS, mode = allow, callingUid = 1001, oldMode = allow
08-21 12:21:22.287  2394  2394 I Telecom : InCallController: 1 calls sent to InCallService.: ICSBC.oSC(cgad)@Mcg
08-21 12:21:22.287  2394  3485 D SystemServerTiming: hasUserRestriction-DISALLOW_USER_SWITCH
08-21 12:21:22.287  2394  3485 D SystemServerTiming: getInt-ALLOW_USER_SWITCHING_WHEN_SYSTEM_USER_LOCKED
08-21 12:21:22.287  2394  3485 D SystemServerTiming: isUserUnlocked-USER_SYSTEM
08-21 12:21:22.288  2394  2394 I Telecom : InCallController: onConnected to ComponentInfo{com.motorola.sarcontrol/com.motorola.sarcontrol.SarInCallService}: ICSBC.oSC(cms)@Mco
08-21 12:21:22.289  2394  2394 I Telecom : InCallController: Adding 1 calls to InCallService after onConnected: ComponentInfo{com.motorola.sarcontrol/com.motorola.sarcontrol.SarInCallService}, including external calls: ICSBC.oSC(cms)@Mco
08-21 12:21:22.291  2394  3239 I DropBoxManagerService: add tag=CALL_START isTagEnabled=true flags=0x2
08-21 12:21:22.297  2394  2394 W AppOpService: Ignored setUidMode call for runtime permission app op: uid = 10218, code = READ_CELL_BROADCASTS, mode = allow, callingUid = 1001, oldMode = allow
08-21 12:21:22.297  2394  8035 D SystemServerTiming: getUserSwitchability-0
08-21 12:21:22.297  2394  8035 D SystemServerTiming: TM.isInCall
08-21 12:21:22.297  3407  3407 I TelecomFramework: TelephonyConnectionService: onTrackedByNonUiService TC@5_1 true: (ICSBC.oSC)->CS.tBNUS->H.CS.tBNUS(cmbm/cast)@E-Mcc
08-21 12:21:22.299  3407  3407 I TelecomFramework: TelephonyConnectionService: onTrackedByNonUiService TC@5_1 true: (ICSBC.oSC)->CS.tBNUS->H.CS.tBNUS(cgad/cast)@E-Mcg
08-21 12:21:22.304  2394  2394 W AppOpService: Ignored setUidMode call for runtime permission app op: uid = 1001, code = READ_SMS, mode = allow, callingUid = 1001, oldMode = allow
08-21 12:21:22.305  2394  2394 W AppOpService: Ignored setUidMode call for runtime permission app op: uid = 1001, code = RECEIVE_SMS, mode = allow, callingUid = 1001, oldMode = allow
08-21 12:21:22.305  2394  2394 W AppOpService: Ignored setUidMode call for runtime permission app op: uid = 1001, code = RECEIVE_WAP_PUSH, mode = allow, callingUid = 1001, oldMode = allow
08-21 12:21:22.306  2394  2394 W AppOpService: Ignored setUidMode call for runtime permission app op: uid = 1001, code = SEND_SMS, mode = allow, callingUid = 1001, oldMode = allow
08-21 12:21:22.306  2394  2394 W AppOpService: Ignored setUidMode call for runtime permission app op: uid = 1001, code = READ_CELL_BROADCASTS, mode = allow, callingUid = 1001, oldMode = allow
08-21 12:21:22.307  2394  2394 I Telecom : InCallController: 1 calls sent to InCallService.: ICSBC.oSC(cms)@Mco
08-21 12:21:22.308  2394  3698 I Telecom : MotoCallAudioRouteStateMachine: setSystemAudioState: changing from [AudioState isMuted: false, route: EARPIECE, supportedRouteMask: EARPIECE, SPEAKER, activeBluetoothDevice: [null], supportedBluetoothDevices: []] to [AudioState isMuted: false, route: EARPIECE, supportedRouteMask: EARPIECE, SPEAKER, activeBluetoothDevice: [null], supportedBluetoothDevices: []]: NCSSF.aC->ICFG.sF->ICFG.sF->ICFG.sF->CARSM.pM_UPDATE_SYSTEM_AUDIO_ROUTE@Mb8
08-21 12:21:22.308  2394  3698 I Telecom : InCallController: Calling onAudioStateChanged, audioState: [AudioState isMuted: false, route: EARPIECE, supportedRouteMask: EARPIECE, SPEAKER, activeBluetoothDevice: [null], supportedBluetoothDevices: []] -> [AudioState isMuted: false, route: EARPIECE, supportedRouteMask: EARPIECE, SPEAKER, activeBluetoothDevice: [null], supportedBluetoothDevices: []]: NCSSF.aC->ICFG.sF->ICFG.sF->ICFG.sF->CARSM.pM_UPDATE_SYSTEM_AUDIO_ROUTE@Mb8
08-21 12:21:22.309  2394  3698 I Telecom : CallEndpointController: onCallAudioStateChanged, audioState: [AudioState isMuted: false, route: EARPIECE, supportedRouteMask: EARPIECE, SPEAKER, activeBluetoothDevice: [null], supportedBluetoothDevices: []] -> [AudioState isMuted: false, route: EARPIECE, supportedRouteMask: EARPIECE, SPEAKER, activeBluetoothDevice: [null], supportedBluetoothDevices: []]: NCSSF.aC->ICFG.sF->ICFG.sF->ICFG.sF->CARSM.pM_UPDATE_SYSTEM_AUDIO_ROUTE@Mb8
08-21 12:21:22.309  2394  3698 I Telecom : InCallController: Calling onAvailableCallEndpointsChanged: NCSSF.aC->ICFG.sF->ICFG.sF->ICFG.sF->CARSM.pM_UPDATE_SYSTEM_AUDIO_ROUTE@Mb8
08-21 12:21:22.310  2394  2394 W NotificationHistory: Attempted to add notif for locked/gone/disabled user 0
08-21 12:21:22.310  2394  3698 I Telecom : InCallController: Calling onCallEndpointChanged: NCSSF.aC->ICFG.sF->ICFG.sF->ICFG.sF->CARSM.pM_UPDATE_SYSTEM_AUDIO_ROUTE@Mb8
08-21 12:21:22.312  2394  3698 I Telecom : InCallController: Calling onMuteStateChanged: NCSSF.aC->ICFG.sF->ICFG.sF->ICFG.sF->CARSM.pM_UPDATE_SYSTEM_AUDIO_ROUTE@Mb8
08-21 12:21:22.316  2394  3701 I Telecom : BluetoothDeviceManager: isInbandRingEnabled: device: null: NCSSF.aC->ICFG.sF->ICFG.sF->ICFG.sF->CAMSM.pM_2002@Mb8
08-21 12:21:22.316  2394  3701 I Telecom : BluetoothDeviceManager: isInbandRingingEnabled: no headset service available.: NCSSF.aC->ICFG.sF->ICFG.sF->ICFG.sF->CAMSM.pM_2002@Mb8
08-21 12:21:22.383  2394  3485 W AppOpService: Ignored setUidMode call for runtime permission app op: uid = 10218, code = READ_CELL_BROADCASTS, mode = allow, callingUid = 1001, oldMode = allow
08-21 12:21:22.398  2394  4874 I Telecom : Ringer: shouldRingForContact: returning computation from DndCallFilter.: NCSSF.aC->ICFG.sF->ICFG.sF->ICFG.sF->CAMSM.pM_2002->R.sR@Mb8
08-21 12:21:22.398  2394  4874 I Telecom : Ringer: startRinging timings: isRingerAudible: 0, letDialerHandleRinging: 0, isVolumeOverZero: 76, hasExternalRinger: 0, isSilentRingRequested: 0, isSelfManaged: 0, isWorkProfileInQuietMode: 0, isTheaterModeOn: 0, shouldRingForContact: 0, : NCSSF.aC->ICFG.sF->ICFG.sF->ICFG.sF->CAMSM.pM_2002->R.sR@Mb8
08-21 12:21:22.401  2394  3561 D ActivityManager: unfreezing ProcessRecord{2181ce1 460:com.android.vending/u0a246}, reason = unfreezeTemporarily, adj = 945, adjType = cch-empty, adjSource = null
08-21 12:21:22.402  2394  3561 D ActivityManager: sync unfroze 460 com.android.vending for 27
08-21 12:21:22.408  2394  3701 I Telecom : Event: RecordEntry TC@5: FLASH_NOTIFICATION_START, null: NCSSF.aC->ICFG.sF->ICFG.sF->ICFG.sF->CAMSM.pM_2002@Mb8
08-21 12:21:22.411  2394  3701 I Telecom : Event: RecordEntry TC@5: START_RINGER, null: NCSSF.aC->ICFG.sF->ICFG.sF->ICFG.sF->CAMSM.pM_2002@Mb8
08-21 12:21:22.411  2394  3701 I Telecom : Ringer: Muted haptic channels isVibratorEnabled=true, hapticPlaybackSupported=false: NCSSF.aC->ICFG.sF->ICFG.sF->ICFG.sF->CAMSM.pM_2002@Mb8
08-21 12:21:22.411  2394  3701 I Telecom : AsyncRingtonePlayer: prepareRingingReadyLatch: connected=false, BT active=false, isDelayRequired=false: NCSSF.aC->ICFG.sF->ICFG.sF->ICFG.sF->CAMSM.pM_2002@Mb8
08-21 12:21:22.414  2394  3485 W AppOpService: Ignored setUidMode call for runtime permission app op: uid = 1001, code = READ_SMS, mode = allow, callingUid = 1001, oldMode = allow
08-21 12:21:22.415  2394  3485 W AppOpService: Ignored setUidMode call for runtime permission app op: uid = 1001, code = RECEIVE_SMS, mode = allow, callingUid = 1001, oldMode = allow
08-21 12:21:22.416  2394  3243 W AppOpService: Ignored setUidMode call for runtime permission app op: uid = 1001, code = RECEIVE_WAP_PUSH, mode = allow, callingUid = 1001, oldMode = allow
08-21 12:21:22.418  2394  3243 W AppOpService: Ignored setUidMode call for runtime permission app op: uid = 1001, code = SEND_SMS, mode = allow, callingUid = 1001, oldMode = allow
08-21 12:21:22.423  2394  3485 W AppOpService: Ignored setUidMode call for runtime permission app op: uid = 1001, code = READ_CELL_BROADCASTS, mode = allow, callingUid = 1001, oldMode = allow
08-21 12:21:22.427  2394  3701 I AS.FadeOutManager: unfadeOutUid() uid:1000
08-21 12:21:22.427  2394 16378 I Telecom : InCallController: Sending updateCall [Call id=TC@5, state=RINGING, tpac=ComponentInfo{com.android.phone/com.android.services.telephony.TelephonyConnectionService}, 2, UserHandle{0}, cmgr=ComponentInfo{com.android.phone/com.android.services.telephony.TelephonyConnectionService}, 2, UserHandle{0}, handle=tel:*************, vidst=A, childs(0), has_parent(false), cap=[ sup_hld mut VTlrx VTltx VTlbi spd_aud], prop=[], voip=false, gthpst=1, vzwAudioData=[VzwAudioData : UserSelectedAudioMode : -1 AudioMode : -1]], mIsConference(false)]
08-21 12:21:22.437  2394 16429 I Telecom : AsyncRingtonePlayer: handlePlay: delay ring for ready signal...: NCSSF.aC->ICFG.sF->ICFG.sF->ICFG.sF->CAMSM.pM_2002->ARP.hP@Mb8
08-21 12:21:22.437  2394  8035 D SystemServerTiming: hasUserRestriction-DISALLOW_USER_SWITCH
08-21 12:21:22.437  2394 16429 I Telecom : AsyncRingtonePlayer: handlePlay: ringing ready, timeout=false: NCSSF.aC->ICFG.sF->ICFG.sF->ICFG.sF->CAMSM.pM_2002->ARP.hP@Mb8
08-21 12:21:22.437  2394  8035 D SystemServerTiming: getInt-ALLOW_USER_SWITCHING_WHEN_SYSTEM_USER_LOCKED
08-21 12:21:22.437  2394  8035 D SystemServerTiming: isUserUnlocked-USER_SYSTEM
08-21 12:21:22.440  2394  3144 D ShortcutService: received package broadcast intent: Intent { act=android.intent.action.PACKAGE_CHANGED dat=package: flg=0x45000010 (has extras) }
08-21 12:21:22.440  2394  3144 D ShortcutService: changing package: com.motorola.carriersettingsext userId0
08-21 12:21:22.441  2394  3144 D ShortcutService: handlePackageChanged: com.motorola.carriersettingsext user=0
08-21 12:21:22.441  2394  3144 D ShortcutService: rescanPackageIfNeeded 0@com.motorola.carriersettingsext, forceRescan=true , isNewApp=true
08-21 12:21:22.444  2394  3698 I Telecom : MotoCallAudioRouteStateMachine: Message received: SWITCH_FOCUS=4001, arg1=3: NCSSF.aC->ICFG.sF->ICFG.sF->ICFG.sF->CAMSM.pM_2002->CARSM.pM_SWITCH_FOCUS@Mb8
08-21 12:21:22.444  2394  3698 I Telecom : CallAudioRouteStateMachine$QuiescentEarpieceRoute: Processing message SWITCH_FOCUS: NCSSF.aC->ICFG.sF->ICFG.sF->ICFG.sF->CAMSM.pM_2002->CARSM.pM_SWITCH_FOCUS@Mb8
08-21 12:21:22.452  2394  3698 I Telecom : Event: RecordEntry TC@5: AUDIO_ROUTE, Leaving state QuiescentEarpieceRoute: NCSSF.aC->ICFG.sF->ICFG.sF->ICFG.sF->CAMSM.pM_2002->CARSM.pM_SWITCH_FOCUS@Mb8
08-21 12:21:22.452  2394  3698 I Telecom : Event: RecordEntry TC@5: AUDIO_ROUTE, Entering state ActiveEarpieceRoute: NCSSF.aC->ICFG.sF->ICFG.sF->ICFG.sF->CAMSM.pM_2002->CARSM.pM_SWITCH_FOCUS@Mb8
08-21 12:21:22.452  2394  3698 I Telecom : Event: RecordEntry TC@5: AUDIO_ROUTE_EARPIECE, null: NCSSF.aC->ICFG.sF->ICFG.sF->ICFG.sF->CAMSM.pM_2002->CARSM.pM_SWITCH_FOCUS@Mb8
08-21 12:21:22.461  2394  2440 W ProcessStats: Tracking association SourceState{c30b6fc com.google.android.gms/10216 Fgs #133917} whose proc state 3 is better than process ProcessState{80b803e com.android.vending/10246 pkg=com.android.vending} proc state 14 (87 skipped)
08-21 12:21:22.463  2394  3153 D ActivityManager: unfreezing ProcessRecord{81fcb54 9047:com.google.android.apps.wellbeing/u0a248}, reason = moto_freezer, adj = 100, adjType = provider, adjSource = ProcessRecord{1b5c29b 15881:com.google.android.dialer/u0a205}
08-21 12:21:22.463  2394  3153 D ActivityManager: sync unfroze 9047 com.google.android.apps.wellbeing for 1
08-21 12:21:22.465  2394  3698 I Telecom : MotoCallAudioRouteStateMachine: turning speaker phone false: NCSSF.aC->ICFG.sF->ICFG.sF->ICFG.sF->CAMSM.pM_2002->CARSM.pM_SWITCH_FOCUS@Mb8
08-21 12:21:22.465  2394  3698 I Telecom : CallAudioCommunicationDeviceTracker: clearCommunicationDevice: type = 2, isBtDevice = false: NCSSF.aC->ICFG.sF->ICFG.sF->ICFG.sF->CAMSM.pM_2002->CARSM.pM_SWITCH_FOCUS@Mb8
08-21 12:21:22.465  2394  3698 I Telecom : CallAudioCommunicationDeviceTracker: Unable to clear communication device of type(s), 2. Device does not correspond to the locally requested device type.: NCSSF.aC->ICFG.sF->ICFG.sF->ICFG.sF->CAMSM.pM_2002->CARSM.pM_SWITCH_FOCUS@Mb8
08-21 12:21:22.465  2394  3698 I Telecom : CallAudioCommunicationDeviceTracker: setCommunicationDevice: type = 1, isBtDevice = false, btDevice = null: NCSSF.aC->ICFG.sF->ICFG.sF->ICFG.sF->CAMSM.pM_2002->CARSM.pM_SWITCH_FOCUS@Mb8
08-21 12:21:22.469  2394  3698 I Telecom : CallAudioCommunicationDeviceTracker: Available device type: 1: NCSSF.aC->ICFG.sF->ICFG.sF->ICFG.sF->CAMSM.pM_2002->CARSM.pM_SWITCH_FOCUS@Mb8
08-21 12:21:22.473  2394  3698 I Telecom : CallAudioCommunicationDeviceTracker: Active device set: NCSSF.aC->ICFG.sF->ICFG.sF->ICFG.sF->CAMSM.pM_2002->CARSM.pM_SWITCH_FOCUS@Mb8
08-21 12:21:22.475  2394  3144 D ShortcutService: Package com.motorola.carriersettingsext has 0 manifest shortcut(s), and 0 share target(s)
08-21 12:21:22.500  2394 16378 W AppOpService: Ignored setUidMode call for runtime permission app op: uid = 10218, code = READ_CELL_BROADCASTS, mode = allow, callingUid = 1001, oldMode = allow
08-21 12:21:22.512  2394 16378 W AppOpService: Ignored setUidMode call for runtime permission app op: uid = 1001, code = READ_SMS, mode = allow, callingUid = 1001, oldMode = allow
08-21 12:21:22.514  2394 16378 W AppOpService: Ignored setUidMode call for runtime permission app op: uid = 1001, code = RECEIVE_SMS, mode = allow, callingUid = 1001, oldMode = allow
08-21 12:21:22.514  2394 16378 W AppOpService: Ignored setUidMode call for runtime permission app op: uid = 1001, code = RECEIVE_WAP_PUSH, mode = allow, callingUid = 1001, oldMode = allow
08-21 12:21:22.515  2394 16378 W AppOpService: Ignored setUidMode call for runtime permission app op: uid = 1001, code = SEND_SMS, mode = allow, callingUid = 1001, oldMode = allow
08-21 12:21:22.515  2394  2471 I ActivityManager: Start proc 16436:com.google.android.webview:sandboxed_process0:org.chromium.content.app.SandboxedProcessService0:0/u0i81 for  {com.truecaller/org.chromium.content.app.SandboxedProcessService0:0}
08-21 12:21:22.515  2394 16378 W AppOpService: Ignored setUidMode call for runtime permission app op: uid = 1001, code = READ_CELL_BROADCASTS, mode = allow, callingUid = 1001, oldMode = allow
08-21 12:21:22.526  2394 16429 W ActivityManager: pid 2394 system sent binder code 23 with flags 0 to frozen apps and got error -2147483646
08-21 12:21:22.527  2394 16429 I ActivityThread: Removing dead content provider:android.content.ContentProviderProxy@d799323
08-21 12:21:22.532  2394 16378 W AppOpService: Ignored setUidMode call for runtime permission app op: uid = 10218, code = READ_CELL_BROADCASTS, mode = allow, callingUid = 1001, oldMode = allow
08-21 12:21:22.544  2394 16429 W ContentProviderHelper: unstableProviderDied: caller 1000 says ContentProviderConnection{8483e7f/com.google.android.providers.media.module/com.android.providers.media.MediaProvider->2394:system/1000 s0/6 u7/10 +23h14m2s593ms} died, but we don't agree
08-21 12:21:22.546  2394 16378 W AppOpService: Ignored setUidMode call for runtime permission app op: uid = 1001, code = READ_SMS, mode = allow, callingUid = 1001, oldMode = allow
08-21 12:21:22.548  2394 16378 W AppOpService: Ignored setUidMode call for runtime permission app op: uid = 1001, code = RECEIVE_SMS, mode = allow, callingUid = 1001, oldMode = allow
08-21 12:21:22.549  2394 16378 W AppOpService: Ignored setUidMode call for runtime permission app op: uid = 1001, code = RECEIVE_WAP_PUSH, mode = allow, callingUid = 1001, oldMode = allow
08-21 12:21:22.550  2394 16378 W AppOpService: Ignored setUidMode call for runtime permission app op: uid = 1001, code = SEND_SMS, mode = allow, callingUid = 1001, oldMode = allow
08-21 12:21:22.551  2394 16378 W AppOpService: Ignored setUidMode call for runtime permission app op: uid = 1001, code = READ_CELL_BROADCASTS, mode = allow, callingUid = 1001, oldMode = allow
08-21 12:21:22.568  2394 16378 W AppOpService: Ignored setUidMode call for runtime permission app op: uid = 10218, code = READ_CELL_BROADCASTS, mode = allow, callingUid = 1001, oldMode = allow
08-21 12:21:22.578  2394 16378 W AppOpService: Ignored setUidMode call for runtime permission app op: uid = 1001, code = READ_SMS, mode = allow, callingUid = 1001, oldMode = allow
08-21 12:21:22.580  2394 16378 W AppOpService: Ignored setUidMode call for runtime permission app op: uid = 1001, code = RECEIVE_SMS, mode = allow, callingUid = 1001, oldMode = allow
08-21 12:21:22.581  2394 16378 W AppOpService: Ignored setUidMode call for runtime permission app op: uid = 1001, code = RECEIVE_WAP_PUSH, mode = allow, callingUid = 1001, oldMode = allow
08-21 12:21:22.584  2394 16378 W AppOpService: Ignored setUidMode call for runtime permission app op: uid = 1001, code = SEND_SMS, mode = allow, callingUid = 1001, oldMode = allow
08-21 12:21:22.586  2394 16378 W AppOpService: Ignored setUidMode call for runtime permission app op: uid = 1001, code = READ_CELL_BROADCASTS, mode = allow, callingUid = 1001, oldMode = allow
08-21 12:21:22.615  2394 16378 W AppOpService: Ignored setUidMode call for runtime permission app op: uid = 10218, code = READ_CELL_BROADCASTS, mode = allow, callingUid = 1001, oldMode = allow
08-21 12:21:22.623  2394 16378 W AppOpService: Ignored setUidMode call for runtime permission app op: uid = 1001, code = READ_SMS, mode = allow, callingUid = 1001, oldMode = allow
08-21 12:21:22.624  2394 16378 W AppOpService: Ignored setUidMode call for runtime permission app op: uid = 1001, code = RECEIVE_SMS, mode = allow, callingUid = 1001, oldMode = allow
08-21 12:21:22.625  2394 16378 W AppOpService: Ignored setUidMode call for runtime permission app op: uid = 1001, code = RECEIVE_WAP_PUSH, mode = allow, callingUid = 1001, oldMode = allow
08-21 12:21:22.625  2394 16378 W AppOpService: Ignored setUidMode call for runtime permission app op: uid = 1001, code = SEND_SMS, mode = allow, callingUid = 1001, oldMode = allow
08-21 12:21:22.626  2394 16378 W AppOpService: Ignored setUidMode call for runtime permission app op: uid = 1001, code = READ_CELL_BROADCASTS, mode = allow, callingUid = 1001, oldMode = allow
08-21 12:21:22.627  2394 16378 I Telecom : InCallController: Components updated: [ComponentInfo{com.motorola.sarcontrol/com.motorola.sarcontrol.SarInCallService}, ComponentInfo{com.google.android.dialer/com.android.incallui.InCallServiceImpl}, ComponentInfo{com.google.android.gms/com.google.android.gms.bankscamwarning.services.BankScamCallDetectionService}, ComponentInfo{com.motorola.bach.modemstats/com.motorola.bach.modemstats.call.MPhoneInCallService}]
08-21 12:21:22.628  2394 16429 W ActivityManager: pid 2394 system sent binder code 23 with flags 0 to frozen apps and got error -2147483646
08-21 12:21:22.648  2394  2394 I Telecom : InCallController$2: isUserKeyPresent:true isChildKeyPresent:false isManagedProfile:false user:0: ICC.pCR@MdM
08-21 12:21:22.648  2394  2394 I Telecom : InCallController: updateCarModeForConnections: car mode apps: : ICC.pCR@MdM
08-21 12:21:22.648  2394  2394 I Telecom : InCallController: update carmode current:UserHandle{0} parent:null: ICC.pCR@MdM
08-21 12:21:22.648  2394  2394 W Looper  : Slow dispatch took 179ms main h=android.app.ActivityThread$H c=android.app.LoadedApk$ReceiverDispatcher$Args$$ExternalSyntheticLambda0@e9d0904 m=0
08-21 12:21:22.659  2394  3698 I Telecom : MotoCallAudioRouteStateMachine: setSystemAudioState: changing from [AudioState isMuted: false, route: EARPIECE, supportedRouteMask: EARPIECE, SPEAKER, activeBluetoothDevice: [null], supportedBluetoothDevices: []] to [AudioState isMuted: false, route: EARPIECE, supportedRouteMask: EARPIECE, SPEAKER, activeBluetoothDevice: [null], supportedBluetoothDevices: []]: NCSSF.aC->ICFG.sF->ICFG.sF->ICFG.sF->CAMSM.pM_2002->CARSM.pM_SWITCH_FOCUS@Mb8
