08-21 12:21:22.659  2394  3698 I Telecom : InCallController: Calling onAudioStateChanged, audioState: [AudioState isMuted: false, route: EARPIECE, supportedRouteMask: EARPIECE, SPEAKER, activeBluetoothDevice: [null], supportedBluetoothDevices: []] -> [AudioState isMuted: false, route: EARPIECE, supportedRouteMask: EARPIECE, SPEAKER, activeBluetoothDevice: [null], supportedBluetoothDevices: []]: NCSSF.aC->ICFG.sF->ICFG.sF->ICFG.sF->CAMSM.pM_2002->CARSM.pM_SWITCH_FOCUS@Mb8
08-21 12:21:22.662  2394  3698 I Telecom : CallEndpointController: onCallAudioStateChanged, audioState: [AudioState isMuted: false, route: EARPIECE, supportedRouteMask: EARPIECE, SPEAKER, activeBluetoothDevice: [null], supportedBluetoothDevices: []] -> [AudioState isMuted: false, route: EARPIECE, supportedRouteMask: EARPIECE, SPEAKER, activeBluetoothDevice: [null], supportedBluetoothDevices: []]: NCSSF.aC->ICFG.sF->ICFG.sF->ICFG.sF->CAMSM.pM_2002->CARSM.pM_SWITCH_FOCUS@Mb8
08-21 12:21:22.663  2394  3698 I Telecom : InCallController: Calling onAvailableCallEndpointsChanged: NCSSF.aC->ICFG.sF->ICFG.sF->ICFG.sF->CAMSM.pM_2002->CARSM.pM_SWITCH_FOCUS@Mb8
08-21 12:21:22.671  2394  2470 D CompatChangeReporter: Compat change id reported: 151861875; UID 10223; state: ENABLED
08-21 12:21:22.678  2394  3698 I Telecom : InCallController: Calling onCallEndpointChanged: NCSSF.aC->ICFG.sF->ICFG.sF->ICFG.sF->CAMSM.pM_2002->CARSM.pM_SWITCH_FOCUS@Mb8
08-21 12:21:22.681  2394  3698 I Telecom : InCallController: Calling onMuteStateChanged: NCSSF.aC->ICFG.sF->ICFG.sF->ICFG.sF->CAMSM.pM_2002->CARSM.pM_SWITCH_FOCUS@Mb8
08-21 12:21:22.699  2394  3698 I Telecom : BluetoothRouteManager: getBluetoothAudioConnectedDevice: no service available.: NCSSF.aC->ICFG.sF->ICFG.sF->ICFG.sF->CAMSM.pM_2002->CARSM.pM_SWITCH_FOCUS@Mb8
08-21 12:21:22.721  2394  4881 I Telecom : CallAudioModeStateMachine: onModeChanged: mode=1
08-21 12:21:22.733  2394  2471 I ActivityManager: Start proc 16463:com.motorola.dynamicvolume/u0a223 for broadcast {com.motorola.dynamicvolume/com.motorola.dynamicvolume.service.VolumeBroadcastReceiver}
08-21 12:21:22.747  2394 16429 W ActivityManager: pid 2394 system sent binder code 23 with flags 0 to frozen apps and got error -2147483646
08-21 12:21:22.748  2394 16429 I ActivityThread: Removing dead content provider:android.content.ContentProviderProxy@d799323
08-21 12:21:22.749  2394  2440 I ActivityManager: Background started FGS: Allowed [callingPackage: com.google.android.dialer; callingUid: 10205; uidState: BFGS; uidBFSL: [BFSL]; intent: Intent { act=android.telecom.InCallService cmp=com.google.android.dialer/com.android.incallui.InCallServiceImpl }; code:ACTIVITY_STARTER; tempAllowListReason:<a63eebd android.telephony.action.SHOW_VOICEMAIL_NOTIFICATION/u0,reasonCode:UNKNOWN,duration:10000,callingUid:1001>; targetSdkVersion:36; callerTargetSdkVersion:36; startForegroundCount:0; bindFromPackage:null: isBindService:false]
08-21 12:21:22.754  3407  3407 I TelecomFramework: TelephonyConnectionService: onTrackedByNonUiService TC@5_1 true: (ICSBC.oSC)->CS.tBNUS->H.CS.tBNUS(cms/cast)@E-Mco
08-21 12:21:22.754  3407  3407 I TelecomFramework: TelephonyConnectionService: onAvailableCallEndpointsChanged TC@5_1: (NCSSF.aC->ICFG.sF->ICFG.sF->ICFG.sF->CARSM.pM_UPDATE_SYSTEM_AUDIO_ROUTE)->CS.oACEC->H.CS.cASC(cast)@E-Mb8
08-21 12:21:22.754  3407  3407 I TelecomFramework: TelephonyConnectionService: onCallEndpointChanged TC@5_1 [CallEndpoint Name: Earpiece, Type: EARPIECE, Identifier: e5358451-d4e5-4497-a7e6-4bb8a58e8e5b]: (NCSSF.aC->ICFG.sF->ICFG.sF->ICFG.sF->CARSM.pM_UPDATE_SYSTEM_AUDIO_ROUTE)->CS.oCEC->H.CS.cASC(cast)@E-Mb8
08-21 12:21:22.754  3407  3407 I TelecomFramework: TelephonyConnectionService: onMuteStateChanged TC@5_1 false: (NCSSF.aC->ICFG.sF->ICFG.sF->ICFG.sF->CARSM.pM_UPDATE_SYSTEM_AUDIO_ROUTE)->CS.oMSC->H.CS.cASC(cast)@E-Mb8
08-21 12:21:22.754  3407  3407 I TelecomFramework: TelephonyConnectionService: onAudioStateChanged TC@5_1 [AudioState isMuted: false, route: EARPIECE, supportedRouteMask: EARPIECE, SPEAKER, activeBluetoothDevice: [null], supportedBluetoothDevices: []]: (NCSSF.aC->ICFG.sF->ICFG.sF->ICFG.sF->CARSM.pM_UPDATE_SYSTEM_AUDIO_ROUTE)->CS.cASC->H.CS.cASC(cast)@E-Mb8
08-21 12:21:22.760  2394 16429 W ContentProviderHelper: unstableProviderDied: caller 1000 says ContentProviderConnection{8483e7f/com.google.android.providers.media.module/com.android.providers.media.MediaProvider->2394:system/1000 s0/7 u8/11 +23h14m2s810ms} died, but we don't agree
08-21 12:21:22.780  2394 16429 W ActivityManager: pid 2394 system sent binder code 23 with flags 0 to frozen apps and got error -2147483646
08-21 12:21:22.797  2394  8035 I ActivityManager: Flag disabled. Ignoring finishAttachApplication from uid: 99081. pid: 16436
08-21 12:21:22.809  2394 16429 W ActivityManager: pid 2394 system sent binder code 23 with flags 0 to frozen apps and got error -2147483646
08-21 12:21:22.809  2394 16429 I ActivityThread: Removing dead content provider:android.content.ContentProviderProxy@d799323
08-21 12:21:22.810  3407  3407 I TelecomFramework: TelephonyConnectionService: onAvailableCallEndpointsChanged TC@5_1: (NCSSF.aC->ICFG.sF->ICFG.sF->ICFG.sF->CAMSM.pM_2002->CARSM.pM_SWITCH_FOCUS)->CS.oACEC->H.CS.cASC(cast)@E-Mb8
08-21 12:21:22.811  3407  3407 I TelecomFramework: TelephonyConnectionService: onCallEndpointChanged TC@5_1 [CallEndpoint Name: Earpiece, Type: EARPIECE, Identifier: e5358451-d4e5-4497-a7e6-4bb8a58e8e5b]: (NCSSF.aC->ICFG.sF->ICFG.sF->ICFG.sF->CAMSM.pM_2002->CARSM.pM_SWITCH_FOCUS)->CS.oCEC->H.CS.cASC(cast)@E-Mb8
08-21 12:21:22.811  3407  3407 I TelecomFramework: TelephonyConnectionService: onMuteStateChanged TC@5_1 false: (NCSSF.aC->ICFG.sF->ICFG.sF->ICFG.sF->CAMSM.pM_2002->CARSM.pM_SWITCH_FOCUS)->CS.oMSC->H.CS.cASC(cast)@E-Mb8
08-21 12:21:22.811  3407  3407 I TelecomFramework: TelephonyConnectionService: onAudioStateChanged TC@5_1 [AudioState isMuted: false, route: EARPIECE, supportedRouteMask: EARPIECE, SPEAKER, activeBluetoothDevice: [null], supportedBluetoothDevices: []]: (NCSSF.aC->ICFG.sF->ICFG.sF->ICFG.sF->CAMSM.pM_2002->CARSM.pM_SWITCH_FOCUS)->CS.cASC->H.CS.cASC(cast)@E-Mb8
08-21 12:21:22.830  2394 16429 W ContentProviderHelper: unstableProviderDied: caller 1000 says ContentProviderConnection{8483e7f/com.google.android.providers.media.module/com.android.providers.media.MediaProvider->2394:system/1000 s0/8 u9/12 +23h14m2s880ms} died, but we don't agree
08-21 12:21:22.846  2394 16429 W ActivityManager: pid 2394 system sent binder code 23 with flags 0 to frozen apps and got error -2147483646
08-21 12:21:22.864  2394 16429 I Telecom : AsyncRingtonePlayer: setRingtone: ringtone null=false: NCSSF.aC->ICFG.sF->ICFG.sF->ICFG.sF->CAMSM.pM_2002->ARP.hP@Mb8
08-21 12:21:22.864  2394 16429 I Telecom : AsyncRingtonePlayer: handlePlay: Play ringtone. Uri: content://media/...: NCSSF.aC->ICFG.sF->ICFG.sF->ICFG.sF->CAMSM.pM_2002->ARP.hP@Mb8
08-21 12:21:22.866  2394 16429 I Telecom : AsyncRingtonePlayer: Play ringtone, looping.: NCSSF.aC->ICFG.sF->ICFG.sF->ICFG.sF->CAMSM.pM_2002->ARP.hP@Mb8
08-21 12:21:22.867  2394 16429 I Telecom : Ringer: did not find vibration effect, falling back to default vibration: NCSSF.aC->ICFG.sF->ICFG.sF->ICFG.sF->CAMSM.pM_2002->ARP.hP@Mb8
08-21 12:21:22.868  2394 16429 I Telecom : Event: RecordEntry TC@5: START_VIBRATOR, hasVibrator=true, userRequestsVibrate=true, ringerMode=2, isVibrating=false: NCSSF.aC->ICFG.sF->ICFG.sF->ICFG.sF->CAMSM.pM_2002->ARP.hP@Mb8
08-21 12:21:22.869  2394 16429 I Telecom : Ringer: start vibration.: NCSSF.aC->ICFG.sF->ICFG.sF->ICFG.sF->CAMSM.pM_2002->ARP.hP@Mb8
08-21 12:21:22.909  2394  3485 D CompatChangeReporter: Compat change id reported: 319212206; UID 10387; state: ENABLED
08-21 12:21:22.950  2394  8403 I ActivityManager: Flag disabled. Ignoring finishAttachApplication from uid: 10423. pid: 16389
08-21 12:21:22.993  2394  2394 W NotificationHistory: Attempted to add notif for locked/gone/disabled user 0
08-21 12:21:22.996  2394  2394 I Telecom : VoipCallMonitor$1: onNotificationPosted: could not find acall for the call notification w/ id=[1]
08-21 12:21:23.015  2394  3562 I ActivityManager: Flag disabled. Ignoring finishAttachApplication from uid: 10223. pid: 16463
08-21 12:21:23.017  2394  3562 D CompatChangeReporter: Compat change id reported: 319471980; UID 10223; state: ENABLED
08-21 12:21:23.027  2394  7641 I ActivityManager: Background started FGS: Allowed [callingPackage: com.google.android.dialer; callingUid: 10205; uidState: FGS ; uidBFSL: [BFSL]; intent: Intent { act=android.telecom.InCallService cmp=com.google.android.dialer/com.android.incallui.InCallServiceImpl }; code:ACTIVITY_STARTER; tempAllowListReason:<a63eebd android.telephony.action.SHOW_VOICEMAIL_NOTIFICATION/u0,reasonCode:UNKNOWN,duration:10000,callingUid:1001>; targetSdkVersion:36; callerTargetSdkVersion:36; startForegroundCount:1; bindFromPackage:null: isBindService:false]
08-21 12:21:23.033  2394  8035 D CompatChangeReporter: Compat change id reported: 311208629; UID 10223; state: ENABLED
08-21 12:21:23.078  2394  3485 D CoreBackPreview: Window{40a0e7b u0 NotificationShade}: Setting back callback OnBackInvokedCallbackInfo{mCallback=android.window.IOnBackInvokedCallback$Stub$Proxy@527914c, mPriority=0, mIsAnimationCallback=false}
08-21 12:21:23.112  2394  2471 I ActivityManager: Start proc 16544:com.google.android.contacts/u0a263 for content provider {com.google.android.contacts/com.google.android.apps.contacts.othercontacts.OtherContactsProvider}
08-21 12:21:23.129  2394  2440 D CompatChangeReporter: Compat change id reported: 161145287; UID 10423; state: ENABLED
08-21 12:21:23.171  2394  3239 W ActivityManager: Background start not allowed: service Intent { cmp=org.telegram.messenger/.NotificationsService } to org.telegram.messenger/.NotificationsService from pid=16389 uid=10423 pkg=org.telegram.messenger startFg?=false
08-21 12:21:23.197  2394  3485 D SystemServerTiming: getUserSwitchability-0
08-21 12:21:23.197  2394  3485 D SystemServerTiming: TM.isInCall
08-21 12:21:23.197  2394  3485 D SystemServerTiming: hasUserRestriction-DISALLOW_USER_SWITCH
08-21 12:21:23.197  2394  3485 D SystemServerTiming: getInt-ALLOW_USER_SWITCHING_WHEN_SYSTEM_USER_LOCKED
08-21 12:21:23.197  2394  3485 D SystemServerTiming: isUserUnlocked-USER_SYSTEM
08-21 12:21:23.198  2394  3239 D SystemServerTiming: getUserSwitchability-0
08-21 12:21:23.198  2394  3239 D SystemServerTiming: TM.isInCall
08-21 12:21:23.199  2394  3239 D SystemServerTiming: hasUserRestriction-DISALLOW_USER_SWITCH
08-21 12:21:23.199  2394  3239 D SystemServerTiming: getInt-ALLOW_USER_SWITCHING_WHEN_SYSTEM_USER_LOCKED
08-21 12:21:23.199  2394  3239 D SystemServerTiming: isUserUnlocked-USER_SYSTEM
08-21 12:21:23.232  2394  3239 D CompatChangeReporter: Compat change id reported: 261072174; UID 10423; state: ENABLED
08-21 12:21:23.329  2394  2469 W MagnificationConnectionManager: requestConnection duplicated request: connect=false, mConnectionState=DISCONNECTED
08-21 12:21:23.438  2394  3144 D ShortcutService: received package broadcast intent: Intent { act=android.intent.action.PACKAGE_CHANGED dat=package: flg=0x45000010 (has extras) }
08-21 12:21:23.438  2394  3144 D ShortcutService: changing package: com.motorola.carriersettingsext userId0
08-21 12:21:23.442  2394  3144 D ShortcutService: handlePackageChanged: com.motorola.carriersettingsext user=0
08-21 12:21:23.443  2394  3144 D ShortcutService: rescanPackageIfNeeded 0@com.motorola.carriersettingsext, forceRescan=true , isNewApp=true
08-21 12:21:23.452  2394  2394 I Telecom : InCallController$2: isUserKeyPresent:true isChildKeyPresent:false isManagedProfile:false user:0: ICC.pCR@MeQ
08-21 12:21:23.452  2394  2394 I Telecom : InCallController: updateCarModeForConnections: car mode apps: : ICC.pCR@MeQ
08-21 12:21:23.452  2394  2394 I Telecom : InCallController: update carmode current:UserHandle{0} parent:null: ICC.pCR@MeQ
08-21 12:21:23.454  2394  3144 D ShortcutService: Package com.motorola.carriersettingsext has 0 manifest shortcut(s), and 0 share target(s)
08-21 12:21:23.483  2394  7641 W AppOpService: Ignored setUidMode call for runtime permission app op: uid = 10218, code = READ_CELL_BROADCASTS, mode = allow, callingUid = 1001, oldMode = allow
08-21 12:21:23.495  2394  7641 W AppOpService: Ignored setUidMode call for runtime permission app op: uid = 1001, code = READ_SMS, mode = allow, callingUid = 1001, oldMode = allow
08-21 12:21:23.496  2394  7641 W AppOpService: Ignored setUidMode call for runtime permission app op: uid = 1001, code = RECEIVE_SMS, mode = allow, callingUid = 1001, oldMode = allow
08-21 12:21:23.496  2394  7641 W AppOpService: Ignored setUidMode call for runtime permission app op: uid = 1001, code = RECEIVE_WAP_PUSH, mode = allow, callingUid = 1001, oldMode = allow
08-21 12:21:23.496  2394  7641 W AppOpService: Ignored setUidMode call for runtime permission app op: uid = 1001, code = SEND_SMS, mode = allow, callingUid = 1001, oldMode = allow
08-21 12:21:23.497  2394  7641 W AppOpService: Ignored setUidMode call for runtime permission app op: uid = 1001, code = READ_CELL_BROADCASTS, mode = allow, callingUid = 1001, oldMode = allow
08-21 12:21:23.552  2394  7863 I ActivityManager: Flag disabled. Ignoring finishAttachApplication from uid: 10263. pid: 16544
08-21 12:21:23.619  2394  2743 D BatteryService: uevent={POWER_SUPPLY_VOLTAGE_NOW=4402000, POWER_SUPPLY_VBUS_PRESENT=true, POWER_SUPPLY_TYPE=Battery, POWER_SUPPLY_HEALTH=Good, POWER_SUPPLY_TECHNOLOGY=Li-poly, POWER_SUPPLY_SCOPE=100, POWER_SUPPLY_CHARGE_FULL_DESIGN=5355000, SEQNUM=20321, POWER_SUPPLY_STATUS=Charging, POWER_SUPPLY_CYCLE_COUNT=71, POWER_SUPPLY_CAPACITY=100, DEVPATH=/devices/platform/smart_battery/power_supply/battery, POWER_SUPPLY_ENERGY_EMPTY=0, POWER_SUPPLY_CHARGE_RATE=Normal, POWER_SUPPLY_CAPACITY_LEVEL=Full, POWER_SUPPLY_CURRENT_NOW=-768000, POWER_SUPPLY_PRESENT=1, POWER_SUPPLY_POWER_WATT=2, POWER_SUPPLY_CHARGE_FULL=5449000, SUBSYSTEM=power_supply, POWER_SUPPLY_VOLTAGE_OCV=4402000, POWER_SUPPLY_TEMP=339, ACTION=change, POWER_SUPPLY_AGE=100, POWER_SUPPLY_CHARGE_REAL_TYPE=1, POWER_SUPPLY_NAME=battery, POWER_SUPPLY_LPD_PRESENT=false, POWER_SUPPLY_CHARGE_COUNTER=5394000, POWER_SUPPLY_POWER_WATT_DESIGN=68}
08-21 12:21:23.630  3199  4268 D PowerUI : can't show warning due to - plugged: true status unknown: false
08-21 12:21:23.657  2394  7863 I Telecom : PhoneAccountRegistrar: getSimCallManager: SimCallManager for subId 2 queried, returning: null: TSI.gPA(cgac)@Mes
08-21 12:21:23.676  2394  7863 I Telecom : PhoneAccountRegistrar: getSimCallManager: SimCallManager for subId 2 queried, returning: null: TSI.gPA(cgac)@Me8
08-21 12:21:23.881  2394  2469 W MotoBatteryCareService: uid: 10387 pkgName:com.truecaller come to foreground
08-21 12:21:23.891  2394  2469 W MagnificationConnectionManager: requestConnection duplicated request: connect=false, mConnectionState=DISCONNECTED
08-21 12:21:23.930  2394  2394 V UiModeManager: updateLocked: null action, mDockState=0, category=null
08-21 12:21:23.931  2394  2394 D UiModeManager: updateConfigurationLocked: mDockState=0; mCarMode=false; mNightMode=1; mNightModeCustomType=-1; uiMode=17
08-21 12:21:24.130  2394  7641 V UserSystemPackageInstaller: dumpPackageWhitelistProblems(): using mode 5
08-21 12:21:24.275  2394  7641 V UserSystemPackageInstaller: dumpPackageWhitelistProblems(): using mode 5
08-21 12:21:25.594  2394  2808 I Telecom : TelecomServiceImpl$1: Silence Ringer requested by android: TSI.sR(a)@MfU
08-21 12:21:25.594  2394  2808 I Telecom : Call: Send silence to connection service for call [Call id=TC@5, state=RINGING, tpac=ComponentInfo{com.android.phone/com.android.services.telephony.TelephonyConnectionService}, 2, UserHandle{0}, cmgr=ComponentInfo{com.android.phone/com.android.services.telephony.TelephonyConnectionService}, 2, UserHandle{0}, handle=tel:*************, vidst=A, childs(0), has_parent(false), cap=[ sup_hld mut VTlrx VTltx VTlbi spd_aud], prop=[], voip=false, gthpst=1, vzwAudioData=[VzwAudioData : UserSelectedAudioMode : -1 AudioMode : -1]], mIsConference(false)]: TSI.sR(a)@MfU
08-21 12:21:25.595  2394  2808 I Telecom : Event: RecordEntry TC@5: SILENCE, null: TSI.sR(a)@MfU
08-21 12:21:25.595  2394  2808 I Telecom : Event: RecordEntry TC@5: FLASH_NOTIFICATION_STOP, null: TSI.sR(a)@MfU
08-21 12:21:25.596  2394  2808 I Telecom : Event: RecordEntry TC@5: STOP_RINGER, null: TSI.sR(a)@MfU
08-21 12:21:25.596  2394  2808 I Telecom : Ringer: Stop local Ringing: TSI.sR(a)@MfU
08-21 12:21:25.596  2394 16429 I Telecom : AsyncRingtonePlayer: Stop ringtone.: NCSSF.aC->ICFG.sF->ICFG.sF->ICFG.sF->CAMSM.pM_2002->ARP.hP@1
08-21 12:21:25.596  2394  2808 I Telecom : Event: RecordEntry TC@5: STOP_VIBRATOR, null: TSI.sR(a)@MfU
08-21 12:21:25.596  2394 16429 I Telecom : AsyncRingtonePlayer: setRingtone: ringtone null=true: NCSSF.aC->ICFG.sF->ICFG.sF->ICFG.sF->CAMSM.pM_2002->ARP.hP@1
08-21 12:21:25.596  3407  3407 I TelecomFramework: TelephonyConnectionService: silence TC@5_1: (TSI.sR)->CS.s->H.CS.s(a/cast)@E-MfU
08-21 12:21:25.827  2394  8403 D TouchHwAidlService: getStowStatusFromSensorHub stowStatus=0
08-21 12:21:25.827  2394  8403 D TouchHwAidlService: getStowStatusFromSensorHub stowStatus=0
08-21 12:21:26.322  2394  3153 D ActivityManager: freezing 16389 org.telegram.messenger, reason=moto_freezer, adj=915, adjType=cch-empty
08-21 12:21:27.113  3199  3852 D PowerUI : can't show warning due to - plugged: true status unknown: false
08-21 12:21:27.115  2394  2394 V UiModeManager: updateLocked: null action, mDockState=0, category=null
08-21 12:21:27.115  2394  2394 D UiModeManager: updateConfigurationLocked: mDockState=0; mCarMode=false; mNightMode=1; mNightModeCustomType=-1; uiMode=17
08-21 12:21:31.900  2394  3239 D CompatChangeReporter: Compat change id reported: 313677553; UID 10387; state: ENABLED
08-21 12:21:32.926  2394  3239 D CompatChangeReporter: Compat change id reported: 297989574; UID 10387; state: ENABLED
08-21 12:21:33.006  2394  3485 W ProcessStats: Tracking association SourceState{c30b6fc com.google.android.gms/10216 Fgs #134060} whose proc state 3 is better than process ProcessState{80b803e com.android.vending/10246 pkg=com.android.vending} proc state 14 (46 skipped)
08-21 12:21:33.030  2394  2469 D addPss  : tracker=ProcessState{98a8e20 com.google.android.gms/10216 pkg=com.google.android.gms}
08-21 12:21:33.033  2394  2469 D addPss  : tracker=ProcessState{bc39483 com.google.android.gms.persistent/10216 pkg=com.google.android.gms}
08-21 12:21:33.041  2394  2469 D addPss  : tracker=ProcessState{80b803e com.android.vending/10246 pkg=com.android.vending}
08-21 12:21:33.139  2394  3153 D ActivityManager: freezing 16463 com.motorola.dynamicvolume, reason=moto_freezer, adj=915, adjType=cch-empty
08-21 12:21:33.234 29914 29914 W ResourcesManager: Found a null ResourcesImpl, skipped.
08-21 12:21:33.235 29914 29914 W ResourcesManager: Found a null ResourcesImpl, skipped.
08-21 12:21:33.235 29914 29914 W ResourcesManager: Found a null ResourcesImpl, skipped.
08-21 12:21:33.235 29914 29914 W ResourcesManager: Found a null ResourcesImpl, skipped.
08-21 12:21:33.235 29914 29914 W ResourcesManager: Found a null ResourcesImpl, skipped.
08-21 12:21:33.235 29914 29914 W ResourcesManager: Found a null ResourcesImpl, skipped.
08-21 12:21:33.235 29914 29914 W ResourcesManager: Found a null ResourcesImpl, skipped.
08-21 12:21:33.243 29914 29914 V ResourcesManager: The following library key has been added:com.google.android.webview, ResourcesKey{ mHash=6493a41b mResDir=null mSplitDirs=[] mOverlayDirs=[] mLibDirs=[/data/app/~~n-Wv5FcBXzAKcE18uDrMkw==/com.google.android.webview-zSgh-jITMWdQsj89OjfVrA==/base.apk,/data/app/~~tt4WopQUen8eB20U4K1qMw==/com.google.android.trichromelibrary_720417933-kInPkGFsLdzzEbrRc6aPVQ==/base.apk] mDisplayId=0 mOverrideConfig=v35 mCompatInfo={450dpi always-compat} mLoaders=[]}
08-21 12:21:33.305  2394  2469 W MotoBatteryCareService: uid: 10216 pkgName:com.google.android.gsf come to foreground
08-21 12:21:33.305  2394  2469 W MotoBatteryCareService: uid: 10216 pkgName:com.google.android.gms come to foreground
08-21 12:21:33.315  2394  2471 I ActivityManager: Start proc 16730:com.google.android.webview:sandboxed_process0:org.chromium.content.app.SandboxedProcessService0:0/u0i82 for  {com.google.android.gms/org.chromium.content.app.SandboxedProcessService0:0}
08-21 12:21:33.350  2394  3239 I ActivityManager: Flag disabled. Ignoring finishAttachApplication from uid: 99082. pid: 16730
08-21 12:21:33.364  2394  7641 D CompatChangeReporter: Compat change id reported: 319212206; UID 10216; state: ENABLED
08-21 12:21:33.652  2394  2743 D BatteryService: uevent={POWER_SUPPLY_VOLTAGE_NOW=4432000, POWER_SUPPLY_VBUS_PRESENT=true, POWER_SUPPLY_TYPE=Battery, POWER_SUPPLY_HEALTH=Good, POWER_SUPPLY_TECHNOLOGY=Li-poly, POWER_SUPPLY_SCOPE=100, POWER_SUPPLY_CHARGE_FULL_DESIGN=5355000, SEQNUM=20322, POWER_SUPPLY_STATUS=Charging, POWER_SUPPLY_CYCLE_COUNT=71, POWER_SUPPLY_CAPACITY=100, DEVPATH=/devices/platform/smart_battery/power_supply/battery, POWER_SUPPLY_ENERGY_EMPTY=0, POWER_SUPPLY_CHARGE_RATE=Normal, POWER_SUPPLY_CAPACITY_LEVEL=Full, POWER_SUPPLY_CURRENT_NOW=0, POWER_SUPPLY_PRESENT=1, POWER_SUPPLY_POWER_WATT=2, POWER_SUPPLY_CHARGE_FULL=5449000, SUBSYSTEM=power_supply, POWER_SUPPLY_VOLTAGE_OCV=4432000, POWER_SUPPLY_TEMP=339, ACTION=change, POWER_SUPPLY_AGE=100, POWER_SUPPLY_CHARGE_REAL_TYPE=1, POWER_SUPPLY_NAME=battery, POWER_SUPPLY_LPD_PRESENT=false, POWER_SUPPLY_CHARGE_COUNTER=5393000, POWER_SUPPLY_POWER_WATT_DESIGN=68}
08-21 12:21:33.661  3199  3732 D PowerUI : can't show warning due to - plugged: true status unknown: false
08-21 12:21:33.662  2394  2394 V UiModeManager: updateLocked: null action, mDockState=0, category=null
08-21 12:21:33.662  2394  2394 D UiModeManager: updateConfigurationLocked: mDockState=0; mCarMode=false; mNightMode=1; mNightModeCustomType=-1; uiMode=17
08-21 12:21:37.020  2394  3485 W ContextImpl: Calling a method in the system process without a qualified user: android.app.ContextImpl.sendBroadcastMultiplePermissions:1308 android.content.Context.sendBroadcastMultiplePermissions:2522 com.android.server.TelephonyRegistry.broadcastServiceStateChanged:3764 com.android.server.TelephonyRegistry.notifyServiceStateForPhoneId:1765 com.android.internal.telephony.ITelephonyRegistry$Stub.onTransact:562 
08-21 12:21:37.021  2394  3485 W ContextImpl: Calling a method in the system process without a qualified user: android.app.ContextImpl.sendBroadcastMultiplePermissions:1341 com.android.server.TelephonyRegistry.broadcastServiceStateChanged:3769 com.android.server.TelephonyRegistry.notifyServiceStateForPhoneId:1765 com.android.internal.telephony.ITelephonyRegistry$Stub.onTransact:562 android.os.Binder.execTransactInternal:1520 
08-21 12:21:37.021  2394  3485 W ContextImpl: Calling a method in the system process without a qualified user: android.app.ContextImpl.sendBroadcastMultiplePermissions:1341 com.android.server.TelephonyRegistry.broadcastServiceStateChanged:3778 com.android.server.TelephonyRegistry.notifyServiceStateForPhoneId:1765 com.android.internal.telephony.ITelephonyRegistry$Stub.onTransact:562 android.os.Binder.execTransactInternal:1520 
08-21 12:21:37.022  2394  3485 W ContextImpl: Calling a method in the system process without a qualified user: android.app.ContextImpl.sendBroadcastMultiplePermissions:1341 com.android.server.TelephonyRegistry.broadcastServiceStateChanged:3784 com.android.server.TelephonyRegistry.notifyServiceStateForPhoneId:1765 com.android.internal.telephony.ITelephonyRegistry$Stub.onTransact:562 android.os.Binder.execTransactInternal:1520 
08-21 12:21:38.299  2394  3239 D CompatChangeReporter: Compat change id reported: 297989574; UID 10216; state: ENABLED
08-21 12:21:39.783  2394  2504 I DisplayPowerController2[0]: 08-21 12:21:39.782 - BrightnessEvent: disp=0, physDisp=local:4627039422300187648, displayState=ON, displayPolicy=BRIGHT, brt=0.1903563, initBrt=0.23432378, rcmdBrt=0.1903563, preBrt=0.23432378, lux=18.131216, preLux=41.625, brtNits=42.185112, hdrNits=NaN, initNits=59.07856, preNits=59.07856, rcmdNits=42.185112, sdrToHdrRatio=NaN, hdrBrightness=NaN, brt(%)=28%, brtInt=49, hbmPolicy=normal, hbmMax=0.6904468, hbmMode=off, rbcStrength=50, thrmMax=1.0, powerFactor=1.0, wasShortTermModelActive=false, flags=, reason=automatic, autoBrightness=true, strategy=InvalidBrightnessStrategy, autoBrightnessMode=default
08-21 12:21:39.785  2394  2457 D DisplayManagerService: Ignore redundant display event 0/4 to 10319/7238
08-21 12:21:39.785  2394  2457 D DisplayManagerService: Ignore redundant display event 0/4 to 10396/10356
08-21 12:21:39.785  2394  2457 D DisplayManagerService: Ignore redundant display event 0/4 to 10413/13366
08-21 12:21:39.785  2394  2394 I BrightnessSynchronizer: New Update: {[1560] 0.1903563(f), mUpdatedTypes=1, mConfirmedTypes=0, mTimeUpdated=0, mState=2}
08-21 12:21:39.785  2394  2394 I BrightnessSynchronizer: [1560] New Update 0.1903563(f) set brightness values:  49(i)
08-21 12:21:39.786  2394  2394 I BrightnessSynchronizer: Swallowing update of 49(i) by update: {[1560] 0.1903563(f), mUpdatedTypes=1, mConfirmedTypes=1, mTimeUpdated=47744253, mState=2}
08-21 12:21:39.786  2394  2394 I BrightnessSynchronizer: Completed Update: {[1560] 0.1903563(f), mUpdatedTypes=1, mConfirmedTypes=1, mTimeUpdated=47744253, mState=3}
08-21 12:21:41.067  2394  2457 I DisplayDeviceRepository: Display device changed: DisplayDeviceInfo{"Built-in Screen": uniqueId="local:4627039422300187648", 1220 x 2712, modeId 3, renderFrameRate 60.000004, defaultModeId 1, userPreferredModeId -1, supportedModes [{id=1, width=1220, height=2712, fps=120.00001, vsync=120.00001, synthetic=false, alternativeRefreshRates=[60.0, 90.0], supportedHdrTypes=[2, 3, 4]}, {id=2, width=1220, height=2712, fps=90.0, vsync=90.0, synthetic=false, alternativeRefreshRates=[60.0, 120.00001], supportedHdrTypes=[2, 3, 4]}, {id=3, width=1220, height=2712, fps=60.0, vsync=60.0, synthetic=false, alternativeRefreshRates=[90.0, 120.00001], supportedHdrTypes=[2, 3, 4]}], supportedReadyForModes [], colorMode 0, supportedColorModes [0, 7, 9], hdrCapabilities HdrCapabilities{mSupportedHdrTypes=[2, 3, 4], mMaxLuminance=500.0, mMaxAverageLuminance=500.0, mMinLuminance=0.0}, allmSupported false, gameContentTypeSupported false, density 450, 445.614 x 445.989 dpi, appVsyncOff 9800001, presDeadline 24600000, cutout DisplayCutout{insets=Rect(0, 128 - 0, 0) waterfall=Insets{left=0, top=0, right=0, bottom=0} boundingRect={Bounds=[Rect(0, 0 - 0, 0), Rect(565, 0 - 655, 128), Rect(0, 0 - 0, 0), Rect(0, 0 - 0, 0)]} cutoutPathParserInfo={CutoutPathParserInfo{displayWidth=1220 displayHeight=2712 physicalDisplayWidth=1220 physicalDisplayHeight=2712 density={2.8125} cutoutSpec={M -45,0 L 45,0 L 45,128 L -45,128 Z} rotation={0} scale={1.0} physicalPixelDisplaySizeRatio={1.0}}} sideOverrides={}}, touch INTERNAL, rotation 0, type INTERNAL, address {port=0, model=0x40368bd6e7ee6c}, deviceProductInfo DeviceProductInfo{name=MTKDEV, manufacturerPnpId=MTK, productId=35638, modelYear=null, manufactureDate=ManufactureDate{week=42, year=2021}, connectionToSinkType=0}, state ON, committedState ON, frameRateOverride , brightnessMinimum 0.0, brightnessMaximum 1.0, brightnessDefault 0.38188976, hdrSdrRatio 1.0, roundedCorners RoundedCorners{[RoundedCorner{position=TopLeft, radius=105, center=Point(105, 105)}, RoundedCorner{position=TopRight, radius=105, center=Point(1115, 105)}, RoundedCorner{position=BottomRight, radius=105, center=Point(1115, 2607)}, RoundedCorner{position=BottomLeft, radius=105, center=Point(105, 2607)}]}, FLAG_ALLOWED_TO_BE_DEFAULT_DISPLAY, FLAG_ROTATES_WITH_CONTENT, FLAG_SECURE, FLAG_SUPPORTS_PROTECTED_BUFFERS, FLAG_TRUSTED, installOrientation 0, displayShape DisplayShape{ spec=-1176361590 displayWidth=1220 displayHeight=2712 physicalPixelDisplaySizeRatio=1.0 rotation=0 offsetX=0 offsetY=0 scale=1.0}}
08-21 12:21:41.096  2394  2457 I DisplayDeviceRepository: Display device changed render timings: "Built-in Screen", renderFrameRate=90.0, presentationDeadlineNanos=16700000, appVsyncOffsetNanos=1033333
08-21 12:21:41.097  2394  2504 D BrightnessThermalClamper: Thermal status observer already started
08-21 12:21:41.138  2394  2736 W ActivityTaskManager: Background activity start for com.google.android.dialer allowed because SYSTEM_ALERT_WINDOW permission is granted.
08-21 12:21:41.138  2394  2736 D ActivityTaskManager: getPreferredLaunchDisplay userset_displayid true user set display id 0, current focus display 0
08-21 12:21:41.138  2394  2736 I SettingsAccessControlPolicy: isDeviceSettingsChangeDisabled: value -> false
08-21 12:21:41.139  2394  2736 W OptProp : Cannot read opt property android.window.PROPERTY_COMPAT_ALLOW_ORIENTATION_OVERRIDE
08-21 12:21:41.141  2394  2736 D ActivityTaskManager: getPreferredLaunchDisplay userset_displayid true user set display id 0, current focus display 0
08-21 12:21:41.141  2394  2736 D ActivityTaskManager: getPreferredLaunchDisplay userset_displayid true user set display id 0, current focus display 0
08-21 12:21:41.141  2394  2736 D ActivityTaskManager: getPreferredLaunchDisplay userset_displayid true user set display id 0, current focus display 0
08-21 12:21:41.141  2394  2736 D ActivityTaskManager: getPreferredLaunchDisplay userset_displayid true user set display id 0, current focus display 0
08-21 12:21:41.141  2394  2736 W OptProp : Cannot read opt property android.window.PROPERTY_COMPAT_ALLOW_MIN_ASPECT_RATIO_OVERRIDE
08-21 12:21:41.141  2394  2736 D ActivityTaskManager: getPreferredLaunchDisplay userset_displayid true user set display id 0, current focus display 0
08-21 12:21:41.141  2394  2736 D ActivityTaskManager: getPreferredLaunchDisplay userset_displayid true user set display id 0, current focus display 0
08-21 12:21:41.142  2394  2736 D ActivityTaskManager: sendShowDecorCaptionWindow Task is not organized Task{7efb285 #5192 type=undefined}
08-21 12:21:41.142  2394  2736 D ActivityTaskManager: sendShowDecorCaptionWindow Task is not organized Task{7efb285 #5192 type=undefined}
08-21 12:21:41.144  2394  2736 D ActivityTaskManager: getPreferredLaunchDisplay userset_displayid true user set display id 0, current focus display 0
08-21 12:21:41.145  2394  2736 D ActivityTaskManager: getPreferredLaunchDisplay userset_displayid true user set display id 0, current focus display 0
08-21 12:21:41.145  2394  2736 W OptProp : Cannot read opt property android.window.PROPERTY_COMPAT_ALLOW_RESIZEABLE_ACTIVITY_OVERRIDES
08-21 12:21:41.147  2394  2736 D PowerManagerService: nativeSetPowerMode ret:true mode:5 enabled:true duration ms: 1
08-21 12:21:41.149  2394  2736 I ActivityTaskManager: START u0 {act=com.android.dialer.incall.statusbarnotification.buttonintentANSWER flg=0x10040000 cmp=com.google.android.dialer/com.android.dialer.incall.activity.ui.InCallActivity (has extras)} with LAUNCH_SINGLE_TASK from uid 10205 (realCallingUid=10341) (PendingIntentRecord) (BAL_ALLOW_VISIBLE_WINDOW) result code=0
08-21 12:21:41.149  3199  3249 V WindowManagerShell: Transition requested (#962): android.os.BinderProxy@ba96bda TransitionRequestInfo { type = OPEN, triggerTask = TaskInfo{userId=0 taskId=5192 displayId=0 isRunning=true baseIntent=Intent { act=com.android.dialer.incall.statusbarnotification.buttonintentANSWER flg=0x108c0000 cmp=com.google.android.dialer/com.android.dialer.incall.activity.ui.InCallActivity } baseActivity=ComponentInfo{com.google.android.dialer/com.android.dialer.incall.activity.ui.InCallActivity} topActivity=ComponentInfo{com.google.android.dialer/com.android.dialer.incall.activity.ui.InCallActivity} origActivity=null realActivity=ComponentInfo{com.google.android.dialer/com.android.dialer.incall.activity.ui.InCallActivity} numActivities=1 lastActiveTime=121941601 supportsMultiWindow=true supportsGlobalFreeform=true resizeMode=2 isResizeable=true isAppLocked=false isShowDecorCaptionWindowRequest=false canKillAndRestart=false minWidth=-1 minHeight=-1 defaultMinSize=200 token=WCT{android.window.IWindowContainerToken$Stub$Proxy@a9b880b} topActivityType=1 pictureInPictureParams=null shouldDockBigOverlays=false launchIntoPipHostTaskId=-1 lastParentTaskIdBeforePip=-1 displayCutoutSafeInsets=Rect(0, 128 - 0, 0) topActivityInfo=ActivityInfo{b2e76e8 com.android.dialer.incall.activity.ui.InCallActivity} launchCookies=[] positionInParent=Point(0, 0) parentTaskId=-1 isFocused=false isVisible=false isVisibleRequested=false isSleeping=false locusId=null displayAreaFeatureId=1 isTopActivityTransparent=false appCompatTaskInfo=AppCompatTaskInfo { topActivityInSizeCompat=false topActivityEligibleForLetterboxEducation= falseisLetterboxEducationEnabled= false isLetterboxDoubleTapEnabled= false topActivityEligibleForUserAspectRatioButton= false topActivityBoundsLetterboxed= false isFromLetterboxDoubleTap= false topActivityLetterboxVerticalPosition= -1 topActivityLetterboxHorizontalPosition= -1 topActivityLetterboxWidth=1220 topActivityLetterboxHeight=2712 isUserFullscreenOverrideEnabled=false isSystemFullscreenOverrideEnabled=false cameraCompatTaskInfo=CameraCompatTaskInfo { cameraCompatControlState=hidden freeformCameraCompatMode=inactive}}}, pipTask = null, remoteTransition = null, displayChange = null, flags = 0, debugId = 962 }
08-21 12:21:41.153  2394  2469 D addPss  : tracker=ProcessState{b7243d3 com.google.android.dialer/10205 pkg=com.google.android.dialer}
08-21 12:21:41.155  2394  2736 I ActivityTaskManager: The Process com.google.android.dialer Already Exists in BG. So sending its PID: 15881
08-21 12:21:41.156  2394  2469 W MotoBatteryCareService: uid: 10205 pkgName:com.google.android.dialer come to foreground
08-21 12:21:41.176  2394  2746 W MotoBatteryCareService: isBatteryCareAllowedSelfStart restricted by mode.
08-21 12:21:41.176  2394  2746 D PackageManager: filterSelfStart: callingUid = 1000, targetUid = 10418, targetPackage = com.snapchat.android, type = 205, intent = Intent { flg=0x4 cmp=com.snapchat.android/androidx.work.impl.background.systemjob.SystemJobService }
08-21 12:21:41.176  2394  2746 W ActivityManager: Unable to start service Intent { flg=0x4 cmp=com.snapchat.android/androidx.work.impl.background.systemjob.SystemJobService } U=0: not found
08-21 12:21:41.176  2394  2746 W ActivityManager: Unbind failed: could not find connection for android.app.LoadedApk$ServiceDispatcher$InnerConnection@36c56f4
08-21 12:21:41.176  2394  2746 E JobScheduler.Concurrency: Error executing JobStatus{fdc4702 #u0a418/6391 com.snapchat.android/androidx.work.impl.background.systemjob.SystemJobService u=0 s=10418 READY}
08-21 12:21:41.177  2394  2469 D addPss  : tracker=ProcessState{4c458ff com.google.android.cellbroadcastreceiver/10371 pkg=com.google.android.cellbroadcastreceiver}
08-21 12:21:41.179  2394  2746 D ActivityManager: unfreezing ProcessRecord{e77ed63 6663:com.google.android.apps.photos/u0a278}, reason = unfreezeTemporarily, adj = 900, adjType = cch-empty, adjSource = null
08-21 12:21:41.180  2394  2746 D ActivityManager: sync unfroze 6663 com.google.android.apps.photos for 27
08-21 12:21:41.186  3199  6887 V WindowManagerShell: onTransitionReady(transaction=10282151765828)
08-21 12:21:41.186  3199  3249 V WindowManagerShell: onTransitionReady (#962) android.os.BinderProxy@ba96bda: {id=962 t=OPEN f=0x0 trk=0 r=[0@Point(0, 0)] c=[{WCT{android.window.IWindowContainerToken$Stub$Proxy@ba289fb} m=OPEN f=NONE pTaskId=-1 leash=Surface(name=Task=5192)/@0x415072c sb=Rect(0, 0 - 1220, 2712) eb=Rect(0, 0 - 1220, 2712) d=0 taskParent=-1},{WCT{android.window.IWindowContainerToken$Stub$Proxy@d616a18} m=TO_BACK f=NONE pTaskId=-1 leash=Surface(name=Task=5191)/@0xd2ba5f5 sb=Rect(0, 0 - 1220, 2712) eb=Rect(0, 0 - 1220, 2712) d=0 taskParent=-1}]}
08-21 12:21:41.186  3199  3249 V WindowManagerShell: Playing animation for (#962) android.os.BinderProxy@ba96bda@0
08-21 12:21:41.186  3199  3249 V WindowManagerShell:  try handler com.android.wm.shell.transition.DefaultMixedHandler@6ece40d
08-21 12:21:41.186  3199  3249 V WindowManagerShell:  try handler com.android.wm.shell.keyguard.KeyguardTransitionHandler@f673fc2
08-21 12:21:41.186  3199  3249 V WindowManagerShell:  try handler com.android.wm.shell.pip.PipTransition@66f71d3
08-21 12:21:41.186  3199  3249 V WindowManagerShell:  try handler com.android.wm.shell.activityembedding.ActivityEmbeddingController@e53f110
08-21 12:21:41.186  3199  3249 V WindowManagerShell:  try handler com.android.wm.shell.recents.RecentsTransitionHandler@f90b409
08-21 12:21:41.186  3199  3249 V ShellRecents: RecentsTransitionHandler.startAnimation: no controller found
08-21 12:21:41.186  3199  3249 V WindowManagerShell:  try handler com.android.wm.shell.splitscreen.StageCoordinator@f6d960e
08-21 12:21:41.186  3199  3249 V WindowManagerShell:  try handler com.android.wm.shell.transition.RemoteTransitionHandler@235582f
08-21 12:21:41.186  3199  3249 V WindowManagerShell: Transition doesn't have explicit remote, search filters for match for {id=962 t=OPEN f=0x0 trk=0 r=[0@Point(0, 0)] c=[{WCT{android.window.IWindowContainerToken$Stub$Proxy@ba289fb} m=OPEN f=NONE pTaskId=-1 leash=Surface(name=Task=5192)/@0x415072c sb=Rect(0, 0 - 1220, 2712) eb=Rect(0, 0 - 1220, 2712) d=0 taskParent=-1},{WCT{android.window.IWindowContainerToken$Stub$Proxy@d616a18} m=TO_BACK f=NONE pTaskId=-1 leash=Surface(name=Task=5191)/@0xd2ba5f5 sb=Rect(0, 0 - 1220, 2712) eb=Rect(0, 0 - 1220, 2712) d=0 taskParent=-1}]}
08-21 12:21:41.186  3199  3249 V WindowManagerShell:  Checking filter Pair{{types=[] flags=0x0] notFlags=0x100 checks=[{atype=home independent=true modes=[OPEN,TO_FRONT] flags=NONE mustBeTask=false order=TOP topActivity=ComponentInfo{com.motorola.launcher3/com.android.launcher3.uioverrides.QuickstepLauncher} launchCookie=null},{atype=standard independent=true modes=[CLOSE,TO_BACK] flags=NONE mustBeTask=false order=ANY topActivity=null launchCookie=null}]} RemoteTransition { remoteTransition = android.window.IRemoteTransition$Stub$Proxy@fd538dc, appThread = android.app.IApplicationThread$Stub$Proxy@b446de5, debugName = QuickstepLaunchHome }}
08-21 12:21:41.186  3199  3249 V WindowManagerShell:  Delegate animation for (#962) to null
08-21 12:21:41.186  3199  3249 V WindowManagerShell:  try handler com.android.wm.shell.transition.DefaultTransitionHandler@4ef0e3c
08-21 12:21:41.187  3199  3249 V WindowManagerShell: start default transition animation, info = {id=962 t=OPEN f=0x0 trk=0 r=[0@Point(0, 0)] c=[{WCT{android.window.IWindowContainerToken$Stub$Proxy@ba289fb} m=OPEN f=NONE pTaskId=-1 leash=Surface(name=Task=5192)/@0x415072c sb=Rect(0, 0 - 1220, 2712) eb=Rect(0, 0 - 1220, 2712) d=0 taskParent=-1},{WCT{android.window.IWindowContainerToken$Stub$Proxy@d616a18} m=TO_BACK f=NONE pTaskId=-1 leash=Surface(name=Task=5191)/@0xd2ba5f5 sb=Rect(0, 0 - 1220, 2712) eb=Rect(0, 0 - 1220, 2712) d=0 taskParent=-1}]}
08-21 12:21:41.187  3199  3249 V WindowManagerShell: loadAnimation: anim=android.view.animation.AnimationSet@485cad7 animAttr=0x9 type=OPEN isEntrance=false
08-21 12:21:41.199  3199  3249 V WindowManagerShell: loadAnimation: anim=android.view.animation.AnimationSet@ffe935c animAttr=0x8 type=OPEN isEntrance=true
08-21 12:21:41.199  2394  3243 W UserManagerService: Requested status bar icon for non-badged user 0
08-21 12:21:41.200  2394  2454 V WindowManager: Sent Transition (#962) createdAt=08-21 12:21:41.141 via request=TransitionRequestInfo { type = OPEN, triggerTask = TaskInfo{userId=0 taskId=5192 displayId=0 isRunning=true baseIntent=Intent { act=com.android.dialer.incall.statusbarnotification.buttonintentANSWER flg=0x108c0000 cmp=com.google.android.dialer/com.android.dialer.incall.activity.ui.InCallActivity } baseActivity=ComponentInfo{com.google.android.dialer/com.android.dialer.incall.activity.ui.InCallActivity} topActivity=ComponentInfo{com.google.android.dialer/com.android.dialer.incall.activity.ui.InCallActivity} origActivity=null realActivity=ComponentInfo{com.google.android.dialer/com.android.dialer.incall.activity.ui.InCallActivity} numActivities=1 lastActiveTime=121941601 supportsMultiWindow=true supportsGlobalFreeform=true resizeMode=2 isResizeable=true isAppLocked=false isShowDecorCaptionWindowRequest=false canKillAndRestart=true minWidth=-1 minHeight=-1 defaultMinSize=200 token=WCT{RemoteToken{b58cf9a Task{7efb285 #5192 type=standard A=10205:com.google.android.dialer}}} topActivityType=1 pictureInPictureParams=null shouldDockBigOverlays=false launchIntoPipHostTaskId=-1 lastParentTaskIdBeforePip=-1 displayCutoutSafeInsets=Rect(0, 128 - 0, 0) topActivityInfo=ActivityInfo{b9fe0a8 com.android.dialer.incall.activity.ui.InCallActivity} launchCookies=[] positionInParent=Point(0, 0) parentTaskId=-1 isFocused=false isVisible=false isVisibleRequested=false isSleeping=false locusId=null displayAreaFeatureId=1 isTopActivityTransparent=false appCompatTaskInfo=AppCompatTaskInfo { topActivityInSizeCompat=false topActivityEligibleForLetterboxEducation= falseisLetterboxEducationEnabled= false isLetterboxDoubleTapEnabled= false topActivityEligibleForUserAspectRatioButton= false topActivityBoundsLetterboxed= false isFromLetterboxDoubleTap= false topActivityLetterboxVerticalPosition= -1 topActivityLetterboxHorizontalPosition= -1 topActivityLetterboxWidth=1220 topActivityLetterboxHeight=2712 isUserFullscreenOverrideEnabled=false isSystemFullscreenOverrideEnabled=false cameraCompatTaskInfo=CameraCompatTaskInfo { cameraCompatControlState=hidden freeformCameraCompatMode=inactive}}}, pipTask = null, remoteTransition = null, displayChange = null, flags = 0, debugId = 962 }
08-21 12:21:41.200  2394  2454 V WindowManager:     startWCT=WindowContainerTransaction { changes = {} hops = [] errorCallbackToken=null taskFragmentOrganizer=null }
08-21 12:21:41.202  3199  3249 V WindowManagerShell:  animated by com.android.wm.shell.transition.DefaultTransitionHandler@4ef0e3c
08-21 12:21:41.200  2394  2454 V WindowManager:     info={id=962 t=OPEN f=0x0 trk=0 r=[0@Point(0, 0)] c=[
08-21 12:21:41.200  2394  2454 V WindowManager:         {WCT{RemoteToken{b58cf9a Task{7efb285 #5192 type=standard A=10205:com.google.android.dialer}}} m=OPEN f=NONE pTaskId=-1 leash=Surface(name=Task=5192)/@0x4532978 sb=Rect(0, 0 - 1220, 2712) eb=Rect(0, 0 - 1220, 2712) d=0 taskParent=-1},
08-21 12:21:41.200  2394  2454 V WindowManager:         {WCT{RemoteToken{f5731ce Task{f3560c2 #5191 type=standard A=10377:com.whatsapp}}} m=TO_BACK f=NONE pTaskId=-1 leash=Surface(name=Task=5191)/@0x7ffb6d0 sb=Rect(0, 0 - 1220, 2712) eb=Rect(0, 0 - 1220, 2712) d=0 taskParent=-1}
08-21 12:21:41.200  2394  2454 V WindowManager:     ]}
08-21 12:21:41.209  2394  2469 D addPss  : tracker=ProcessState{a110c69 com.truecaller/10387 pkg=com.truecaller}
08-21 12:21:41.220  2394  2470 D ActivityManager: unfreezing ProcessRecord{becd786 30829:com.motorola.dolby.dolbyui/u0a169}, reason = unfreezeTemporarily, adj = 935, adjType = cch-empty, adjSource = null
08-21 12:21:41.221  2394  2470 D ActivityManager: sync unfroze 30829 com.motorola.dolby.dolbyui for 3
08-21 12:21:41.223  2394  2469 D addPss  : tracker=ProcessState{a153631 com.google.android.webview:sandboxed_process0:org.chromium.content.app.SandboxedProcessService0:0/10387 pkg=com.truecaller}
08-21 12:21:41.232  2394  2469 D addPss  : tracker=ProcessState{e96d96d com.android.settings/1000 pkg=com.android.settings}
08-21 12:21:41.244  2394  3446 I Telecom : MotoCallsManager: holdActiveCallForNewCall, newCall: TC@5, activeCall: <none>: ICA.aC(cgad)@Mjs
08-21 12:21:41.246  2394  3703 I Telecom : ConnectionServiceFocusManager: handleRequestFocus req = com.android.server.telecom.ConnectionServiceFocusManager$FocusRequest@9fed5e4: ICA.aC->CSFM.rF(cgad)@Mjs
08-21 12:21:41.246  2394  3703 I Telecom : ConnectionServiceFocusManager: updateConnectionServiceFocus connSvr = [ConnectionServiceWrapper componentName=ComponentInfo{com.android.phone/com.android.services.telephony.TelephonyConnectionService}]: ICA.aC->CSFM.rF(cgad)@Mjs
08-21 12:21:41.246  2394  3703 I Telecom : ConnectionServiceFocusManager: updateConnectionServiceFocus connSvr = [ConnectionServiceWrapper componentName=ComponentInfo{com.android.phone/com.android.services.telephony.TelephonyConnectionService}]: ICA.aC->CSFM.rF(cgad)@Mjs
08-21 12:21:41.247  2394  3703 I Telecom : ConnectionServiceFocusManager: updateCurrentFocusCall [Call id=TC@5, state=RINGING, tpac=ComponentInfo{com.android.phone/com.android.services.telephony.TelephonyConnectionService}, 2, UserHandle{0}, cmgr=ComponentInfo{com.android.phone/com.android.services.telephony.TelephonyConnectionService}, 2, UserHandle{0}, handle=tel:*************, vidst=A, childs(0), has_parent(false), cap=[ sup_hld mut VTlrx VTltx VTlbi spd_aud], prop=[], voip=false, gthpst=1, vzwAudioData=[VzwAudioData : UserSelectedAudioMode : -1 AudioMode : -1]], mIsConference(false)]: ICA.aC->CSFM.rF(cgad)@Mjs
08-21 12:21:41.247  2394  3703 I Telecom : Logging.Events: Non-call EVENT: FLASH_NOTIFICATION_STOP, null: ICA.aC->CSFM.rF(cgad)@Mjs
08-21 12:21:41.248  2394  3703 I Telecom : Ringer: Stop local Ringing: ICA.aC->CSFM.rF(cgad)@Mjs
08-21 12:21:41.248  2394  3698 I Telecom : MotoCallAudioRouteStateMachine: Message received: MUTE_OFF=3002, arg1=0: ICA.aC->CSFM.rF->CARSM.pM_MUTE_OFF(cgad)@Mjs
08-21 12:21:41.248  2394  3698 I Telecom : CallAudioRouteStateMachine$ActiveEarpieceRoute: Processing message MUTE_OFF: ICA.aC->CSFM.rF->CARSM.pM_MUTE_OFF(cgad)@Mjs
08-21 12:21:41.248  2394  3698 I Telecom : Event: RecordEntry TC@5: UNMUTE, null: ICA.aC->CSFM.rF->CARSM.pM_MUTE_OFF(cgad)@Mjs
08-21 12:21:41.248  2394  3703 I Telecom : Event: RecordEntry TC@5: REQUEST_ACCEPT, null: ICA.aC->CSFM.rF(cgad)@Mjs
08-21 12:21:41.249  2394  3703 I Telecom : MotoCallsManager: setCallState RINGING -> ANSWERED, call: [Call id=TC@5, state=RINGING, tpac=ComponentInfo{com.android.phone/com.android.services.telephony.TelephonyConnectionService}, 2, UserHandle{0}, cmgr=ComponentInfo{com.android.phone/com.android.services.telephony.TelephonyConnectionService}, 2, UserHandle{0}, handle=tel:*************, vidst=A, childs(0), has_parent(false), cap=[ sup_hld mut VTlrx VTltx VTlbi spd_aud], prop=[], voip=false, gthpst=1, vzwAudioData=[VzwAudioData : UserSelectedAudioMode : -1 AudioMode : -1]], mIsConference(false)]: ICA.aC->CSFM.rF(cgad)@Mjs
08-21 12:21:41.249  2394  3703 I Telecom : Event: RecordEntry TC@5: SET_ANSWERED, answered: ICA.aC->CSFM.rF(cgad)@Mjs
08-21 12:21:41.250  2394  3703 I Telecom : InCallController: onCallStateChanged: Call state changed for TC@TC@5: RINGING -> ANSWERED: ICA.aC->CSFM.rF(cgad)@Mjs
08-21 12:21:41.250  2394  3703 I Telecom : InCallController: Sending updateCall [Call id=TC@5, state=ANSWERED, tpac=ComponentInfo{com.android.phone/com.android.services.telephony.TelephonyConnectionService}, 2, UserHandle{0}, cmgr=ComponentInfo{com.android.phone/com.android.services.telephony.TelephonyConnectionService}, 2, UserHandle{0}, handle=tel:*************, vidst=A, childs(0), has_parent(false), cap=[ sup_hld mut VTlrx VTltx VTlbi spd_aud], prop=[], voip=false, gthpst=1, vzwAudioData=[VzwAudioData : UserSelectedAudioMode : -1 AudioMode : -1]], mIsConference(false)]: ICA.aC->CSFM.rF(cgad)@Mjs
08-21 12:21:41.251  3407  3407 I TelecomFramework: TelephonyConnectionService: answerVideo TC@5_1: (ICA.aC->CSFM.rF)->CS.an->H.CS.an(cgad/cast)@E-Mjs
08-21 12:21:41.255  2394  3703 I Telecom : InCallController: Components updated: [ComponentInfo{com.motorola.sarcontrol/com.motorola.sarcontrol.SarInCallService}, ComponentInfo{com.google.android.dialer/com.android.incallui.InCallServiceImpl}, ComponentInfo{com.google.android.gms/com.google.android.gms.bankscamwarning.services.BankScamCallDetectionService}, ComponentInfo{com.motorola.bach.modemstats/com.motorola.bach.modemstats.call.MPhoneInCallService}]: ICA.aC->CSFM.rF(cgad)@Mjs
08-21 12:21:41.258  2394  3703 I Telecom : TelecomWakeLock: WakeLock already acquired for id: 26: ICA.aC->CSFM.rF(cgad)@Mjs
08-21 12:21:41.258  2394  3703 I Telecom : InCallWakeLockController: Acquiring full wake lock: ICA.aC->CSFM.rF(cgad)@Mjs
08-21 12:21:41.263  2394  3703 I Telecom : MotoCallAudioManager: onCallStateChanged: Call state changed for TC@TC@5: RINGING -> ANSWERED: ICA.aC->CSFM.rF(cgad)@Mjs
08-21 12:21:41.265  2394  3703 I Telecom : MotoCallAudioManager: updateForegroundCall; oldFg=TC@5, newFg=TC@5, aDC=TC@5, ring=, hold=: ICA.aC->CSFM.rF(cgad)@Mjs
08-21 12:21:41.266  2394  3701 I Telecom : CallAudioModeStateMachine: Message received: NO_MORE_RINGING_CALLS.: ICA.aC->CSFM.rF->CAMSM.pM_1002(cgad)@Mjs
08-21 12:21:41.267  2394  3703 I Telecom : CallAnomalyWatchdog: onCallStateChanged: call=[Call id=TC@5, state=ANSWERED, tpac=ComponentInfo{com.android.phone/com.android.services.telephony.TelephonyConnectionService}, 2, UserHandle{0}, cmgr=ComponentInfo{com.android.phone/com.android.services.telephony.TelephonyConnectionService}, 2, UserHandle{0}, handle=tel:*************, vidst=A, childs(0), has_parent(false), cap=[ sup_hld mut VTlrx VTltx VTlbi spd_aud], prop=[], voip=false, gthpst=1, vzwAudioData=[VzwAudioData : UserSelectedAudioMode : -1 AudioMode : -1]], mIsConference(false)]: ICA.aC->CSFM.rF(cgad)@Mjs
08-21 12:21:41.267  2394  3703 I Telecom : CallAnomalyWatchdog: maybePostCleanupTask; callId=TC@5, state=ANSWERED, createConnComplete=true: ICA.aC->CSFM.rF(cgad)@Mjs
08-21 12:21:41.275  2394  3703 I Telecom : IncomingCallNotifier: updateIncomingCall: foundIncomingcall = null: ICA.aC->CSFM.rF(cgad)@Mjs
08-21 12:21:41.275  2394  3701 I Telecom : Logging.Events: Non-call EVENT: FLASH_NOTIFICATION_STOP, null: ICA.aC->CSFM.rF->CAMSM.pM_1002(cgad)@Mjs
08-21 12:21:41.275  2394  3701 I Telecom : Ringer: Stop local Ringing: ICA.aC->CSFM.rF->CAMSM.pM_1002(cgad)@Mjs
08-21 12:21:41.275  2394  3701 I Telecom : CallAudioModeStateMachine: Audio focus entering SIM CALL state: ICA.aC->CSFM.rF->CAMSM.pM_1002(cgad)@Mjs
08-21 12:21:41.277  2394  3701 I Telecom : CallAudioModeStateMachine: Message received: NEW_ACTIVE_OR_DIALING_CALL.: ICA.aC->CSFM.rF->CAMSM.pM_2001(cgad)@Mjs
